[1.279s] Invoking command in '/home/jet/IRC/IRC-STEP/IRC_vision_latest/build/mission_control': AMENT_PREFIX_PATH=/home/jet/IRC/IRC-STEP/IRC_vision_latest/install/step:/home/jet/IRC/IRC-STEP/IRC_vision_latest/install/irc_step_motion_executor:${AMENT_PREFIX_PATH} CMAKE_PREFIX_PATH=/home/jet/IRC/IRC-STEP/IRC_vision_latest/install/irc_step_motion_executor LD_LIBRARY_PATH=/home/jet/IRC/IRC-STEP/IRC_vision_latest/install/irc_step_motion_executor/lib:${LD_LIBRARY_PATH} PYTHONPATH=/home/jet/IRC/IRC-STEP/IRC_vision_latest/build/mission_control/prefix_override:/usr/lib/python3/dist-packages/colcon_core/task/python/colcon_distutils_commands:/home/jet/IRC/IRC-STEP/IRC_vision_latest/install/mission_control/lib/python3.10/site-packages:/home/jet/IRC/IRC-STEP/IRC_vision_latest/build/step:/home/jet/IRC/IRC-STEP/IRC_vision_latest/install/step/lib/python3.10/site-packages:${PYTHONPATH} /usr/bin/python3 -W ignore:setup.py install is deprecated -W ignore:easy_install command is deprecated setup.py develop --editable --build-directory /home/jet/IRC/IRC-STEP/IRC_vision_latest/build/mission_control/build --no-deps symlink_data
[1.834s] running develop
[2.168s] running egg_info
[2.168s] writing mission_control.egg-info/PKG-INFO
[2.169s] writing dependency_links to mission_control.egg-info/dependency_links.txt
[2.169s] writing entry points to mission_control.egg-info/entry_points.txt
[2.169s] writing requirements to mission_control.egg-info/requires.txt
[2.170s] writing top-level names to mission_control.egg-info/top_level.txt
[2.173s] reading manifest file 'mission_control.egg-info/SOURCES.txt'
[2.175s] writing manifest file 'mission_control.egg-info/SOURCES.txt'
[2.178s] running build_ext
[2.179s] Creating /home/jet/IRC/IRC-STEP/IRC_vision_latest/install/mission_control/lib/python3.10/site-packages/mission-control.egg-link (link to .)
[2.181s] Installing legacy_motion_executor_adapter script to /home/jet/IRC/IRC-STEP/IRC_vision_latest/install/mission_control/lib/mission_control
[2.181s] Installing legacy_motion_status_adapter script to /home/jet/IRC/IRC-STEP/IRC_vision_latest/install/mission_control/lib/mission_control
[2.182s] Installing mock_mission_input_node script to /home/jet/IRC/IRC-STEP/IRC_vision_latest/install/mission_control/lib/mission_control
[2.182s] Installing motion_command_bridge_node script to /home/jet/IRC/IRC-STEP/IRC_vision_latest/install/mission_control/lib/mission_control
[2.182s] Installing motion_decision_node script to /home/jet/IRC/IRC-STEP/IRC_vision_latest/install/mission_control/lib/mission_control
[2.183s] Installing motion_executor_node script to /home/jet/IRC/IRC-STEP/IRC_vision_latest/install/mission_control/lib/mission_control
[2.183s] Installing sdk_motion_stub_node script to /home/jet/IRC/IRC-STEP/IRC_vision_latest/install/mission_control/lib/mission_control
[2.184s] 
[2.184s] Installed /home/jet/IRC/IRC-STEP/IRC_vision_latest/build/mission_control
[2.184s] running symlink_data
[2.264s] Invoked command in '/home/jet/IRC/IRC-STEP/IRC_vision_latest/build/mission_control' returned '0': AMENT_PREFIX_PATH=/home/jet/IRC/IRC-STEP/IRC_vision_latest/install/step:/home/jet/IRC/IRC-STEP/IRC_vision_latest/install/irc_step_motion_executor:${AMENT_PREFIX_PATH} CMAKE_PREFIX_PATH=/home/jet/IRC/IRC-STEP/IRC_vision_latest/install/irc_step_motion_executor LD_LIBRARY_PATH=/home/jet/IRC/IRC-STEP/IRC_vision_latest/install/irc_step_motion_executor/lib:${LD_LIBRARY_PATH} PYTHONPATH=/home/jet/IRC/IRC-STEP/IRC_vision_latest/build/mission_control/prefix_override:/usr/lib/python3/dist-packages/colcon_core/task/python/colcon_distutils_commands:/home/jet/IRC/IRC-STEP/IRC_vision_latest/install/mission_control/lib/python3.10/site-packages:/home/jet/IRC/IRC-STEP/IRC_vision_latest/build/step:/home/jet/IRC/IRC-STEP/IRC_vision_latest/install/step/lib/python3.10/site-packages:${PYTHONPATH} /usr/bin/python3 -W ignore:setup.py install is deprecated -W ignore:easy_install command is deprecated setup.py develop --editable --build-directory /home/jet/IRC/IRC-STEP/IRC_vision_latest/build/mission_control/build --no-deps symlink_data
