[1.132s] Invoking command in '/home/jet/IRC/IRC-STEP/IRC_vision_latest/build/step': PYTHONPATH=/home/jet/IRC/IRC-STEP/IRC_vision_latest/build/step/prefix_override:/usr/lib/python3/dist-packages/colcon_core/task/python/colcon_distutils_commands:/home/jet/IRC/IRC-STEP/IRC_vision_latest/install/step/lib/python3.10/site-packages:${PYTHONPATH} /usr/bin/python3 -W ignore:setup.py install is deprecated -W ignore:easy_install command is deprecated setup.py develop --editable --build-directory /home/jet/IRC/IRC-STEP/IRC_vision_latest/build/step/build --no-deps symlink_data
[1.610s] running develop
[1.911s] running egg_info
[1.911s] creating step.egg-info
[1.911s] writing step.egg-info/PKG-INFO
[1.912s] writing dependency_links to step.egg-info/dependency_links.txt
[1.912s] writing entry points to step.egg-info/entry_points.txt
[1.912s] writing requirements to step.egg-info/requires.txt
[1.913s] writing top-level names to step.egg-info/top_level.txt
[1.913s] writing manifest file 'step.egg-info/SOURCES.txt'
[1.916s] reading manifest file 'step.egg-info/SOURCES.txt'
[1.918s] writing manifest file 'step.egg-info/SOURCES.txt'
[1.920s] running build_ext
[1.920s] Creating /home/jet/IRC/IRC-STEP/IRC_vision_latest/install/step/lib/python3.10/site-packages/step.egg-link (link to .)
[1.922s] Installing ball_analyzer script to /home/jet/IRC/IRC-STEP/IRC_vision_latest/install/step/lib/step
[1.922s] Installing ball_navigation_controller script to /home/jet/IRC/IRC-STEP/IRC_vision_latest/install/step/lib/step
[1.923s] Installing goal_analyzer script to /home/jet/IRC/IRC-STEP/IRC_vision_latest/install/step/lib/step
[1.923s] Installing goal_navigation_controller script to /home/jet/IRC/IRC-STEP/IRC_vision_latest/install/step/lib/step
[1.923s] Installing hurdle_analyzer script to /home/jet/IRC/IRC-STEP/IRC_vision_latest/install/step/lib/step
[1.923s] Installing hurdle_navigation_controller script to /home/jet/IRC/IRC-STEP/IRC_vision_latest/install/step/lib/step
[1.924s] Installing imu_line_pose_estimator script to /home/jet/IRC/IRC-STEP/IRC_vision_latest/install/step/lib/step
[1.924s] Installing line_debug_monitor script to /home/jet/IRC/IRC-STEP/IRC_vision_latest/install/step/lib/step
[1.924s] Installing line_navigation_controller script to /home/jet/IRC/IRC-STEP/IRC_vision_latest/install/step/lib/step
[1.924s] Installing line_path_visualizer script to /home/jet/IRC/IRC-STEP/IRC_vision_latest/install/step/lib/step
[1.924s] Installing mission_map_visualizer script to /home/jet/IRC/IRC-STEP/IRC_vision_latest/install/step/lib/step
[1.924s] Installing mission_state_estimator script to /home/jet/IRC/IRC-STEP/IRC_vision_latest/install/step/lib/step
[1.925s] Installing rgbd_visual_odometry script to /home/jet/IRC/IRC-STEP/IRC_vision_latest/install/step/lib/step
[1.925s] Installing step_motion_pose_test script to /home/jet/IRC/IRC-STEP/IRC_vision_latest/install/step/lib/step
[1.925s] Installing unified_vision_node script to /home/jet/IRC/IRC-STEP/IRC_vision_latest/install/step/lib/step
[1.925s] Installing yolo26_detector script to /home/jet/IRC/IRC-STEP/IRC_vision_latest/install/step/lib/step
[1.925s] Installing yolo_line_analyzer script to /home/jet/IRC/IRC-STEP/IRC_vision_latest/install/step/lib/step
[1.926s] 
[1.926s] Installed /home/jet/IRC/IRC-STEP/IRC_vision_latest/build/step
[1.926s] running symlink_data
[1.926s] creating /home/jet/IRC/IRC-STEP/IRC_vision_latest/install/step/share/ament_index
[1.926s] creating /home/jet/IRC/IRC-STEP/IRC_vision_latest/install/step/share/ament_index/resource_index
[1.926s] creating /home/jet/IRC/IRC-STEP/IRC_vision_latest/install/step/share/ament_index/resource_index/packages
[1.926s] symbolically linking /home/jet/IRC/IRC-STEP/IRC_vision_latest/build/step/resource/step -> /home/jet/IRC/IRC-STEP/IRC_vision_latest/install/step/share/ament_index/resource_index/packages
[1.926s] symbolically linking /home/jet/IRC/IRC-STEP/IRC_vision_latest/build/step/package.xml -> /home/jet/IRC/IRC-STEP/IRC_vision_latest/install/step/share/step
[1.927s] creating /home/jet/IRC/IRC-STEP/IRC_vision_latest/install/step/share/step/models
[1.927s] symbolically linking /home/jet/IRC/IRC-STEP/IRC_vision_latest/build/step/models/best.onnx -> /home/jet/IRC/IRC-STEP/IRC_vision_latest/install/step/share/step/models
[2.001s] Invoked command in '/home/jet/IRC/IRC-STEP/IRC_vision_latest/build/step' returned '0': PYTHONPATH=/home/jet/IRC/IRC-STEP/IRC_vision_latest/build/step/prefix_override:/usr/lib/python3/dist-packages/colcon_core/task/python/colcon_distutils_commands:/home/jet/IRC/IRC-STEP/IRC_vision_latest/install/step/lib/python3.10/site-packages:${PYTHONPATH} /usr/bin/python3 -W ignore:setup.py install is deprecated -W ignore:easy_install command is deprecated setup.py develop --editable --build-directory /home/jet/IRC/IRC-STEP/IRC_vision_latest/build/step/build --no-deps symlink_data
