-- Found ament_cmake: 1.3.14 (/opt/ros/humble/share/ament_cmake/cmake)
-- Override CMake install command with custom implementation using symlinks instead of copying resources
-- Found ament_index_cpp: 1.4.1 (/opt/ros/humble/share/ament_index_cpp/cmake)
-- Found rclcpp: 16.0.19 (/opt/ros/humble/share/rclcpp/cmake)
-- Found rosidl_generator_c: 3.1.8 (/opt/ros/humble/share/rosidl_generator_c/cmake)
-- Found rosidl_adapter: 3.1.8 (/opt/ros/humble/share/rosidl_adapter/cmake)
-- Found rosidl_generator_cpp: 3.1.8 (/opt/ros/humble/share/rosidl_generator_cpp/cmake)
-- Using all available rosidl_typesupport_c: rosidl_typesupport_fastrtps_c;rosidl_typesupport_introspection_c
-- Using all available rosidl_typesupport_cpp: rosidl_typesupport_fastrtps_cpp;rosidl_typesupport_introspection_cpp
-- Found rmw_implementation_cmake: 6.1.2 (/opt/ros/humble/share/rmw_implementation_cmake/cmake)
-- Found rmw_fastrtps_cpp: 6.2.10 (/opt/ros/humble/share/rmw_fastrtps_cpp/cmake)
-- Using RMW implementation 'rmw_fastrtps_cpp' as default
-- Found yaml_cpp_vendor: 8.0.2 (/opt/ros/humble/share/yaml_cpp_vendor/cmake)
-- SDK inclusion enabled; no SDK backend is instantiated by this package
-- Found ament_cmake_gtest: 1.3.14 (/opt/ros/humble/share/ament_cmake_gtest/cmake)
-- Found gtest sources under '/opt/ros/humble/src/gtest_vendor': C++ tests using 'Google Test' will be built
-- Found launch_testing_ament_cmake: 1.0.14 (/opt/ros/humble/share/launch_testing_ament_cmake/cmake)
-- Found python_cmake_module: 0.10.0 (/opt/ros/humble/share/python_cmake_module/cmake)
-- Using PYTHON_EXECUTABLE: /usr/bin/python3
-- Using PYTHON_INCLUDE_DIRS: /usr/include/python3.10
-- Using PYTHON_LIBRARIES: /usr/lib/aarch64-linux-gnu/libpython3.10.so
-- Configuring done
-- Generating done
-- Build files have been written to: /home/jet/IRC/IRC-STEP/IRC_vision_latest/build/irc_step_motion_executor
[35m[1mConsolidate compiler generated dependencies of target robot_motion_runtime_config[0m
[35m[1mConsolidate compiler generated dependencies of target gtest[0m
[35m[1mConsolidate compiler generated dependencies of target motion_core[0m
[35m[1mConsolidate compiler generated dependencies of target catalog_only_core[0m
[35m[1mConsolidate compiler generated dependencies of target gtest_main[0m
[ 10%] Built target motion_core
[ 10%] Built target robot_motion_runtime_config
[ 10%] Built target catalog_only_core
[ 14%] Built target gtest_main
[ 17%] Built target gtest
[35m[1mConsolidate compiler generated dependencies of target motion_player_core[0m
[35m[1mConsolidate compiler generated dependencies of target sdk_executor_core[0m
[35m[1mConsolidate compiler generated dependencies of target test_catalog_only_core[0m
[35m[1mConsolidate compiler generated dependencies of target catalog_only_node[0m
[35m[1mConsolidate compiler generated dependencies of target test_motion_json_catalog[0m
[35m[1mConsolidate compiler generated dependencies of target test_robot_motion_runtime_config[0m
[ 20%] Built target sdk_executor_core
[ 21%] [32mBuilding CXX object robot_motion_sdk/CMakeFiles/motion_player_core.dir/robot_motion_player.cpp.o[0m
[ 25%] Built target test_catalog_only_core
[ 28%] Built target test_motion_json_catalog
[ 31%] Built target test_robot_motion_runtime_config
[ 34%] Built target catalog_only_node
[35m[1mConsolidate compiler generated dependencies of target test_robot_motion_parameter_types[0m
[35m[1mConsolidate compiler generated dependencies of target simulated_motion_backend[0m
[35m[1mConsolidate compiler generated dependencies of target test_sdk_executor_core[0m
[35m[1mConsolidate compiler generated dependencies of target sdk_executor_driver[0m
[ 42%] Built target test_robot_motion_parameter_types
[ 42%] Built target test_sdk_executor_core
[ 43%] Built target simulated_motion_backend
[ 45%] [32mBuilding CXX object CMakeFiles/sdk_executor_driver.dir/src/sdk_executor_driver.cpp.o[0m
[ 46%] [32mBuilding CXX object CMakeFiles/sdk_executor_driver.dir/src/startup_pose_gate.cpp.o[0m
[ 48%] [32mBuilding CXX object CMakeFiles/sdk_executor_driver.dir/src/startup_pose_catalog.cpp.o[0m
[35m[1mConsolidate compiler generated dependencies of target motion_backend_factory[0m
[35m[1mConsolidate compiler generated dependencies of target test_simulated_motion_backend[0m
[ 50%] [32mBuilding CXX object CMakeFiles/motion_backend_factory.dir/src/motion_backend_factory.cpp.o[0m
[ 53%] Built target test_simulated_motion_backend
[ 54%] [32m[1mLinking CXX static library libmotion_backend_factory.a[0m
[ 54%] Built target motion_backend_factory
[35m[1mConsolidate compiler generated dependencies of target test_motion_backend_factory[0m
[ 56%] [32mBuilding CXX object CMakeFiles/test_motion_backend_factory.dir/test/test_motion_backend_factory.cpp.o[0m
[ 57%] [32m[1mLinking CXX static library libsdk_executor_driver.a[0m
[ 57%] Built target sdk_executor_driver
[35m[1mConsolidate compiler generated dependencies of target test_sdk_executor_driver[0m
[35m[1mConsolidate compiler generated dependencies of target test_startup_pose_catalog[0m
[35m[1mConsolidate compiler generated dependencies of target test_startup_pose_gate[0m
[ 59%] [32mBuilding CXX object CMakeFiles/test_sdk_executor_driver.dir/test/test_sdk_executor_driver.cpp.o[0m
[ 60%] [32mBuilding CXX object CMakeFiles/test_startup_pose_gate.dir/test/test_startup_pose_gate.cpp.o[0m
[ 62%] [32mBuilding CXX object CMakeFiles/test_startup_pose_catalog.dir/test/test_startup_pose_catalog.cpp.o[0m
[ 64%] [32m[1mLinking CXX executable test_motion_backend_factory[0m
[ 65%] [32m[1mLinking CXX executable test_startup_pose_gate[0m
[ 67%] [32m[1mLinking CXX static library libmotion_player_core.a[0m
[ 68%] [32m[1mLinking CXX executable test_startup_pose_catalog[0m
[ 68%] Built target motion_player_core
[35m[1mConsolidate compiler generated dependencies of target robot_control[0m
[ 71%] [32mBuilding CXX object robot_motion_sdk/CMakeFiles/robot_control.dir/dynamixel_motion_hardware.cpp.o[0m
[ 71%] [32mBuilding CXX object robot_motion_sdk/CMakeFiles/robot_control.dir/robot_motion_player_dynamixel.cpp.o[0m
[ 71%] Built target test_motion_backend_factory
[ 73%] [32m[1mLinking CXX executable test_sdk_executor_driver[0m
[ 75%] [32mBuilding CXX object robot_motion_sdk/CMakeFiles/robot_control.dir/step_dynamixel.cpp.o[0m
[ 75%] Built target test_startup_pose_gate
[ 76%] [32mBuilding CXX object robot_motion_sdk/CMakeFiles/robot_control.dir/dynamixel_controller.cpp.o[0m
[ 76%] Built target test_startup_pose_catalog
[ 76%] Built target test_sdk_executor_driver
[ 78%] [32m[1mLinking CXX static library librobot_control.a[0m
[ 78%] Built target robot_control
[35m[1mConsolidate compiler generated dependencies of target irc_step_motion_sdk_compile_probe[0m
[35m[1mConsolidate compiler generated dependencies of target robot_motion_player_backend[0m
[ 81%] [32mBuilding CXX object CMakeFiles/robot_motion_player_backend.dir/src/robot_motion_player_backend.cpp.o[0m
[ 81%] [32mBuilding CXX object CMakeFiles/irc_step_motion_sdk_compile_probe.dir/src/sdk_compile_probe.cpp.o[0m
[ 82%] [32m[1mLinking CXX shared library libirc_step_motion_sdk_compile_probe.so[0m
[ 82%] Built target irc_step_motion_sdk_compile_probe
[ 84%] [32m[1mLinking CXX static library librobot_motion_player_backend.a[0m
[ 84%] Built target robot_motion_player_backend
[35m[1mConsolidate compiler generated dependencies of target test_robot_motion_player_backend[0m
[35m[1mConsolidate compiler generated dependencies of target production_robot_motion_runtime_factory[0m
[ 85%] [32mBuilding CXX object CMakeFiles/test_robot_motion_player_backend.dir/test/test_robot_motion_player_backend.cpp.o[0m
[ 87%] [32mBuilding CXX object CMakeFiles/production_robot_motion_runtime_factory.dir/src/production_robot_motion_runtime_factory.cpp.o[0m
[ 89%] [32m[1mLinking CXX executable test_robot_motion_player_backend[0m
[ 89%] Built target test_robot_motion_player_backend
[ 90%] [32m[1mLinking CXX static library libproduction_robot_motion_runtime_factory.a[0m
[ 90%] Built target production_robot_motion_runtime_factory
[35m[1mConsolidate compiler generated dependencies of target sdk_hardware_preflight_core[0m
[35m[1mConsolidate compiler generated dependencies of target sdk_motion_executor[0m
[ 92%] [32mBuilding CXX object CMakeFiles/sdk_hardware_preflight_core.dir/src/sdk_hardware_preflight_core.cpp.o[0m
[ 93%] [32mBuilding CXX object CMakeFiles/sdk_motion_executor.dir/src/sdk_executor_node.cpp.o[0m
[ 95%] [32m[1mLinking CXX static library libsdk_hardware_preflight_core.a[0m
[ 95%] Built target sdk_hardware_preflight_core
[35m[1mConsolidate compiler generated dependencies of target sdk_hardware_preflight[0m
[ 96%] [32mBuilding CXX object CMakeFiles/sdk_hardware_preflight.dir/src/sdk_hardware_preflight.cpp.o[0m
[ 98%] [32m[1mLinking CXX executable sdk_hardware_preflight[0m
[ 98%] Built target sdk_hardware_preflight
[100%] [32m[1mLinking CXX executable sdk_motion_executor[0m
[100%] Built target sdk_motion_executor
-- Install configuration: ""
-- Execute custom install script
-- Up-to-date symlink: /home/jet/IRC/IRC-STEP/IRC_vision_latest/install/irc_step_motion_executor/lib/librobot_motion_player_backend.a
-- Up-to-date symlink: /home/jet/IRC/IRC-STEP/IRC_vision_latest/install/irc_step_motion_executor/lib/libproduction_robot_motion_runtime_factory.a
-- Up-to-date symlink: /home/jet/IRC/IRC-STEP/IRC_vision_latest/install/irc_step_motion_executor/lib/libsdk_hardware_preflight_core.a
-- Up-to-date symlink: /home/jet/IRC/IRC-STEP/IRC_vision_latest/install/irc_step_motion_executor/lib/irc_step_motion_executor/sdk_hardware_preflight
-- Up-to-date symlink: /home/jet/IRC/IRC-STEP/IRC_vision_latest/install/irc_step_motion_executor/lib/libcatalog_only_core.a
-- Up-to-date symlink: /home/jet/IRC/IRC-STEP/IRC_vision_latest/install/irc_step_motion_executor/lib/libsdk_executor_core.a
-- Up-to-date symlink: /home/jet/IRC/IRC-STEP/IRC_vision_latest/install/irc_step_motion_executor/lib/libsimulated_motion_backend.a
-- Up-to-date symlink: /home/jet/IRC/IRC-STEP/IRC_vision_latest/install/irc_step_motion_executor/lib/librobot_motion_runtime_config.a
-- Up-to-date symlink: /home/jet/IRC/IRC-STEP/IRC_vision_latest/install/irc_step_motion_executor/lib/libmotion_backend_factory.a
-- Up-to-date symlink: /home/jet/IRC/IRC-STEP/IRC_vision_latest/install/irc_step_motion_executor/lib/libsdk_executor_driver.a
-- Up-to-date symlink: /home/jet/IRC/IRC-STEP/IRC_vision_latest/install/irc_step_motion_executor/lib/irc_step_motion_executor/catalog_only_node
-- Up-to-date symlink: /home/jet/IRC/IRC-STEP/IRC_vision_latest/install/irc_step_motion_executor/lib/irc_step_motion_executor/sdk_motion_executor
-- Up-to-date symlink: /home/jet/IRC/IRC-STEP/IRC_vision_latest/install/irc_step_motion_executor/include/irc_step_motion_executor/catalog_only_core.hpp
-- Up-to-date symlink: /home/jet/IRC/IRC-STEP/IRC_vision_latest/install/irc_step_motion_executor/include/irc_step_motion_executor/motion_backend.hpp
-- Up-to-date symlink: /home/jet/IRC/IRC-STEP/IRC_vision_latest/install/irc_step_motion_executor/include/irc_step_motion_executor/motion_backend_factory.hpp
-- Up-to-date symlink: /home/jet/IRC/IRC-STEP/IRC_vision_latest/install/irc_step_motion_executor/include/irc_step_motion_executor/robot_motion_player_backend.hpp
-- Up-to-date symlink: /home/jet/IRC/IRC-STEP/IRC_vision_latest/install/irc_step_motion_executor/include/irc_step_motion_executor/robot_motion_runtime_config.hpp
-- Up-to-date symlink: /home/jet/IRC/IRC-STEP/IRC_vision_latest/install/irc_step_motion_executor/include/irc_step_motion_executor/robot_motion_runtime_factory.hpp
-- Up-to-date symlink: /home/jet/IRC/IRC-STEP/IRC_vision_latest/install/irc_step_motion_executor/include/irc_step_motion_executor/sdk_executor_core.hpp
-- Up-to-date symlink: /home/jet/IRC/IRC-STEP/IRC_vision_latest/install/irc_step_motion_executor/include/irc_step_motion_executor/sdk_executor_driver.hpp
-- Up-to-date symlink: /home/jet/IRC/IRC-STEP/IRC_vision_latest/install/irc_step_motion_executor/include/irc_step_motion_executor/sdk_hardware_preflight_core.hpp
-- Up-to-date symlink: /home/jet/IRC/IRC-STEP/IRC_vision_latest/install/irc_step_motion_executor/include/irc_step_motion_executor/simulated_motion_backend.hpp
-- Up-to-date symlink: /home/jet/IRC/IRC-STEP/IRC_vision_latest/install/irc_step_motion_executor/include/irc_step_motion_executor/startup_pose_catalog.hpp
-- Up-to-date symlink: /home/jet/IRC/IRC-STEP/IRC_vision_latest/install/irc_step_motion_executor/include/irc_step_motion_executor/startup_pose_gate.hpp
-- Up-to-date symlink: /home/jet/IRC/IRC-STEP/IRC_vision_latest/install/irc_step_motion_executor/share/irc_step_motion_executor/config/motion_aliases.yaml
-- Up-to-date symlink: /home/jet/IRC/IRC-STEP/IRC_vision_latest/install/irc_step_motion_executor/share/irc_step_motion_executor/launch/catalog_only.launch.py
-- Up-to-date symlink: /home/jet/IRC/IRC-STEP/IRC_vision_latest/install/irc_step_motion_executor/share/irc_step_motion_executor/launch/sdk_executor_simulated.launch.py
-- Up-to-date symlink: /home/jet/IRC/IRC-STEP/IRC_vision_latest/install/irc_step_motion_executor/share/irc_step_motion_executor/launch/sdk_motion_test.launch.py
-- Up-to-date symlink: /home/jet/IRC/IRC-STEP/IRC_vision_latest/install/irc_step_motion_executor/lib/irc_step_motion_executor/manual_motion_request.py
-- Up-to-date symlink: /home/jet/IRC/IRC-STEP/IRC_vision_latest/install/irc_step_motion_executor/lib/irc_step_motion_executor/validate_motion_catalog.py
-- Up-to-date symlink: /home/jet/IRC/IRC-STEP/IRC_vision_latest/install/irc_step_motion_executor/share/irc_step_motion_executor/environment/library_path.sh
-- Up-to-date symlink: /home/jet/IRC/IRC-STEP/IRC_vision_latest/install/irc_step_motion_executor/share/irc_step_motion_executor/environment/library_path.dsv
-- Up-to-date symlink: /home/jet/IRC/IRC-STEP/IRC_vision_latest/install/irc_step_motion_executor/share/ament_index/resource_index/package_run_dependencies/irc_step_motion_executor
-- Up-to-date symlink: /home/jet/IRC/IRC-STEP/IRC_vision_latest/install/irc_step_motion_executor/share/ament_index/resource_index/parent_prefix_path/irc_step_motion_executor
-- Up-to-date symlink: /home/jet/IRC/IRC-STEP/IRC_vision_latest/install/irc_step_motion_executor/share/irc_step_motion_executor/environment/ament_prefix_path.sh
-- Up-to-date symlink: /home/jet/IRC/IRC-STEP/IRC_vision_latest/install/irc_step_motion_executor/share/irc_step_motion_executor/environment/ament_prefix_path.dsv
-- Up-to-date symlink: /home/jet/IRC/IRC-STEP/IRC_vision_latest/install/irc_step_motion_executor/share/irc_step_motion_executor/environment/path.sh
-- Up-to-date symlink: /home/jet/IRC/IRC-STEP/IRC_vision_latest/install/irc_step_motion_executor/share/irc_step_motion_executor/environment/path.dsv
-- Up-to-date symlink: /home/jet/IRC/IRC-STEP/IRC_vision_latest/install/irc_step_motion_executor/share/irc_step_motion_executor/local_setup.bash
-- Up-to-date symlink: /home/jet/IRC/IRC-STEP/IRC_vision_latest/install/irc_step_motion_executor/share/irc_step_motion_executor/local_setup.sh
-- Up-to-date symlink: /home/jet/IRC/IRC-STEP/IRC_vision_latest/install/irc_step_motion_executor/share/irc_step_motion_executor/local_setup.zsh
-- Up-to-date symlink: /home/jet/IRC/IRC-STEP/IRC_vision_latest/install/irc_step_motion_executor/share/irc_step_motion_executor/local_setup.dsv
-- Symlinking: /home/jet/IRC/IRC-STEP/IRC_vision_latest/install/irc_step_motion_executor/share/irc_step_motion_executor/package.dsv
-- Up-to-date symlink: /home/jet/IRC/IRC-STEP/IRC_vision_latest/install/irc_step_motion_executor/share/ament_index/resource_index/packages/irc_step_motion_executor
-- Up-to-date symlink: /home/jet/IRC/IRC-STEP/IRC_vision_latest/install/irc_step_motion_executor/share/irc_step_motion_executor/cmake/ament_cmake_export_include_directories-extras.cmake
-- Up-to-date symlink: /home/jet/IRC/IRC-STEP/IRC_vision_latest/install/irc_step_motion_executor/share/irc_step_motion_executor/cmake/ament_cmake_export_libraries-extras.cmake
-- Up-to-date symlink: /home/jet/IRC/IRC-STEP/IRC_vision_latest/install/irc_step_motion_executor/share/irc_step_motion_executor/cmake/irc_step_motion_executorConfig.cmake
-- Up-to-date symlink: /home/jet/IRC/IRC-STEP/IRC_vision_latest/install/irc_step_motion_executor/share/irc_step_motion_executor/cmake/irc_step_motion_executorConfig-version.cmake
-- Up-to-date symlink: /home/jet/IRC/IRC-STEP/IRC_vision_latest/install/irc_step_motion_executor/share/irc_step_motion_executor/package.xml
