[0.031s] Invoking command in '/home/jet/IRC/IRC-STEP/IRC_vision_latest/build/irc_step_motion_executor': CMAKE_PREFIX_PATH=${CMAKE_PREFIX_PATH}:/home/jet/IRC/IRC-STEP/IRC_vision_latest/install/mission_control:/home/jet/IRC/IRC-STEP/IRC_vision_latest/install/step:/opt/ros/humble /usr/bin/cmake /home/jet/IRC/IRC-STEP/IRC_vision_latest/src/irc_step_motion_executor -DCMAKE_INSTALL_PREFIX=/home/jet/IRC/IRC-STEP/IRC_vision_latest/install/irc_step_motion_executor
[0.074s] -- Found ament_cmake: 1.3.14 (/opt/ros/humble/share/ament_cmake/cmake)
[0.319s] -- Override CMake install command with custom implementation using symlinks instead of copying resources
[0.383s] -- Found ament_index_cpp: 1.4.1 (/opt/ros/humble/share/ament_index_cpp/cmake)
[0.394s] -- Found rclcpp: 16.0.19 (/opt/ros/humble/share/rclcpp/cmake)
[0.480s] -- Found rosidl_generator_c: 3.1.8 (/opt/ros/humble/share/rosidl_generator_c/cmake)
[0.486s] -- Found rosidl_adapter: 3.1.8 (/opt/ros/humble/share/rosidl_adapter/cmake)
[0.499s] -- Found rosidl_generator_cpp: 3.1.8 (/opt/ros/humble/share/rosidl_generator_cpp/cmake)
[0.519s] -- Using all available rosidl_typesupport_c: rosidl_typesupport_fastrtps_c;rosidl_typesupport_introspection_c
[0.545s] -- Using all available rosidl_typesupport_cpp: rosidl_typesupport_fastrtps_cpp;rosidl_typesupport_introspection_cpp
[0.618s] -- Found rmw_implementation_cmake: 6.1.2 (/opt/ros/humble/share/rmw_implementation_cmake/cmake)
[0.622s] -- Found rmw_fastrtps_cpp: 6.2.10 (/opt/ros/humble/share/rmw_fastrtps_cpp/cmake)
[0.808s] -- Using RMW implementation 'rmw_fastrtps_cpp' as default
[0.909s] -- Found yaml_cpp_vendor: 8.0.2 (/opt/ros/humble/share/yaml_cpp_vendor/cmake)
[0.912s] -- SDK inclusion enabled; no SDK backend is instantiated by this package
[1.044s] -- Found ament_cmake_gtest: 1.3.14 (/opt/ros/humble/share/ament_cmake_gtest/cmake)
[1.046s] -- Found gtest sources under '/opt/ros/humble/src/gtest_vendor': C++ tests using 'Google Test' will be built
[1.103s] -- Found launch_testing_ament_cmake: 1.0.14 (/opt/ros/humble/share/launch_testing_ament_cmake/cmake)
[1.104s] -- Found python_cmake_module: 0.10.0 (/opt/ros/humble/share/python_cmake_module/cmake)
[1.160s] -- Using PYTHON_EXECUTABLE: /usr/bin/python3
[1.161s] -- Using PYTHON_INCLUDE_DIRS: /usr/include/python3.10
[1.161s] -- Using PYTHON_LIBRARIES: /usr/lib/aarch64-linux-gnu/libpython3.10.so
[1.320s] -- Configuring done
[1.448s] -- Generating done
[1.480s] -- Build files have been written to: /home/jet/IRC/IRC-STEP/IRC_vision_latest/build/irc_step_motion_executor
[1.506s] Invoked command in '/home/jet/IRC/IRC-STEP/IRC_vision_latest/build/irc_step_motion_executor' returned '0': CMAKE_PREFIX_PATH=${CMAKE_PREFIX_PATH}:/home/jet/IRC/IRC-STEP/IRC_vision_latest/install/mission_control:/home/jet/IRC/IRC-STEP/IRC_vision_latest/install/step:/opt/ros/humble /usr/bin/cmake /home/jet/IRC/IRC-STEP/IRC_vision_latest/src/irc_step_motion_executor -DCMAKE_INSTALL_PREFIX=/home/jet/IRC/IRC-STEP/IRC_vision_latest/install/irc_step_motion_executor
[1.512s] Invoking command in '/home/jet/IRC/IRC-STEP/IRC_vision_latest/build/irc_step_motion_executor': CMAKE_PREFIX_PATH=${CMAKE_PREFIX_PATH}:/home/jet/IRC/IRC-STEP/IRC_vision_latest/install/mission_control:/home/jet/IRC/IRC-STEP/IRC_vision_latest/install/step:/opt/ros/humble /usr/bin/cmake --build /home/jet/IRC/IRC-STEP/IRC_vision_latest/build/irc_step_motion_executor -- -j6 -l6
[1.594s] [35m[1mConsolidate compiler generated dependencies of target robot_motion_runtime_config[0m
[1.594s] [35m[1mConsolidate compiler generated dependencies of target gtest[0m
[1.595s] [35m[1mConsolidate compiler generated dependencies of target motion_core[0m
[1.595s] [35m[1mConsolidate compiler generated dependencies of target catalog_only_core[0m
[1.597s] [35m[1mConsolidate compiler generated dependencies of target gtest_main[0m
[1.629s] [ 10%] Built target motion_core
[1.629s] [ 10%] Built target robot_motion_runtime_config
[1.631s] [ 10%] Built target catalog_only_core
[1.644s] [ 14%] Built target gtest_main
[1.649s] [ 17%] Built target gtest
[1.658s] [35m[1mConsolidate compiler generated dependencies of target motion_player_core[0m
[1.667s] [35m[1mConsolidate compiler generated dependencies of target sdk_executor_core[0m
[1.691s] [35m[1mConsolidate compiler generated dependencies of target test_catalog_only_core[0m
[1.691s] [35m[1mConsolidate compiler generated dependencies of target catalog_only_node[0m
[1.700s] [35m[1mConsolidate compiler generated dependencies of target test_motion_json_catalog[0m
[1.706s] [35m[1mConsolidate compiler generated dependencies of target test_robot_motion_runtime_config[0m
[1.712s] [ 20%] Built target sdk_executor_core
[1.714s] [ 21%] [32mBuilding CXX object robot_motion_sdk/CMakeFiles/motion_player_core.dir/robot_motion_player.cpp.o[0m
[1.731s] [ 25%] Built target test_catalog_only_core
[1.738s] [ 28%] Built target test_motion_json_catalog
[1.742s] [ 31%] Built target test_robot_motion_runtime_config
[1.750s] [ 34%] Built target catalog_only_node
[1.756s] [35m[1mConsolidate compiler generated dependencies of target test_robot_motion_parameter_types[0m
[1.764s] [35m[1mConsolidate compiler generated dependencies of target simulated_motion_backend[0m
[1.765s] [35m[1mConsolidate compiler generated dependencies of target test_sdk_executor_core[0m
[1.767s] [35m[1mConsolidate compiler generated dependencies of target sdk_executor_driver[0m
[1.796s] [ 42%] Built target test_robot_motion_parameter_types
[1.796s] [ 42%] Built target test_sdk_executor_core
[1.796s] [ 43%] Built target simulated_motion_backend
[1.808s] [ 45%] [32mBuilding CXX object CMakeFiles/sdk_executor_driver.dir/src/sdk_executor_driver.cpp.o[0m
[1.810s] [ 46%] [32mBuilding CXX object CMakeFiles/sdk_executor_driver.dir/src/startup_pose_gate.cpp.o[0m
[1.815s] [ 48%] [32mBuilding CXX object CMakeFiles/sdk_executor_driver.dir/src/startup_pose_catalog.cpp.o[0m
[1.818s] [35m[1mConsolidate compiler generated dependencies of target motion_backend_factory[0m
[1.836s] [35m[1mConsolidate compiler generated dependencies of target test_simulated_motion_backend[0m
[1.893s] [ 50%] [32mBuilding CXX object CMakeFiles/motion_backend_factory.dir/src/motion_backend_factory.cpp.o[0m
[1.894s] [ 53%] Built target test_simulated_motion_backend
[2.807s] [ 54%] [32m[1mLinking CXX static library libmotion_backend_factory.a[0m
[2.878s] [ 54%] Built target motion_backend_factory
[2.900s] [35m[1mConsolidate compiler generated dependencies of target test_motion_backend_factory[0m
[2.926s] [ 56%] [32mBuilding CXX object CMakeFiles/test_motion_backend_factory.dir/test/test_motion_backend_factory.cpp.o[0m
[2.943s] [ 57%] [32m[1mLinking CXX static library libsdk_executor_driver.a[0m
[3.012s] [ 57%] Built target sdk_executor_driver
[3.033s] [35m[1mConsolidate compiler generated dependencies of target test_sdk_executor_driver[0m
[3.033s] [35m[1mConsolidate compiler generated dependencies of target test_startup_pose_catalog[0m
[3.051s] [35m[1mConsolidate compiler generated dependencies of target test_startup_pose_gate[0m
[3.064s] [ 59%] [32mBuilding CXX object CMakeFiles/test_sdk_executor_driver.dir/test/test_sdk_executor_driver.cpp.o[0m
[3.082s] [ 60%] [32mBuilding CXX object CMakeFiles/test_startup_pose_gate.dir/test/test_startup_pose_gate.cpp.o[0m
[3.089s] [ 62%] [32mBuilding CXX object CMakeFiles/test_startup_pose_catalog.dir/test/test_startup_pose_catalog.cpp.o[0m
[5.831s] [ 64%] [32m[1mLinking CXX executable test_motion_backend_factory[0m
[5.860s] [ 65%] [32m[1mLinking CXX executable test_startup_pose_gate[0m
[5.988s] [ 67%] [32m[1mLinking CXX static library libmotion_player_core.a[0m
[6.038s] [ 68%] [32m[1mLinking CXX executable test_startup_pose_catalog[0m
[6.074s] [ 68%] Built target motion_player_core
[6.100s] [35m[1mConsolidate compiler generated dependencies of target robot_control[0m
[6.150s] [ 71%] [32mBuilding CXX object robot_motion_sdk/CMakeFiles/robot_control.dir/dynamixel_motion_hardware.cpp.o[0m
[6.150s] [ 71%] [32mBuilding CXX object robot_motion_sdk/CMakeFiles/robot_control.dir/robot_motion_player_dynamixel.cpp.o[0m
[6.204s] [ 71%] Built target test_motion_backend_factory
[6.224s] [ 73%] [32m[1mLinking CXX executable test_sdk_executor_driver[0m
[6.236s] [ 75%] [32mBuilding CXX object robot_motion_sdk/CMakeFiles/robot_control.dir/step_dynamixel.cpp.o[0m
[6.266s] [ 75%] Built target test_startup_pose_gate
[6.302s] [ 76%] [32mBuilding CXX object robot_motion_sdk/CMakeFiles/robot_control.dir/dynamixel_controller.cpp.o[0m
[6.367s] [ 76%] Built target test_startup_pose_catalog
[6.627s] [ 76%] Built target test_sdk_executor_driver
[11.723s] [ 78%] [32m[1mLinking CXX static library librobot_control.a[0m
[11.838s] [ 78%] Built target robot_control
[11.858s] [35m[1mConsolidate compiler generated dependencies of target irc_step_motion_sdk_compile_probe[0m
[11.858s] [35m[1mConsolidate compiler generated dependencies of target robot_motion_player_backend[0m
[11.881s] [ 81%] [32mBuilding CXX object CMakeFiles/robot_motion_player_backend.dir/src/robot_motion_player_backend.cpp.o[0m
[11.882s] [ 81%] [32mBuilding CXX object CMakeFiles/irc_step_motion_sdk_compile_probe.dir/src/sdk_compile_probe.cpp.o[0m
[13.095s] [ 82%] [32m[1mLinking CXX shared library libirc_step_motion_sdk_compile_probe.so[0m
[13.173s] [ 82%] Built target irc_step_motion_sdk_compile_probe
[13.756s] [ 84%] [32m[1mLinking CXX static library librobot_motion_player_backend.a[0m
[13.819s] [ 84%] Built target robot_motion_player_backend
[13.839s] [35m[1mConsolidate compiler generated dependencies of target test_robot_motion_player_backend[0m
[13.841s] [35m[1mConsolidate compiler generated dependencies of target production_robot_motion_runtime_factory[0m
[13.869s] [ 85%] [32mBuilding CXX object CMakeFiles/test_robot_motion_player_backend.dir/test/test_robot_motion_player_backend.cpp.o[0m
[13.872s] [ 87%] [32mBuilding CXX object CMakeFiles/production_robot_motion_runtime_factory.dir/src/production_robot_motion_runtime_factory.cpp.o[0m
[16.908s] [ 89%] [32m[1mLinking CXX executable test_robot_motion_player_backend[0m
[17.338s] [ 89%] Built target test_robot_motion_player_backend
[18.820s] [ 90%] [32m[1mLinking CXX static library libproduction_robot_motion_runtime_factory.a[0m
[18.892s] [ 90%] Built target production_robot_motion_runtime_factory
[18.912s] [35m[1mConsolidate compiler generated dependencies of target sdk_hardware_preflight_core[0m
[18.912s] [35m[1mConsolidate compiler generated dependencies of target sdk_motion_executor[0m
[18.942s] [ 92%] [32mBuilding CXX object CMakeFiles/sdk_hardware_preflight_core.dir/src/sdk_hardware_preflight_core.cpp.o[0m
[18.952s] [ 93%] [32mBuilding CXX object CMakeFiles/sdk_motion_executor.dir/src/sdk_executor_node.cpp.o[0m
[20.552s] [ 95%] [32m[1mLinking CXX static library libsdk_hardware_preflight_core.a[0m
[20.626s] [ 95%] Built target sdk_hardware_preflight_core
[20.648s] [35m[1mConsolidate compiler generated dependencies of target sdk_hardware_preflight[0m
[20.675s] [ 96%] [32mBuilding CXX object CMakeFiles/sdk_hardware_preflight.dir/src/sdk_hardware_preflight.cpp.o[0m
[21.883s] [ 98%] [32m[1mLinking CXX executable sdk_hardware_preflight[0m
[22.226s] [ 98%] Built target sdk_hardware_preflight
[38.452s] [100%] [32m[1mLinking CXX executable sdk_motion_executor[0m
[39.601s] [100%] Built target sdk_motion_executor
[39.630s] Invoked command in '/home/jet/IRC/IRC-STEP/IRC_vision_latest/build/irc_step_motion_executor' returned '0': CMAKE_PREFIX_PATH=${CMAKE_PREFIX_PATH}:/home/jet/IRC/IRC-STEP/IRC_vision_latest/install/mission_control:/home/jet/IRC/IRC-STEP/IRC_vision_latest/install/step:/opt/ros/humble /usr/bin/cmake --build /home/jet/IRC/IRC-STEP/IRC_vision_latest/build/irc_step_motion_executor -- -j6 -l6
[39.654s] Invoking command in '/home/jet/IRC/IRC-STEP/IRC_vision_latest/build/irc_step_motion_executor': CMAKE_PREFIX_PATH=${CMAKE_PREFIX_PATH}:/home/jet/IRC/IRC-STEP/IRC_vision_latest/install/mission_control:/home/jet/IRC/IRC-STEP/IRC_vision_latest/install/step:/opt/ros/humble /usr/bin/cmake --install /home/jet/IRC/IRC-STEP/IRC_vision_latest/build/irc_step_motion_executor
[39.674s] -- Install configuration: ""
[39.675s] -- Execute custom install script
[39.677s] -- Up-to-date symlink: /home/jet/IRC/IRC-STEP/IRC_vision_latest/install/irc_step_motion_executor/lib/librobot_motion_player_backend.a
[39.678s] -- Up-to-date symlink: /home/jet/IRC/IRC-STEP/IRC_vision_latest/install/irc_step_motion_executor/lib/libproduction_robot_motion_runtime_factory.a
[39.678s] -- Up-to-date symlink: /home/jet/IRC/IRC-STEP/IRC_vision_latest/install/irc_step_motion_executor/lib/libsdk_hardware_preflight_core.a
[39.679s] -- Up-to-date symlink: /home/jet/IRC/IRC-STEP/IRC_vision_latest/install/irc_step_motion_executor/lib/irc_step_motion_executor/sdk_hardware_preflight
[39.679s] -- Up-to-date symlink: /home/jet/IRC/IRC-STEP/IRC_vision_latest/install/irc_step_motion_executor/lib/libcatalog_only_core.a
[39.680s] -- Up-to-date symlink: /home/jet/IRC/IRC-STEP/IRC_vision_latest/install/irc_step_motion_executor/lib/libsdk_executor_core.a
[39.680s] -- Up-to-date symlink: /home/jet/IRC/IRC-STEP/IRC_vision_latest/install/irc_step_motion_executor/lib/libsimulated_motion_backend.a
[39.681s] -- Up-to-date symlink: /home/jet/IRC/IRC-STEP/IRC_vision_latest/install/irc_step_motion_executor/lib/librobot_motion_runtime_config.a
[39.681s] -- Up-to-date symlink: /home/jet/IRC/IRC-STEP/IRC_vision_latest/install/irc_step_motion_executor/lib/libmotion_backend_factory.a
[39.681s] -- Up-to-date symlink: /home/jet/IRC/IRC-STEP/IRC_vision_latest/install/irc_step_motion_executor/lib/libsdk_executor_driver.a
[39.682s] -- Up-to-date symlink: /home/jet/IRC/IRC-STEP/IRC_vision_latest/install/irc_step_motion_executor/lib/irc_step_motion_executor/catalog_only_node
[39.682s] -- Up-to-date symlink: /home/jet/IRC/IRC-STEP/IRC_vision_latest/install/irc_step_motion_executor/lib/irc_step_motion_executor/sdk_motion_executor
[39.684s] -- Up-to-date symlink: /home/jet/IRC/IRC-STEP/IRC_vision_latest/install/irc_step_motion_executor/include/irc_step_motion_executor/catalog_only_core.hpp
[39.684s] -- Up-to-date symlink: /home/jet/IRC/IRC-STEP/IRC_vision_latest/install/irc_step_motion_executor/include/irc_step_motion_executor/motion_backend.hpp
[39.685s] -- Up-to-date symlink: /home/jet/IRC/IRC-STEP/IRC_vision_latest/install/irc_step_motion_executor/include/irc_step_motion_executor/motion_backend_factory.hpp
[39.685s] -- Up-to-date symlink: /home/jet/IRC/IRC-STEP/IRC_vision_latest/install/irc_step_motion_executor/include/irc_step_motion_executor/robot_motion_player_backend.hpp
[39.686s] -- Up-to-date symlink: /home/jet/IRC/IRC-STEP/IRC_vision_latest/install/irc_step_motion_executor/include/irc_step_motion_executor/robot_motion_runtime_config.hpp
[39.686s] -- Up-to-date symlink: /home/jet/IRC/IRC-STEP/IRC_vision_latest/install/irc_step_motion_executor/include/irc_step_motion_executor/robot_motion_runtime_factory.hpp
[39.686s] -- Up-to-date symlink: /home/jet/IRC/IRC-STEP/IRC_vision_latest/install/irc_step_motion_executor/include/irc_step_motion_executor/sdk_executor_core.hpp
[39.686s] -- Up-to-date symlink: /home/jet/IRC/IRC-STEP/IRC_vision_latest/install/irc_step_motion_executor/include/irc_step_motion_executor/sdk_executor_driver.hpp
[39.687s] -- Up-to-date symlink: /home/jet/IRC/IRC-STEP/IRC_vision_latest/install/irc_step_motion_executor/include/irc_step_motion_executor/sdk_hardware_preflight_core.hpp
[39.687s] -- Up-to-date symlink: /home/jet/IRC/IRC-STEP/IRC_vision_latest/install/irc_step_motion_executor/include/irc_step_motion_executor/simulated_motion_backend.hpp
[39.687s] -- Up-to-date symlink: /home/jet/IRC/IRC-STEP/IRC_vision_latest/install/irc_step_motion_executor/include/irc_step_motion_executor/startup_pose_catalog.hpp
[39.687s] -- Up-to-date symlink: /home/jet/IRC/IRC-STEP/IRC_vision_latest/install/irc_step_motion_executor/include/irc_step_motion_executor/startup_pose_gate.hpp
[39.688s] -- Up-to-date symlink: /home/jet/IRC/IRC-STEP/IRC_vision_latest/install/irc_step_motion_executor/share/irc_step_motion_executor/config/motion_aliases.yaml
[39.689s] -- Up-to-date symlink: /home/jet/IRC/IRC-STEP/IRC_vision_latest/install/irc_step_motion_executor/share/irc_step_motion_executor/launch/catalog_only.launch.py
[39.689s] -- Up-to-date symlink: /home/jet/IRC/IRC-STEP/IRC_vision_latest/install/irc_step_motion_executor/share/irc_step_motion_executor/launch/sdk_executor_simulated.launch.py
[39.690s] -- Up-to-date symlink: /home/jet/IRC/IRC-STEP/IRC_vision_latest/install/irc_step_motion_executor/share/irc_step_motion_executor/launch/sdk_motion_test.launch.py
[39.690s] -- Up-to-date symlink: /home/jet/IRC/IRC-STEP/IRC_vision_latest/install/irc_step_motion_executor/lib/irc_step_motion_executor/manual_motion_request.py
[39.690s] -- Up-to-date symlink: /home/jet/IRC/IRC-STEP/IRC_vision_latest/install/irc_step_motion_executor/lib/irc_step_motion_executor/validate_motion_catalog.py
[39.691s] -- Up-to-date symlink: /home/jet/IRC/IRC-STEP/IRC_vision_latest/install/irc_step_motion_executor/share/irc_step_motion_executor/environment/library_path.sh
[39.691s] -- Up-to-date symlink: /home/jet/IRC/IRC-STEP/IRC_vision_latest/install/irc_step_motion_executor/share/irc_step_motion_executor/environment/library_path.dsv
[39.691s] -- Up-to-date symlink: /home/jet/IRC/IRC-STEP/IRC_vision_latest/install/irc_step_motion_executor/share/ament_index/resource_index/package_run_dependencies/irc_step_motion_executor
[39.692s] -- Up-to-date symlink: /home/jet/IRC/IRC-STEP/IRC_vision_latest/install/irc_step_motion_executor/share/ament_index/resource_index/parent_prefix_path/irc_step_motion_executor
[39.692s] -- Up-to-date symlink: /home/jet/IRC/IRC-STEP/IRC_vision_latest/install/irc_step_motion_executor/share/irc_step_motion_executor/environment/ament_prefix_path.sh
[39.693s] -- Up-to-date symlink: /home/jet/IRC/IRC-STEP/IRC_vision_latest/install/irc_step_motion_executor/share/irc_step_motion_executor/environment/ament_prefix_path.dsv
[39.693s] -- Up-to-date symlink: /home/jet/IRC/IRC-STEP/IRC_vision_latest/install/irc_step_motion_executor/share/irc_step_motion_executor/environment/path.sh
[39.693s] -- Up-to-date symlink: /home/jet/IRC/IRC-STEP/IRC_vision_latest/install/irc_step_motion_executor/share/irc_step_motion_executor/environment/path.dsv
[39.694s] -- Up-to-date symlink: /home/jet/IRC/IRC-STEP/IRC_vision_latest/install/irc_step_motion_executor/share/irc_step_motion_executor/local_setup.bash
[39.694s] -- Up-to-date symlink: /home/jet/IRC/IRC-STEP/IRC_vision_latest/install/irc_step_motion_executor/share/irc_step_motion_executor/local_setup.sh
[39.694s] -- Up-to-date symlink: /home/jet/IRC/IRC-STEP/IRC_vision_latest/install/irc_step_motion_executor/share/irc_step_motion_executor/local_setup.zsh
[39.695s] -- Up-to-date symlink: /home/jet/IRC/IRC-STEP/IRC_vision_latest/install/irc_step_motion_executor/share/irc_step_motion_executor/local_setup.dsv
[39.695s] -- Symlinking: /home/jet/IRC/IRC-STEP/IRC_vision_latest/install/irc_step_motion_executor/share/irc_step_motion_executor/package.dsv
[39.714s] -- Up-to-date symlink: /home/jet/IRC/IRC-STEP/IRC_vision_latest/install/irc_step_motion_executor/share/ament_index/resource_index/packages/irc_step_motion_executor
[39.715s] -- Up-to-date symlink: /home/jet/IRC/IRC-STEP/IRC_vision_latest/install/irc_step_motion_executor/share/irc_step_motion_executor/cmake/ament_cmake_export_include_directories-extras.cmake
[39.716s] -- Up-to-date symlink: /home/jet/IRC/IRC-STEP/IRC_vision_latest/install/irc_step_motion_executor/share/irc_step_motion_executor/cmake/ament_cmake_export_libraries-extras.cmake
[39.716s] -- Up-to-date symlink: /home/jet/IRC/IRC-STEP/IRC_vision_latest/install/irc_step_motion_executor/share/irc_step_motion_executor/cmake/irc_step_motion_executorConfig.cmake
[39.717s] -- Up-to-date symlink: /home/jet/IRC/IRC-STEP/IRC_vision_latest/install/irc_step_motion_executor/share/irc_step_motion_executor/cmake/irc_step_motion_executorConfig-version.cmake
[39.717s] -- Up-to-date symlink: /home/jet/IRC/IRC-STEP/IRC_vision_latest/install/irc_step_motion_executor/share/irc_step_motion_executor/package.xml
[39.725s] Invoked command in '/home/jet/IRC/IRC-STEP/IRC_vision_latest/build/irc_step_motion_executor' returned '0': CMAKE_PREFIX_PATH=${CMAKE_PREFIX_PATH}:/home/jet/IRC/IRC-STEP/IRC_vision_latest/install/mission_control:/home/jet/IRC/IRC-STEP/IRC_vision_latest/install/step:/opt/ros/humble /usr/bin/cmake --install /home/jet/IRC/IRC-STEP/IRC_vision_latest/build/irc_step_motion_executor
