[0.201s] DEBUG:colcon:Command line arguments: ['/usr/bin/colcon', 'build', '--packages-select', 'step', 'mission_control', '--executor', 'sequential', '--event-handlers', 'console_direct+']
[0.202s] DEBUG:colcon:Parsed command line arguments: Namespace(log_base=None, log_level=None, verb_name='build', build_base='build', install_base='install', merge_install=False, symlink_install=False, test_result_base=None, continue_on_error=False, executor='sequential', parallel_workers=6, event_handlers=['console_direct+'], ignore_user_meta=False, metas=['./colcon.meta'], base_paths=['.'], packages_ignore=None, packages_ignore_regex=None, paths=None, packages_up_to=None, packages_up_to_regex=None, packages_above=None, packages_above_and_dependencies=None, packages_above_depth=None, packages_select_by_dep=None, packages_skip_by_dep=None, packages_skip_up_to=None, packages_select_build_failed=False, packages_skip_build_finished=False, packages_select_test_failures=False, packages_skip_test_passed=False, packages_select=['step', 'mission_control'], packages_skip=None, packages_select_regex=None, packages_skip_regex=None, packages_start=None, packages_end=None, allow_overriding=[], cmake_args=None, cmake_target=None, cmake_target_skip_unavailable=False, cmake_clean_cache=False, cmake_clean_first=False, cmake_force_configure=False, ament_cmake_args=None, catkin_cmake_args=None, catkin_skip_building_tests=False, mixin_files=None, mixin=None, verb_parser=<colcon_mixin.mixin.mixin_argument.MixinArgumentDecorator object at 0xffffaf0c5840>, verb_extension=<colcon_core.verb.build.BuildVerb object at 0xffffaf1c2800>, main=<bound method BuildVerb.main of <colcon_core.verb.build.BuildVerb object at 0xffffaf1c2800>>, mixin_verb=('build',))
[0.505s] Level 1:colcon.colcon_core.package_discovery:discover_packages(colcon_meta) check parameters
[0.506s] Level 1:colcon.colcon_core.package_discovery:discover_packages(recursive) check parameters
[0.506s] Level 1:colcon.colcon_core.package_discovery:discover_packages(ignore) check parameters
[0.506s] Level 1:colcon.colcon_core.package_discovery:discover_packages(path) check parameters
[0.506s] Level 1:colcon.colcon_core.package_discovery:discover_packages(colcon_meta) discover
[0.506s] Level 1:colcon.colcon_core.package_discovery:discover_packages(recursive) discover
[0.506s] INFO:colcon.colcon_core.package_discovery:Crawling recursively for packages in '/home/jet/IRC/IRC-STEP/IRC_vision_latest'
[0.506s] Level 1:colcon.colcon_core.package_identification:_identify(.) by extensions ['ignore', 'ignore_ament_install']
[0.506s] Level 1:colcon.colcon_core.package_identification:_identify(.) by extension 'ignore'
[0.506s] Level 1:colcon.colcon_core.package_identification:_identify(.) by extension 'ignore_ament_install'
[0.507s] Level 1:colcon.colcon_core.package_identification:_identify(.) by extensions ['colcon_pkg']
[0.507s] Level 1:colcon.colcon_core.package_identification:_identify(.) by extension 'colcon_pkg'
[0.507s] Level 1:colcon.colcon_core.package_identification:_identify(.) by extensions ['colcon_meta']
[0.507s] Level 1:colcon.colcon_core.package_identification:_identify(.) by extension 'colcon_meta'
[0.507s] Level 1:colcon.colcon_core.package_identification:_identify(.) by extensions ['ros']
[0.507s] Level 1:colcon.colcon_core.package_identification:_identify(.) by extension 'ros'
[0.526s] Level 1:colcon.colcon_core.package_identification:_identify(.) by extensions ['cmake', 'python']
[0.526s] Level 1:colcon.colcon_core.package_identification:_identify(.) by extension 'cmake'
[0.527s] Level 1:colcon.colcon_core.package_identification:_identify(.) by extension 'python'
[0.527s] Level 1:colcon.colcon_core.package_identification:_identify(.) by extensions ['python_setup_py']
[0.527s] Level 1:colcon.colcon_core.package_identification:_identify(.) by extension 'python_setup_py'
[0.527s] Level 1:colcon.colcon_core.package_identification:_identify(archive) by extensions ['ignore', 'ignore_ament_install']
[0.527s] Level 1:colcon.colcon_core.package_identification:_identify(archive) by extension 'ignore'
[0.527s] Level 1:colcon.colcon_core.package_identification:_identify(archive) by extension 'ignore_ament_install'
[0.527s] Level 1:colcon.colcon_core.package_identification:_identify(archive) by extensions ['colcon_pkg']
[0.527s] Level 1:colcon.colcon_core.package_identification:_identify(archive) by extension 'colcon_pkg'
[0.528s] Level 1:colcon.colcon_core.package_identification:_identify(archive) by extensions ['colcon_meta']
[0.528s] Level 1:colcon.colcon_core.package_identification:_identify(archive) by extension 'colcon_meta'
[0.528s] Level 1:colcon.colcon_core.package_identification:_identify(archive) by extensions ['ros']
[0.528s] Level 1:colcon.colcon_core.package_identification:_identify(archive) by extension 'ros'
[0.528s] Level 1:colcon.colcon_core.package_identification:_identify(archive) by extensions ['cmake', 'python']
[0.528s] Level 1:colcon.colcon_core.package_identification:_identify(archive) by extension 'cmake'
[0.528s] Level 1:colcon.colcon_core.package_identification:_identify(archive) by extension 'python'
[0.528s] Level 1:colcon.colcon_core.package_identification:_identify(archive) by extensions ['python_setup_py']
[0.528s] Level 1:colcon.colcon_core.package_identification:_identify(archive) by extension 'python_setup_py'
[0.528s] Level 1:colcon.colcon_core.package_identification:_identify(archive/legacy_opencv) by extensions ['ignore', 'ignore_ament_install']
[0.529s] Level 1:colcon.colcon_core.package_identification:_identify(archive/legacy_opencv) by extension 'ignore'
[0.529s] Level 1:colcon.colcon_core.package_identification:_identify(archive/legacy_opencv) by extension 'ignore_ament_install'
[0.529s] Level 1:colcon.colcon_core.package_identification:_identify(archive/legacy_opencv) by extensions ['colcon_pkg']
[0.529s] Level 1:colcon.colcon_core.package_identification:_identify(archive/legacy_opencv) by extension 'colcon_pkg'
[0.529s] Level 1:colcon.colcon_core.package_identification:_identify(archive/legacy_opencv) by extensions ['colcon_meta']
[0.529s] Level 1:colcon.colcon_core.package_identification:_identify(archive/legacy_opencv) by extension 'colcon_meta'
[0.529s] Level 1:colcon.colcon_core.package_identification:_identify(archive/legacy_opencv) by extensions ['ros']
[0.529s] Level 1:colcon.colcon_core.package_identification:_identify(archive/legacy_opencv) by extension 'ros'
[0.529s] Level 1:colcon.colcon_core.package_identification:_identify(archive/legacy_opencv) by extensions ['cmake', 'python']
[0.529s] Level 1:colcon.colcon_core.package_identification:_identify(archive/legacy_opencv) by extension 'cmake'
[0.529s] Level 1:colcon.colcon_core.package_identification:_identify(archive/legacy_opencv) by extension 'python'
[0.529s] Level 1:colcon.colcon_core.package_identification:_identify(archive/legacy_opencv) by extensions ['python_setup_py']
[0.530s] Level 1:colcon.colcon_core.package_identification:_identify(archive/legacy_opencv) by extension 'python_setup_py'
[0.530s] Level 1:colcon.colcon_core.package_identification:_identify(archive/legacy_vision_versions) by extensions ['ignore', 'ignore_ament_install']
[0.530s] Level 1:colcon.colcon_core.package_identification:_identify(archive/legacy_vision_versions) by extension 'ignore'
[0.530s] Level 1:colcon.colcon_core.package_identification:_identify(archive/legacy_vision_versions) by extension 'ignore_ament_install'
[0.530s] Level 1:colcon.colcon_core.package_identification:_identify(archive/legacy_vision_versions) by extensions ['colcon_pkg']
[0.530s] Level 1:colcon.colcon_core.package_identification:_identify(archive/legacy_vision_versions) by extension 'colcon_pkg'
[0.530s] Level 1:colcon.colcon_core.package_identification:_identify(archive/legacy_vision_versions) by extensions ['colcon_meta']
[0.530s] Level 1:colcon.colcon_core.package_identification:_identify(archive/legacy_vision_versions) by extension 'colcon_meta'
[0.530s] Level 1:colcon.colcon_core.package_identification:_identify(archive/legacy_vision_versions) by extensions ['ros']
[0.530s] Level 1:colcon.colcon_core.package_identification:_identify(archive/legacy_vision_versions) by extension 'ros'
[0.531s] Level 1:colcon.colcon_core.package_identification:_identify(archive/legacy_vision_versions) by extensions ['cmake', 'python']
[0.531s] Level 1:colcon.colcon_core.package_identification:_identify(archive/legacy_vision_versions) by extension 'cmake'
[0.531s] Level 1:colcon.colcon_core.package_identification:_identify(archive/legacy_vision_versions) by extension 'python'
[0.531s] Level 1:colcon.colcon_core.package_identification:_identify(archive/legacy_vision_versions) by extensions ['python_setup_py']
[0.531s] Level 1:colcon.colcon_core.package_identification:_identify(archive/legacy_vision_versions) by extension 'python_setup_py'
[0.531s] Level 1:colcon.colcon_core.package_identification:_identify(artifacts) by extensions ['ignore', 'ignore_ament_install']
[0.531s] Level 1:colcon.colcon_core.package_identification:_identify(artifacts) by extension 'ignore'
[0.531s] Level 1:colcon.colcon_core.package_identification:_identify(artifacts) by extension 'ignore_ament_install'
[0.531s] Level 1:colcon.colcon_core.package_identification:_identify(artifacts) by extensions ['colcon_pkg']
[0.531s] Level 1:colcon.colcon_core.package_identification:_identify(artifacts) by extension 'colcon_pkg'
[0.531s] Level 1:colcon.colcon_core.package_identification:_identify(artifacts) by extensions ['colcon_meta']
[0.531s] Level 1:colcon.colcon_core.package_identification:_identify(artifacts) by extension 'colcon_meta'
[0.532s] Level 1:colcon.colcon_core.package_identification:_identify(artifacts) by extensions ['ros']
[0.532s] Level 1:colcon.colcon_core.package_identification:_identify(artifacts) by extension 'ros'
[0.532s] Level 1:colcon.colcon_core.package_identification:_identify(artifacts) by extensions ['cmake', 'python']
[0.532s] Level 1:colcon.colcon_core.package_identification:_identify(artifacts) by extension 'cmake'
[0.532s] Level 1:colcon.colcon_core.package_identification:_identify(artifacts) by extension 'python'
[0.532s] Level 1:colcon.colcon_core.package_identification:_identify(artifacts) by extensions ['python_setup_py']
[0.532s] Level 1:colcon.colcon_core.package_identification:_identify(artifacts) by extension 'python_setup_py'
[0.532s] Level 1:colcon.colcon_core.package_identification:_identify(build) by extensions ['ignore', 'ignore_ament_install']
[0.532s] Level 1:colcon.colcon_core.package_identification:_identify(build) by extension 'ignore'
[0.532s] Level 1:colcon.colcon_core.package_identification:_identify(build) ignored
[0.533s] Level 1:colcon.colcon_core.package_identification:_identify(docs) by extensions ['ignore', 'ignore_ament_install']
[0.533s] Level 1:colcon.colcon_core.package_identification:_identify(docs) by extension 'ignore'
[0.533s] Level 1:colcon.colcon_core.package_identification:_identify(docs) by extension 'ignore_ament_install'
[0.533s] Level 1:colcon.colcon_core.package_identification:_identify(docs) by extensions ['colcon_pkg']
[0.533s] Level 1:colcon.colcon_core.package_identification:_identify(docs) by extension 'colcon_pkg'
[0.533s] Level 1:colcon.colcon_core.package_identification:_identify(docs) by extensions ['colcon_meta']
[0.533s] Level 1:colcon.colcon_core.package_identification:_identify(docs) by extension 'colcon_meta'
[0.533s] Level 1:colcon.colcon_core.package_identification:_identify(docs) by extensions ['ros']
[0.533s] Level 1:colcon.colcon_core.package_identification:_identify(docs) by extension 'ros'
[0.533s] Level 1:colcon.colcon_core.package_identification:_identify(docs) by extensions ['cmake', 'python']
[0.533s] Level 1:colcon.colcon_core.package_identification:_identify(docs) by extension 'cmake'
[0.534s] Level 1:colcon.colcon_core.package_identification:_identify(docs) by extension 'python'
[0.534s] Level 1:colcon.colcon_core.package_identification:_identify(docs) by extensions ['python_setup_py']
[0.534s] Level 1:colcon.colcon_core.package_identification:_identify(docs) by extension 'python_setup_py'
[0.534s] Level 1:colcon.colcon_core.package_identification:_identify(install) by extensions ['ignore', 'ignore_ament_install']
[0.534s] Level 1:colcon.colcon_core.package_identification:_identify(install) by extension 'ignore'
[0.534s] Level 1:colcon.colcon_core.package_identification:_identify(install) ignored
[0.534s] Level 1:colcon.colcon_core.package_identification:_identify(log) by extensions ['ignore', 'ignore_ament_install']
[0.534s] Level 1:colcon.colcon_core.package_identification:_identify(log) by extension 'ignore'
[0.534s] Level 1:colcon.colcon_core.package_identification:_identify(log) ignored
[0.535s] Level 1:colcon.colcon_core.package_identification:_identify(runtime) by extensions ['ignore', 'ignore_ament_install']
[0.535s] Level 1:colcon.colcon_core.package_identification:_identify(runtime) by extension 'ignore'
[0.535s] Level 1:colcon.colcon_core.package_identification:_identify(runtime) by extension 'ignore_ament_install'
[0.535s] Level 1:colcon.colcon_core.package_identification:_identify(runtime) by extensions ['colcon_pkg']
[0.535s] Level 1:colcon.colcon_core.package_identification:_identify(runtime) by extension 'colcon_pkg'
[0.535s] Level 1:colcon.colcon_core.package_identification:_identify(runtime) by extensions ['colcon_meta']
[0.535s] Level 1:colcon.colcon_core.package_identification:_identify(runtime) by extension 'colcon_meta'
[0.535s] Level 1:colcon.colcon_core.package_identification:_identify(runtime) by extensions ['ros']
[0.535s] Level 1:colcon.colcon_core.package_identification:_identify(runtime) by extension 'ros'
[0.535s] Level 1:colcon.colcon_core.package_identification:_identify(runtime) by extensions ['cmake', 'python']
[0.535s] Level 1:colcon.colcon_core.package_identification:_identify(runtime) by extension 'cmake'
[0.536s] Level 1:colcon.colcon_core.package_identification:_identify(runtime) by extension 'python'
[0.536s] Level 1:colcon.colcon_core.package_identification:_identify(runtime) by extensions ['python_setup_py']
[0.536s] Level 1:colcon.colcon_core.package_identification:_identify(runtime) by extension 'python_setup_py'
[0.536s] Level 1:colcon.colcon_core.package_identification:_identify(src) by extensions ['ignore', 'ignore_ament_install']
[0.536s] Level 1:colcon.colcon_core.package_identification:_identify(src) by extension 'ignore'
[0.536s] Level 1:colcon.colcon_core.package_identification:_identify(src) by extension 'ignore_ament_install'
[0.536s] Level 1:colcon.colcon_core.package_identification:_identify(src) by extensions ['colcon_pkg']
[0.536s] Level 1:colcon.colcon_core.package_identification:_identify(src) by extension 'colcon_pkg'
[0.536s] Level 1:colcon.colcon_core.package_identification:_identify(src) by extensions ['colcon_meta']
[0.536s] Level 1:colcon.colcon_core.package_identification:_identify(src) by extension 'colcon_meta'
[0.536s] Level 1:colcon.colcon_core.package_identification:_identify(src) by extensions ['ros']
[0.536s] Level 1:colcon.colcon_core.package_identification:_identify(src) by extension 'ros'
[0.537s] Level 1:colcon.colcon_core.package_identification:_identify(src) by extensions ['cmake', 'python']
[0.537s] Level 1:colcon.colcon_core.package_identification:_identify(src) by extension 'cmake'
[0.537s] Level 1:colcon.colcon_core.package_identification:_identify(src) by extension 'python'
[0.537s] Level 1:colcon.colcon_core.package_identification:_identify(src) by extensions ['python_setup_py']
[0.537s] Level 1:colcon.colcon_core.package_identification:_identify(src) by extension 'python_setup_py'
[0.537s] Level 1:colcon.colcon_core.package_identification:_identify(src/irc_step_motion_executor) by extensions ['ignore', 'ignore_ament_install']
[0.537s] Level 1:colcon.colcon_core.package_identification:_identify(src/irc_step_motion_executor) by extension 'ignore'
[0.537s] Level 1:colcon.colcon_core.package_identification:_identify(src/irc_step_motion_executor) by extension 'ignore_ament_install'
[0.537s] Level 1:colcon.colcon_core.package_identification:_identify(src/irc_step_motion_executor) by extensions ['colcon_pkg']
[0.537s] Level 1:colcon.colcon_core.package_identification:_identify(src/irc_step_motion_executor) by extension 'colcon_pkg'
[0.537s] Level 1:colcon.colcon_core.package_identification:_identify(src/irc_step_motion_executor) by extensions ['colcon_meta']
[0.538s] Level 1:colcon.colcon_core.package_identification:_identify(src/irc_step_motion_executor) by extension 'colcon_meta'
[0.538s] Level 1:colcon.colcon_core.package_identification:_identify(src/irc_step_motion_executor) by extensions ['ros']
[0.538s] Level 1:colcon.colcon_core.package_identification:_identify(src/irc_step_motion_executor) by extension 'ros'
[0.543s] DEBUG:colcon.colcon_core.package_identification:Package 'src/irc_step_motion_executor' with type 'ros.ament_cmake' and name 'irc_step_motion_executor'
[0.543s] Level 1:colcon.colcon_core.package_identification:_identify(src/mission_control) by extensions ['ignore', 'ignore_ament_install']
[0.543s] Level 1:colcon.colcon_core.package_identification:_identify(src/mission_control) by extension 'ignore'
[0.543s] Level 1:colcon.colcon_core.package_identification:_identify(src/mission_control) by extension 'ignore_ament_install'
[0.543s] Level 1:colcon.colcon_core.package_identification:_identify(src/mission_control) by extensions ['colcon_pkg']
[0.543s] Level 1:colcon.colcon_core.package_identification:_identify(src/mission_control) by extension 'colcon_pkg'
[0.543s] Level 1:colcon.colcon_core.package_identification:_identify(src/mission_control) by extensions ['colcon_meta']
[0.543s] Level 1:colcon.colcon_core.package_identification:_identify(src/mission_control) by extension 'colcon_meta'
[0.544s] Level 1:colcon.colcon_core.package_identification:_identify(src/mission_control) by extensions ['ros']
[0.544s] Level 1:colcon.colcon_core.package_identification:_identify(src/mission_control) by extension 'ros'
[0.545s] DEBUG:colcon.colcon_core.package_identification:Package 'src/mission_control' with type 'ros.ament_python' and name 'mission_control'
[0.545s] Level 1:colcon.colcon_core.package_identification:_identify(src/step) by extensions ['ignore', 'ignore_ament_install']
[0.545s] Level 1:colcon.colcon_core.package_identification:_identify(src/step) by extension 'ignore'
[0.545s] Level 1:colcon.colcon_core.package_identification:_identify(src/step) by extension 'ignore_ament_install'
[0.545s] Level 1:colcon.colcon_core.package_identification:_identify(src/step) by extensions ['colcon_pkg']
[0.545s] Level 1:colcon.colcon_core.package_identification:_identify(src/step) by extension 'colcon_pkg'
[0.545s] Level 1:colcon.colcon_core.package_identification:_identify(src/step) by extensions ['colcon_meta']
[0.545s] Level 1:colcon.colcon_core.package_identification:_identify(src/step) by extension 'colcon_meta'
[0.546s] Level 1:colcon.colcon_core.package_identification:_identify(src/step) by extensions ['ros']
[0.546s] Level 1:colcon.colcon_core.package_identification:_identify(src/step) by extension 'ros'
[0.547s] DEBUG:colcon.colcon_core.package_identification:Package 'src/step' with type 'ros.ament_python' and name 'step'
[0.547s] Level 1:colcon.colcon_core.package_identification:_identify(tools) by extensions ['ignore', 'ignore_ament_install']
[0.547s] Level 1:colcon.colcon_core.package_identification:_identify(tools) by extension 'ignore'
[0.548s] Level 1:colcon.colcon_core.package_identification:_identify(tools) by extension 'ignore_ament_install'
[0.548s] Level 1:colcon.colcon_core.package_identification:_identify(tools) by extensions ['colcon_pkg']
[0.548s] Level 1:colcon.colcon_core.package_identification:_identify(tools) by extension 'colcon_pkg'
[0.548s] Level 1:colcon.colcon_core.package_identification:_identify(tools) by extensions ['colcon_meta']
[0.548s] Level 1:colcon.colcon_core.package_identification:_identify(tools) by extension 'colcon_meta'
[0.548s] Level 1:colcon.colcon_core.package_identification:_identify(tools) by extensions ['ros']
[0.548s] Level 1:colcon.colcon_core.package_identification:_identify(tools) by extension 'ros'
[0.548s] Level 1:colcon.colcon_core.package_identification:_identify(tools) by extensions ['cmake', 'python']
[0.548s] Level 1:colcon.colcon_core.package_identification:_identify(tools) by extension 'cmake'
[0.548s] Level 1:colcon.colcon_core.package_identification:_identify(tools) by extension 'python'
[0.548s] Level 1:colcon.colcon_core.package_identification:_identify(tools) by extensions ['python_setup_py']
[0.549s] Level 1:colcon.colcon_core.package_identification:_identify(tools) by extension 'python_setup_py'
[0.549s] Level 1:colcon.colcon_core.package_discovery:discover_packages(recursive) using defaults
[0.549s] Level 1:colcon.colcon_core.package_discovery:discover_packages(ignore) discover
[0.549s] Level 1:colcon.colcon_core.package_discovery:discover_packages(ignore) using defaults
[0.549s] Level 1:colcon.colcon_core.package_discovery:discover_packages(path) discover
[0.549s] Level 1:colcon.colcon_core.package_discovery:discover_packages(path) using defaults
[0.613s] INFO:colcon.colcon_core.package_selection:Skipping not selected package 'irc_step_motion_executor' in 'src/irc_step_motion_executor'
[0.614s] Level 1:colcon.colcon_core.package_discovery:discover_packages(prefix_path) check parameters
[0.614s] Level 1:colcon.colcon_core.package_discovery:discover_packages(prefix_path) discover
[0.617s] DEBUG:colcon.colcon_installed_package_information.package_discovery:Found 1 installed packages in /home/jet/IRC/IRC-STEP/IRC_vision_latest/install
[0.619s] DEBUG:colcon.colcon_installed_package_information.package_discovery:Found 279 installed packages in /opt/ros/humble
[0.622s] Level 1:colcon.colcon_core.package_discovery:discover_packages(prefix_path) using defaults
[0.689s] Level 5:colcon.colcon_core.verb:set package 'step' build argument 'cmake_args' from command line to 'None'
[0.689s] Level 5:colcon.colcon_core.verb:set package 'step' build argument 'cmake_target' from command line to 'None'
[0.689s] Level 5:colcon.colcon_core.verb:set package 'step' build argument 'cmake_target_skip_unavailable' from command line to 'False'
[0.689s] Level 5:colcon.colcon_core.verb:set package 'step' build argument 'cmake_clean_cache' from command line to 'False'
[0.689s] Level 5:colcon.colcon_core.verb:set package 'step' build argument 'cmake_clean_first' from command line to 'False'
[0.689s] Level 5:colcon.colcon_core.verb:set package 'step' build argument 'cmake_force_configure' from command line to 'False'
[0.689s] Level 5:colcon.colcon_core.verb:set package 'step' build argument 'ament_cmake_args' from command line to 'None'
[0.689s] Level 5:colcon.colcon_core.verb:set package 'step' build argument 'catkin_cmake_args' from command line to 'None'
[0.689s] Level 5:colcon.colcon_core.verb:set package 'step' build argument 'catkin_skip_building_tests' from command line to 'False'
[0.690s] DEBUG:colcon.colcon_core.verb:Building package 'step' with the following arguments: {'ament_cmake_args': None, 'build_base': '/home/jet/IRC/IRC-STEP/IRC_vision_latest/build/step', 'catkin_cmake_args': None, 'catkin_skip_building_tests': False, 'cmake_args': None, 'cmake_clean_cache': False, 'cmake_clean_first': False, 'cmake_force_configure': False, 'cmake_target': None, 'cmake_target_skip_unavailable': False, 'install_base': '/home/jet/IRC/IRC-STEP/IRC_vision_latest/install/step', 'merge_install': False, 'path': '/home/jet/IRC/IRC-STEP/IRC_vision_latest/src/step', 'symlink_install': False, 'test_result_base': None}
[0.690s] Level 5:colcon.colcon_core.verb:set package 'mission_control' build argument 'cmake_args' from command line to 'None'
[0.690s] Level 5:colcon.colcon_core.verb:set package 'mission_control' build argument 'cmake_target' from command line to 'None'
[0.690s] Level 5:colcon.colcon_core.verb:set package 'mission_control' build argument 'cmake_target_skip_unavailable' from command line to 'False'
[0.690s] Level 5:colcon.colcon_core.verb:set package 'mission_control' build argument 'cmake_clean_cache' from command line to 'False'
[0.690s] Level 5:colcon.colcon_core.verb:set package 'mission_control' build argument 'cmake_clean_first' from command line to 'False'
[0.690s] Level 5:colcon.colcon_core.verb:set package 'mission_control' build argument 'cmake_force_configure' from command line to 'False'
[0.690s] Level 5:colcon.colcon_core.verb:set package 'mission_control' build argument 'ament_cmake_args' from command line to 'None'
[0.691s] Level 5:colcon.colcon_core.verb:set package 'mission_control' build argument 'catkin_cmake_args' from command line to 'None'
[0.691s] Level 5:colcon.colcon_core.verb:set package 'mission_control' build argument 'catkin_skip_building_tests' from command line to 'False'
[0.691s] DEBUG:colcon.colcon_core.verb:Building package 'mission_control' with the following arguments: {'ament_cmake_args': None, 'build_base': '/home/jet/IRC/IRC-STEP/IRC_vision_latest/build/mission_control', 'catkin_cmake_args': None, 'catkin_skip_building_tests': False, 'cmake_args': None, 'cmake_clean_cache': False, 'cmake_clean_first': False, 'cmake_force_configure': False, 'cmake_target': None, 'cmake_target_skip_unavailable': False, 'install_base': '/home/jet/IRC/IRC-STEP/IRC_vision_latest/install/mission_control', 'merge_install': False, 'path': '/home/jet/IRC/IRC-STEP/IRC_vision_latest/src/mission_control', 'symlink_install': False, 'test_result_base': None}
[0.691s] INFO:colcon.colcon_core.executor:Executing jobs using 'sequential' executor
[0.693s] DEBUG:colcon.colcon_core.executor.sequential:run_until_complete 'step'
[0.693s] INFO:colcon.colcon_ros.task.ament_python.build:Building ROS package in '/home/jet/IRC/IRC-STEP/IRC_vision_latest/src/step' with build type 'ament_python'
[0.693s] Level 1:colcon.colcon_core.shell:create_environment_hook('step', 'ament_prefix_path')
[0.697s] INFO:colcon.colcon_core.plugin_system:Skipping extension 'colcon_core.shell.bat': Not used on non-Windows systems
[0.697s] INFO:colcon.colcon_core.shell:Creating environment hook '/home/jet/IRC/IRC-STEP/IRC_vision_latest/install/step/share/step/hook/ament_prefix_path.ps1'
[0.699s] INFO:colcon.colcon_core.shell:Creating environment descriptor '/home/jet/IRC/IRC-STEP/IRC_vision_latest/install/step/share/step/hook/ament_prefix_path.dsv'
[0.699s] INFO:colcon.colcon_core.shell:Creating environment hook '/home/jet/IRC/IRC-STEP/IRC_vision_latest/install/step/share/step/hook/ament_prefix_path.sh'
[0.701s] INFO:colcon.colcon_core.shell:Skip shell extension 'powershell' for command environment: Not usable outside of PowerShell
[0.701s] DEBUG:colcon.colcon_core.shell:Skip shell extension 'dsv' for command environment
[1.182s] INFO:colcon.colcon_core.task.python.build:Building Python package in '/home/jet/IRC/IRC-STEP/IRC_vision_latest/src/step'
[1.183s] INFO:colcon.colcon_core.shell:Skip shell extension 'powershell' for command environment: Not usable outside of PowerShell
[1.183s] DEBUG:colcon.colcon_core.shell:Skip shell extension 'dsv' for command environment
[1.847s] DEBUG:colcon.colcon_core.event_handler.log_command:Invoking command in '/home/jet/IRC/IRC-STEP/IRC_vision_latest/src/step': PYTHONPATH=/home/jet/IRC/IRC-STEP/IRC_vision_latest/build/step/prefix_override:/usr/lib/python3/dist-packages/colcon_core/task/python/colcon_distutils_commands:/home/jet/IRC/IRC-STEP/IRC_vision_latest/install/step/lib/python3.10/site-packages:${PYTHONPATH} /usr/bin/python3 -W ignore:setup.py install is deprecated -W ignore:easy_install command is deprecated setup.py egg_info --egg-base ../../build/step build --build-base /home/jet/IRC/IRC-STEP/IRC_vision_latest/build/step/build install --record /home/jet/IRC/IRC-STEP/IRC_vision_latest/build/step/install.log --single-version-externally-managed install_data
[2.520s] DEBUG:colcon.colcon_core.event_handler.log_command:Invoked command in '/home/jet/IRC/IRC-STEP/IRC_vision_latest/src/step' returned '0': PYTHONPATH=/home/jet/IRC/IRC-STEP/IRC_vision_latest/build/step/prefix_override:/usr/lib/python3/dist-packages/colcon_core/task/python/colcon_distutils_commands:/home/jet/IRC/IRC-STEP/IRC_vision_latest/install/step/lib/python3.10/site-packages:${PYTHONPATH} /usr/bin/python3 -W ignore:setup.py install is deprecated -W ignore:easy_install command is deprecated setup.py egg_info --egg-base ../../build/step build --build-base /home/jet/IRC/IRC-STEP/IRC_vision_latest/build/step/build install --record /home/jet/IRC/IRC-STEP/IRC_vision_latest/build/step/install.log --single-version-externally-managed install_data
[2.528s] Level 1:colcon.colcon_core.environment:checking '/home/jet/IRC/IRC-STEP/IRC_vision_latest/install/step' for CMake module files
[2.530s] Level 1:colcon.colcon_core.environment:checking '/home/jet/IRC/IRC-STEP/IRC_vision_latest/install/step' for CMake config files
[2.532s] Level 1:colcon.colcon_core.environment:checking '/home/jet/IRC/IRC-STEP/IRC_vision_latest/install/step/lib'
[2.533s] Level 1:colcon.colcon_core.environment:checking '/home/jet/IRC/IRC-STEP/IRC_vision_latest/install/step/bin'
[2.533s] Level 1:colcon.colcon_core.environment:checking '/home/jet/IRC/IRC-STEP/IRC_vision_latest/install/step/lib/pkgconfig/step.pc'
[2.534s] Level 1:colcon.colcon_core.environment:checking '/home/jet/IRC/IRC-STEP/IRC_vision_latest/install/step/lib/python3.10/site-packages'
[2.534s] Level 1:colcon.colcon_core.shell:create_environment_hook('step', 'pythonpath')
[2.535s] INFO:colcon.colcon_core.shell:Creating environment hook '/home/jet/IRC/IRC-STEP/IRC_vision_latest/install/step/share/step/hook/pythonpath.ps1'
[2.537s] INFO:colcon.colcon_core.shell:Creating environment descriptor '/home/jet/IRC/IRC-STEP/IRC_vision_latest/install/step/share/step/hook/pythonpath.dsv'
[2.538s] INFO:colcon.colcon_core.shell:Creating environment hook '/home/jet/IRC/IRC-STEP/IRC_vision_latest/install/step/share/step/hook/pythonpath.sh'
[2.541s] Level 1:colcon.colcon_core.environment:checking '/home/jet/IRC/IRC-STEP/IRC_vision_latest/install/step/bin'
[2.541s] Level 1:colcon.colcon_core.environment:create_environment_scripts_only(step)
[2.542s] INFO:colcon.colcon_core.shell:Creating package script '/home/jet/IRC/IRC-STEP/IRC_vision_latest/install/step/share/step/package.ps1'
[2.546s] INFO:colcon.colcon_core.shell:Creating package descriptor '/home/jet/IRC/IRC-STEP/IRC_vision_latest/install/step/share/step/package.dsv'
[2.548s] INFO:colcon.colcon_core.shell:Creating package script '/home/jet/IRC/IRC-STEP/IRC_vision_latest/install/step/share/step/package.sh'
[2.551s] INFO:colcon.colcon_core.shell:Creating package script '/home/jet/IRC/IRC-STEP/IRC_vision_latest/install/step/share/step/package.bash'
[2.554s] INFO:colcon.colcon_core.shell:Creating package script '/home/jet/IRC/IRC-STEP/IRC_vision_latest/install/step/share/step/package.zsh'
[2.556s] Level 1:colcon.colcon_core.environment:create_file_with_runtime_dependencies(/home/jet/IRC/IRC-STEP/IRC_vision_latest/install/step/share/colcon-core/packages/step)
[2.557s] DEBUG:colcon.colcon_core.executor.sequential:run_until_complete 'step' finished with '0'
[2.558s] DEBUG:colcon.colcon_core.executor.sequential:run_until_complete 'mission_control'
[2.558s] INFO:colcon.colcon_ros.task.ament_python.build:Building ROS package in '/home/jet/IRC/IRC-STEP/IRC_vision_latest/src/mission_control' with build type 'ament_python'
[2.559s] Level 1:colcon.colcon_core.shell:create_environment_hook('mission_control', 'ament_prefix_path')
[2.560s] INFO:colcon.colcon_core.shell:Creating environment hook '/home/jet/IRC/IRC-STEP/IRC_vision_latest/install/mission_control/share/mission_control/hook/ament_prefix_path.ps1'
[2.562s] INFO:colcon.colcon_core.shell:Creating environment descriptor '/home/jet/IRC/IRC-STEP/IRC_vision_latest/install/mission_control/share/mission_control/hook/ament_prefix_path.dsv'
[2.563s] INFO:colcon.colcon_core.shell:Creating environment hook '/home/jet/IRC/IRC-STEP/IRC_vision_latest/install/mission_control/share/mission_control/hook/ament_prefix_path.sh'
[2.565s] INFO:colcon.colcon_core.shell:Skip shell extension 'powershell' for command environment: Not usable outside of PowerShell
[2.566s] DEBUG:colcon.colcon_core.shell:Skip shell extension 'dsv' for command environment
[3.054s] INFO:colcon.colcon_core.task.python.build:Building Python package in '/home/jet/IRC/IRC-STEP/IRC_vision_latest/src/mission_control'
[3.055s] INFO:colcon.colcon_core.shell:Skip shell extension 'powershell' for command environment: Not usable outside of PowerShell
[3.056s] DEBUG:colcon.colcon_core.shell:Skip shell extension 'dsv' for command environment
[3.700s] DEBUG:colcon.colcon_core.event_handler.log_command:Invoking command in '/home/jet/IRC/IRC-STEP/IRC_vision_latest/src/mission_control': AMENT_PREFIX_PATH=/home/jet/IRC/IRC-STEP/IRC_vision_latest/install/step:${AMENT_PREFIX_PATH} PYTHONPATH=/home/jet/IRC/IRC-STEP/IRC_vision_latest/build/mission_control/prefix_override:/usr/lib/python3/dist-packages/colcon_core/task/python/colcon_distutils_commands:/home/jet/IRC/IRC-STEP/IRC_vision_latest/install/mission_control/lib/python3.10/site-packages:/home/jet/IRC/IRC-STEP/IRC_vision_latest/install/step/lib/python3.10/site-packages:${PYTHONPATH} /usr/bin/python3 -W ignore:setup.py install is deprecated -W ignore:easy_install command is deprecated setup.py egg_info --egg-base ../../build/mission_control build --build-base /home/jet/IRC/IRC-STEP/IRC_vision_latest/build/mission_control/build install --record /home/jet/IRC/IRC-STEP/IRC_vision_latest/build/mission_control/install.log --single-version-externally-managed install_data
[4.306s] Level 1:colcon.colcon_core.environment:checking '/home/jet/IRC/IRC-STEP/IRC_vision_latest/install/mission_control' for CMake module files
[4.308s] DEBUG:colcon.colcon_core.event_handler.log_command:Invoked command in '/home/jet/IRC/IRC-STEP/IRC_vision_latest/src/mission_control' returned '0': AMENT_PREFIX_PATH=/home/jet/IRC/IRC-STEP/IRC_vision_latest/install/step:${AMENT_PREFIX_PATH} PYTHONPATH=/home/jet/IRC/IRC-STEP/IRC_vision_latest/build/mission_control/prefix_override:/usr/lib/python3/dist-packages/colcon_core/task/python/colcon_distutils_commands:/home/jet/IRC/IRC-STEP/IRC_vision_latest/install/mission_control/lib/python3.10/site-packages:/home/jet/IRC/IRC-STEP/IRC_vision_latest/install/step/lib/python3.10/site-packages:${PYTHONPATH} /usr/bin/python3 -W ignore:setup.py install is deprecated -W ignore:easy_install command is deprecated setup.py egg_info --egg-base ../../build/mission_control build --build-base /home/jet/IRC/IRC-STEP/IRC_vision_latest/build/mission_control/build install --record /home/jet/IRC/IRC-STEP/IRC_vision_latest/build/mission_control/install.log --single-version-externally-managed install_data
[4.310s] Level 1:colcon.colcon_core.environment:checking '/home/jet/IRC/IRC-STEP/IRC_vision_latest/install/mission_control' for CMake config files
[4.312s] Level 1:colcon.colcon_core.environment:checking '/home/jet/IRC/IRC-STEP/IRC_vision_latest/install/mission_control/lib'
[4.312s] Level 1:colcon.colcon_core.environment:checking '/home/jet/IRC/IRC-STEP/IRC_vision_latest/install/mission_control/bin'
[4.312s] Level 1:colcon.colcon_core.environment:checking '/home/jet/IRC/IRC-STEP/IRC_vision_latest/install/mission_control/lib/pkgconfig/mission_control.pc'
[4.313s] Level 1:colcon.colcon_core.environment:checking '/home/jet/IRC/IRC-STEP/IRC_vision_latest/install/mission_control/lib/python3.10/site-packages'
[4.314s] Level 1:colcon.colcon_core.shell:create_environment_hook('mission_control', 'pythonpath')
[4.314s] INFO:colcon.colcon_core.shell:Creating environment hook '/home/jet/IRC/IRC-STEP/IRC_vision_latest/install/mission_control/share/mission_control/hook/pythonpath.ps1'
[4.316s] INFO:colcon.colcon_core.shell:Creating environment descriptor '/home/jet/IRC/IRC-STEP/IRC_vision_latest/install/mission_control/share/mission_control/hook/pythonpath.dsv'
[4.317s] INFO:colcon.colcon_core.shell:Creating environment hook '/home/jet/IRC/IRC-STEP/IRC_vision_latest/install/mission_control/share/mission_control/hook/pythonpath.sh'
[4.320s] Level 1:colcon.colcon_core.environment:checking '/home/jet/IRC/IRC-STEP/IRC_vision_latest/install/mission_control/bin'
[4.320s] Level 1:colcon.colcon_core.environment:create_environment_scripts_only(mission_control)
[4.321s] INFO:colcon.colcon_core.shell:Creating package script '/home/jet/IRC/IRC-STEP/IRC_vision_latest/install/mission_control/share/mission_control/package.ps1'
[4.323s] INFO:colcon.colcon_core.shell:Creating package descriptor '/home/jet/IRC/IRC-STEP/IRC_vision_latest/install/mission_control/share/mission_control/package.dsv'
[4.325s] INFO:colcon.colcon_core.shell:Creating package script '/home/jet/IRC/IRC-STEP/IRC_vision_latest/install/mission_control/share/mission_control/package.sh'
[4.326s] INFO:colcon.colcon_core.shell:Creating package script '/home/jet/IRC/IRC-STEP/IRC_vision_latest/install/mission_control/share/mission_control/package.bash'
[4.328s] INFO:colcon.colcon_core.shell:Creating package script '/home/jet/IRC/IRC-STEP/IRC_vision_latest/install/mission_control/share/mission_control/package.zsh'
[4.329s] Level 1:colcon.colcon_core.environment:create_file_with_runtime_dependencies(/home/jet/IRC/IRC-STEP/IRC_vision_latest/install/mission_control/share/colcon-core/packages/mission_control)
[4.330s] DEBUG:colcon.colcon_core.executor.sequential:run_until_complete 'mission_control' finished with '0'
[4.330s] DEBUG:colcon.colcon_core.executor.sequential:closing loop
[4.331s] DEBUG:colcon.colcon_core.executor.sequential:loop closed
[4.331s] DEBUG:colcon.colcon_core.event_reactor:joining thread
[4.332s] DEBUG:colcon.colcon_core.event_reactor:joined thread
[4.333s] INFO:colcon.colcon_core.shell:Creating prefix script '/home/jet/IRC/IRC-STEP/IRC_vision_latest/install/local_setup.ps1'
[4.337s] INFO:colcon.colcon_core.shell:Creating prefix util module '/home/jet/IRC/IRC-STEP/IRC_vision_latest/install/_local_setup_util_ps1.py'
[4.340s] INFO:colcon.colcon_core.shell:Creating prefix chain script '/home/jet/IRC/IRC-STEP/IRC_vision_latest/install/setup.ps1'
[4.343s] INFO:colcon.colcon_core.shell:Creating prefix script '/home/jet/IRC/IRC-STEP/IRC_vision_latest/install/local_setup.sh'
[4.345s] INFO:colcon.colcon_core.shell:Creating prefix util module '/home/jet/IRC/IRC-STEP/IRC_vision_latest/install/_local_setup_util_sh.py'
[4.346s] INFO:colcon.colcon_core.shell:Creating prefix chain script '/home/jet/IRC/IRC-STEP/IRC_vision_latest/install/setup.sh'
[4.348s] INFO:colcon.colcon_core.shell:Creating prefix script '/home/jet/IRC/IRC-STEP/IRC_vision_latest/install/local_setup.bash'
[4.349s] INFO:colcon.colcon_core.shell:Creating prefix chain script '/home/jet/IRC/IRC-STEP/IRC_vision_latest/install/setup.bash'
[4.353s] INFO:colcon.colcon_core.shell:Creating prefix script '/home/jet/IRC/IRC-STEP/IRC_vision_latest/install/local_setup.zsh'
[4.354s] INFO:colcon.colcon_core.shell:Creating prefix chain script '/home/jet/IRC/IRC-STEP/IRC_vision_latest/install/setup.zsh'
