gmake[2]: Warning: File '/home/jet/IRC/external_sdk/robot_motion_player_sdk_work_20260801/final step/robot_motion_player.cpp' has modification time 30619 s in the future
gmake[2]: Warning: File '/home/jet/IRC/IRC-STEP/IRC_vision_latest/src/irc_step_motion_executor/src/sdk_executor_driver.cpp' has modification time 29898 s in the future
gmake[2]: Warning: File '/home/jet/IRC/IRC-STEP/IRC_vision_latest/src/irc_step_motion_executor/src/motion_backend_factory.cpp' has modification time 29491 s in the future
gmake[2]: warning:  Clock skew detected.  Your build may be incomplete.
gmake[2]: Warning: File '/home/jet/IRC/IRC-STEP/IRC_vision_latest/src/irc_step_motion_executor/include/irc_step_motion_executor/motion_backend_factory.hpp' has modification time 29507 s in the future
gmake[2]: warning:  Clock skew detected.  Your build may be incomplete.
gmake[2]: Warning: File '/home/jet/IRC/IRC-STEP/IRC_vision_latest/src/irc_step_motion_executor/test/test_startup_pose_catalog.cpp' has modification time 32173 s in the future
gmake[2]: Warning: File '/home/jet/IRC/IRC-STEP/IRC_vision_latest/src/irc_step_motion_executor/test/test_startup_pose_gate.cpp' has modification time 29753 s in the future
gmake[2]: Warning: File '/home/jet/IRC/IRC-STEP/IRC_vision_latest/src/irc_step_motion_executor/include/irc_step_motion_executor/sdk_executor_driver.hpp' has modification time 29897 s in the future
gmake[2]: warning:  Clock skew detected.  Your build may be incomplete.
gmake[2]: Warning: File '/home/jet/IRC/external_sdk/robot_motion_player_sdk_work_20260801/final step/robot_motion_player.hpp' has modification time 30391 s in the future
gmake[2]: warning:  Clock skew detected.  Your build may be incomplete.
gmake[2]: warning:  Clock skew detected.  Your build may be incomplete.
gmake[2]: warning:  Clock skew detected.  Your build may be incomplete.
gmake[2]: warning:  Clock skew detected.  Your build may be incomplete.
gmake[2]: warning:  Clock skew detected.  Your build may be incomplete.
gmake[2]: Warning: File '/home/jet/IRC/external_sdk/robot_motion_player_sdk_work_20260801/final step/robot_motion_player.hpp' has modification time 30386 s in the future
gmake[2]: Warning: File '/home/jet/IRC/external_sdk/robot_motion_player_sdk_work_20260801/final step/robot_motion_player.hpp' has modification time 30386 s in the future
gmake[2]: warning:  Clock skew detected.  Your build may be incomplete.
gmake[2]: warning:  Clock skew detected.  Your build may be incomplete.
gmake[2]: Warning: File '/home/jet/IRC/external_sdk/robot_motion_player_sdk_work_20260801/final step/robot_motion_player.hpp' has modification time 30384 s in the future
gmake[2]: Warning: File '/home/jet/IRC/IRC-STEP/IRC_vision_latest/src/irc_step_motion_executor/src/production_robot_motion_runtime_factory.cpp' has modification time 29887 s in the future
gmake[2]: warning:  Clock skew detected.  Your build may be incomplete.
gmake[2]: warning:  Clock skew detected.  Your build may be incomplete.
gmake[2]: Warning: File '/home/jet/IRC/IRC-STEP/IRC_vision_latest/src/irc_step_motion_executor/include/irc_step_motion_executor/robot_motion_runtime_factory.hpp' has modification time 29882 s in the future
gmake[2]: Warning: File '/home/jet/IRC/IRC-STEP/IRC_vision_latest/src/irc_step_motion_executor/src/sdk_executor_node.cpp' has modification time 29739 s in the future
gmake[2]: warning:  Clock skew detected.  Your build may be incomplete.
gmake[2]: Warning: File '/home/jet/IRC/IRC-STEP/IRC_vision_latest/src/irc_step_motion_executor/include/irc_step_motion_executor/robot_motion_runtime_factory.hpp' has modification time 29881 s in the future
gmake[2]: warning:  Clock skew detected.  Your build may be incomplete.
gmake[2]: warning:  Clock skew detected.  Your build may be incomplete.
