[0.017s] Invoking command in '/home/jet/IRC/IRC-STEP/IRC_vision_latest/build/irc_step_motion_executor': CMAKE_PREFIX_PATH=${CMAKE_PREFIX_PATH}:/home/jet/IRC/IRC-STEP/IRC_vision_latest/install/mission_control:/home/jet/IRC/IRC-STEP/IRC_vision_latest/install/step:/opt/ros/humble /usr/bin/cmake --build /home/jet/IRC/IRC-STEP/IRC_vision_latest/build/irc_step_motion_executor -- -j6 -l6
[0.060s] -- Found ament_cmake: 1.3.14 (/opt/ros/humble/share/ament_cmake/cmake)
[0.307s] -- Found ament_index_cpp: 1.4.1 (/opt/ros/humble/share/ament_index_cpp/cmake)
[0.319s] -- Found rclcpp: 16.0.19 (/opt/ros/humble/share/rclcpp/cmake)
[0.389s] -- Found rosidl_generator_c: 3.1.8 (/opt/ros/humble/share/rosidl_generator_c/cmake)
[0.394s] -- Found rosidl_adapter: 3.1.8 (/opt/ros/humble/share/rosidl_adapter/cmake)
[0.404s] -- Found rosidl_generator_cpp: 3.1.8 (/opt/ros/humble/share/rosidl_generator_cpp/cmake)
[0.420s] -- Using all available rosidl_typesupport_c: rosidl_typesupport_fastrtps_c;rosidl_typesupport_introspection_c
[0.439s] -- Using all available rosidl_typesupport_cpp: rosidl_typesupport_fastrtps_cpp;rosidl_typesupport_introspection_cpp
[0.489s] -- Found rmw_implementation_cmake: 6.1.2 (/opt/ros/humble/share/rmw_implementation_cmake/cmake)
[0.491s] -- Found rmw_fastrtps_cpp: 6.2.10 (/opt/ros/humble/share/rmw_fastrtps_cpp/cmake)
[0.653s] -- Using RMW implementation 'rmw_fastrtps_cpp' as default
[0.731s] -- Found yaml_cpp_vendor: 8.0.2 (/opt/ros/humble/share/yaml_cpp_vendor/cmake)
[0.732s] -- SDK inclusion enabled; no SDK backend is instantiated by this package
[0.848s] -- Found ament_cmake_gtest: 1.3.14 (/opt/ros/humble/share/ament_cmake_gtest/cmake)
[0.850s] -- Found gtest sources under '/opt/ros/humble/src/gtest_vendor': C++ tests using 'Google Test' will be built
[0.900s] -- Found launch_testing_ament_cmake: 1.0.14 (/opt/ros/humble/share/launch_testing_ament_cmake/cmake)
[0.901s] -- Found python_cmake_module: 0.10.0 (/opt/ros/humble/share/python_cmake_module/cmake)
[0.948s] -- Using PYTHON_EXECUTABLE: /usr/bin/python3
[0.948s] -- Using PYTHON_INCLUDE_DIRS: /usr/include/python3.10
[0.948s] -- Using PYTHON_LIBRARIES: /usr/lib/aarch64-linux-gnu/libpython3.10.so
[1.082s] -- Configuring done
[1.188s] -- Generating done
[1.217s] -- Build files have been written to: /home/jet/IRC/IRC-STEP/IRC_vision_latest/build/irc_step_motion_executor
[1.277s] [35m[1mConsolidate compiler generated dependencies of target gtest_main[0m
[1.277s] [35m[1mConsolidate compiler generated dependencies of target gtest[0m
[1.277s] [35m[1mConsolidate compiler generated dependencies of target robot_motion_runtime_config[0m
[1.277s] [35m[1mConsolidate compiler generated dependencies of target catalog_only_core[0m
[1.277s] [35m[1mConsolidate compiler generated dependencies of target motion_core[0m
[1.304s] [  9%] Built target robot_motion_runtime_config
[1.304s] [  9%] Built target catalog_only_core
[1.304s] [ 12%] Built target gtest_main
[1.305s] [ 14%] Built target motion_core
[1.305s] [ 17%] Built target gtest
[1.325s] [35m[1mConsolidate compiler generated dependencies of target sdk_executor_core[0m
[1.325s] [35m[1mConsolidate compiler generated dependencies of target test_motion_json_catalog[0m
[1.325s] [35m[1mConsolidate compiler generated dependencies of target test_robot_motion_parameter_types[0m
[1.325s] [35m[1mConsolidate compiler generated dependencies of target test_robot_motion_runtime_config[0m
[1.327s] [35m[1mConsolidate compiler generated dependencies of target test_catalog_only_core[0m
[1.327s] [35m[1mConsolidate compiler generated dependencies of target catalog_only_node[0m
[1.349s] [ 23%] Built target sdk_executor_core
[1.349s] [ 23%] Built target test_robot_motion_runtime_config
[1.354s] [ 28%] Built target test_robot_motion_parameter_types
[1.354s] [ 29%] Built target test_motion_json_catalog
[1.354s] [ 32%] Built target test_catalog_only_core
[1.359s] [ 35%] Built target catalog_only_node
[1.367s] [35m[1mConsolidate compiler generated dependencies of target simulated_motion_backend[0m
[1.367s] [35m[1mConsolidate compiler generated dependencies of target motion_player_core[0m
[1.371s] [35m[1mConsolidate compiler generated dependencies of target test_sdk_executor_core[0m
[1.372s] [35m[1mConsolidate compiler generated dependencies of target sdk_executor_driver[0m
[1.375s] gmake[2]: Warning: File '/home/jet/IRC/external_sdk/robot_motion_player_sdk_work_20260801/final step/robot_motion_player.cpp' has modification time 30619 s in the future
[1.383s] gmake[2]: Warning: File '/home/jet/IRC/IRC-STEP/IRC_vision_latest/src/irc_step_motion_executor/src/sdk_executor_driver.cpp' has modification time 29898 s in the future
[1.389s] [ 40%] Built target simulated_motion_backend
[1.389s] [ 40%] [32mBuilding CXX object robot_motion_sdk/CMakeFiles/motion_player_core.dir/robot_motion_player.cpp.o[0m
[1.396s] [ 43%] Built target test_sdk_executor_core
[1.398s] [ 46%] [32mBuilding CXX object CMakeFiles/sdk_executor_driver.dir/src/startup_pose_catalog.cpp.o[0m
[1.398s] [ 46%] [32mBuilding CXX object CMakeFiles/sdk_executor_driver.dir/src/sdk_executor_driver.cpp.o[0m
[1.399s] [ 48%] [32mBuilding CXX object CMakeFiles/sdk_executor_driver.dir/src/startup_pose_gate.cpp.o[0m
[1.411s] [35m[1mConsolidate compiler generated dependencies of target motion_backend_factory[0m
[1.415s] [35m[1mConsolidate compiler generated dependencies of target test_simulated_motion_backend[0m
[1.420s] gmake[2]: Warning: File '/home/jet/IRC/IRC-STEP/IRC_vision_latest/src/irc_step_motion_executor/src/motion_backend_factory.cpp' has modification time 29491 s in the future
[1.435s] [ 50%] [32mBuilding CXX object CMakeFiles/motion_backend_factory.dir/src/motion_backend_factory.cpp.o[0m
[1.440s] [ 53%] Built target test_simulated_motion_backend
[2.248s] [ 54%] [32m[1mLinking CXX static library libmotion_backend_factory.a[0m
[2.292s] gmake[2]: warning:  Clock skew detected.  Your build may be incomplete.
[2.307s] [ 54%] Built target motion_backend_factory
[2.327s] [35m[1mConsolidate compiler generated dependencies of target test_motion_backend_factory[0m
[2.327s] [ 56%] [32m[1mLinking CXX static library libsdk_executor_driver.a[0m
[2.337s] gmake[2]: Warning: File '/home/jet/IRC/IRC-STEP/IRC_vision_latest/src/irc_step_motion_executor/include/irc_step_motion_executor/motion_backend_factory.hpp' has modification time 29507 s in the future
[2.354s] [ 57%] [32mBuilding CXX object CMakeFiles/test_motion_backend_factory.dir/test/test_motion_backend_factory.cpp.o[0m
[2.377s] gmake[2]: warning:  Clock skew detected.  Your build may be incomplete.
[2.392s] [ 57%] Built target sdk_executor_driver
[2.410s] [35m[1mConsolidate compiler generated dependencies of target test_startup_pose_gate[0m
[2.410s] [35m[1mConsolidate compiler generated dependencies of target test_sdk_executor_driver[0m
[2.414s] gmake[2]: Warning: File '/home/jet/IRC/IRC-STEP/IRC_vision_latest/src/irc_step_motion_executor/test/test_startup_pose_catalog.cpp' has modification time 32173 s in the future
[2.421s] gmake[2]: Warning: File '/home/jet/IRC/IRC-STEP/IRC_vision_latest/src/irc_step_motion_executor/test/test_startup_pose_gate.cpp' has modification time 29753 s in the future
[2.421s] gmake[2]: Warning: File '/home/jet/IRC/IRC-STEP/IRC_vision_latest/src/irc_step_motion_executor/include/irc_step_motion_executor/sdk_executor_driver.hpp' has modification time 29897 s in the future
[2.428s] [ 59%] [32mBuilding CXX object CMakeFiles/test_startup_pose_catalog.dir/test/test_startup_pose_catalog.cpp.o[0m
[2.436s] [ 62%] [32mBuilding CXX object CMakeFiles/test_sdk_executor_driver.dir/test/test_sdk_executor_driver.cpp.o[0m
[2.436s] [ 62%] [32mBuilding CXX object CMakeFiles/test_startup_pose_gate.dir/test/test_startup_pose_gate.cpp.o[0m
[4.834s] [ 64%] [32m[1mLinking CXX executable test_startup_pose_catalog[0m
[4.866s] [ 65%] [32m[1mLinking CXX static library libmotion_player_core.a[0m
[4.932s] gmake[2]: warning:  Clock skew detected.  Your build may be incomplete.
[4.949s] [ 65%] Built target motion_player_core
[4.973s] [35m[1mConsolidate compiler generated dependencies of target robot_control[0m
[4.993s] gmake[2]: Warning: File '/home/jet/IRC/external_sdk/robot_motion_player_sdk_work_20260801/final step/robot_motion_player.hpp' has modification time 30391 s in the future
[5.012s] [ 67%] [32mBuilding CXX object robot_motion_sdk/CMakeFiles/robot_control.dir/robot_motion_player_dynamixel.cpp.o[0m
[5.113s] gmake[2]: warning:  Clock skew detected.  Your build may be incomplete.
[5.129s] [ 67%] Built target test_startup_pose_catalog
[5.261s] [ 68%] [32m[1mLinking CXX executable test_startup_pose_gate[0m
[5.322s] [ 70%] [32m[1mLinking CXX executable test_motion_backend_factory[0m
[5.419s] [ 71%] [32m[1mLinking CXX executable test_sdk_executor_driver[0m
[5.565s] gmake[2]: warning:  Clock skew detected.  Your build may be incomplete.
[5.582s] [ 71%] Built target test_startup_pose_gate
[5.605s] gmake[2]: warning:  Clock skew detected.  Your build may be incomplete.
[5.621s] [ 71%] Built target test_motion_backend_factory
[5.713s] gmake[2]: warning:  Clock skew detected.  Your build may be incomplete.
[5.728s] [ 71%] Built target test_sdk_executor_driver
[9.578s] [ 73%] [32m[1mLinking CXX static library librobot_control.a[0m
[9.663s] gmake[2]: warning:  Clock skew detected.  Your build may be incomplete.
[9.681s] [ 78%] Built target robot_control
[9.699s] [35m[1mConsolidate compiler generated dependencies of target irc_step_motion_sdk_compile_probe[0m
[9.699s] [35m[1mConsolidate compiler generated dependencies of target robot_motion_player_backend[0m
[9.707s] gmake[2]: Warning: File '/home/jet/IRC/external_sdk/robot_motion_player_sdk_work_20260801/final step/robot_motion_player.hpp' has modification time 30386 s in the future
[9.708s] gmake[2]: Warning: File '/home/jet/IRC/external_sdk/robot_motion_player_sdk_work_20260801/final step/robot_motion_player.hpp' has modification time 30386 s in the future
[9.723s] [ 81%] [32mBuilding CXX object CMakeFiles/robot_motion_player_backend.dir/src/robot_motion_player_backend.cpp.o[0m
[9.723s] [ 81%] [32mBuilding CXX object CMakeFiles/irc_step_motion_sdk_compile_probe.dir/src/sdk_compile_probe.cpp.o[0m
[10.879s] [ 82%] [32m[1mLinking CXX shared library libirc_step_motion_sdk_compile_probe.so[0m
[10.937s] gmake[2]: warning:  Clock skew detected.  Your build may be incomplete.
[10.952s] [ 82%] Built target irc_step_motion_sdk_compile_probe
[11.534s] [ 84%] [32m[1mLinking CXX static library librobot_motion_player_backend.a[0m
[11.584s] gmake[2]: warning:  Clock skew detected.  Your build may be incomplete.
[11.601s] [ 84%] Built target robot_motion_player_backend
[11.619s] [35m[1mConsolidate compiler generated dependencies of target test_robot_motion_player_backend[0m
[11.620s] [35m[1mConsolidate compiler generated dependencies of target production_robot_motion_runtime_factory[0m
[11.630s] gmake[2]: Warning: File '/home/jet/IRC/external_sdk/robot_motion_player_sdk_work_20260801/final step/robot_motion_player.hpp' has modification time 30384 s in the future
[11.630s] gmake[2]: Warning: File '/home/jet/IRC/IRC-STEP/IRC_vision_latest/src/irc_step_motion_executor/src/production_robot_motion_runtime_factory.cpp' has modification time 29887 s in the future
[11.647s] [ 85%] [32mBuilding CXX object CMakeFiles/production_robot_motion_runtime_factory.dir/src/production_robot_motion_runtime_factory.cpp.o[0m
[11.648s] [ 87%] [32mBuilding CXX object CMakeFiles/test_robot_motion_player_backend.dir/test/test_robot_motion_player_backend.cpp.o[0m
[14.635s] [ 89%] [32m[1mLinking CXX executable test_robot_motion_player_backend[0m
[15.007s] gmake[2]: warning:  Clock skew detected.  Your build may be incomplete.
[15.025s] [ 89%] Built target test_robot_motion_player_backend
[16.438s] [ 90%] [32m[1mLinking CXX static library libproduction_robot_motion_runtime_factory.a[0m
[16.491s] gmake[2]: warning:  Clock skew detected.  Your build may be incomplete.
[16.510s] [ 90%] Built target production_robot_motion_runtime_factory
[16.529s] [35m[1mConsolidate compiler generated dependencies of target sdk_hardware_preflight_core[0m
[16.530s] [35m[1mConsolidate compiler generated dependencies of target sdk_motion_executor[0m
[16.537s] gmake[2]: Warning: File '/home/jet/IRC/IRC-STEP/IRC_vision_latest/src/irc_step_motion_executor/include/irc_step_motion_executor/robot_motion_runtime_factory.hpp' has modification time 29882 s in the future
[16.545s] gmake[2]: Warning: File '/home/jet/IRC/IRC-STEP/IRC_vision_latest/src/irc_step_motion_executor/src/sdk_executor_node.cpp' has modification time 29739 s in the future
[16.555s] [ 92%] [32mBuilding CXX object CMakeFiles/sdk_hardware_preflight_core.dir/src/sdk_hardware_preflight_core.cpp.o[0m
[16.563s] [ 93%] [32mBuilding CXX object CMakeFiles/sdk_motion_executor.dir/src/sdk_executor_node.cpp.o[0m
[17.996s] [ 95%] [32m[1mLinking CXX static library libsdk_hardware_preflight_core.a[0m
[18.049s] gmake[2]: warning:  Clock skew detected.  Your build may be incomplete.
[18.066s] [ 95%] Built target sdk_hardware_preflight_core
[18.088s] [35m[1mConsolidate compiler generated dependencies of target sdk_hardware_preflight[0m
[18.098s] gmake[2]: Warning: File '/home/jet/IRC/IRC-STEP/IRC_vision_latest/src/irc_step_motion_executor/include/irc_step_motion_executor/robot_motion_runtime_factory.hpp' has modification time 29881 s in the future
[18.115s] [ 96%] [32mBuilding CXX object CMakeFiles/sdk_hardware_preflight.dir/src/sdk_hardware_preflight.cpp.o[0m
[19.290s] [ 98%] [32m[1mLinking CXX executable sdk_hardware_preflight[0m
[19.599s] gmake[2]: warning:  Clock skew detected.  Your build may be incomplete.
[19.617s] [ 98%] Built target sdk_hardware_preflight
[35.563s] [100%] [32m[1mLinking CXX executable sdk_motion_executor[0m
[36.627s] gmake[2]: warning:  Clock skew detected.  Your build may be incomplete.
[36.646s] [100%] Built target sdk_motion_executor
[36.672s] Invoked command in '/home/jet/IRC/IRC-STEP/IRC_vision_latest/build/irc_step_motion_executor' returned '0': CMAKE_PREFIX_PATH=${CMAKE_PREFIX_PATH}:/home/jet/IRC/IRC-STEP/IRC_vision_latest/install/mission_control:/home/jet/IRC/IRC-STEP/IRC_vision_latest/install/step:/opt/ros/humble /usr/bin/cmake --build /home/jet/IRC/IRC-STEP/IRC_vision_latest/build/irc_step_motion_executor -- -j6 -l6
[36.695s] Invoking command in '/home/jet/IRC/IRC-STEP/IRC_vision_latest/build/irc_step_motion_executor': CMAKE_PREFIX_PATH=${CMAKE_PREFIX_PATH}:/home/jet/IRC/IRC-STEP/IRC_vision_latest/install/mission_control:/home/jet/IRC/IRC-STEP/IRC_vision_latest/install/step:/opt/ros/humble /usr/bin/cmake --install /home/jet/IRC/IRC-STEP/IRC_vision_latest/build/irc_step_motion_executor
[36.713s] -- Install configuration: ""
[36.713s] -- Installing: /home/jet/IRC/IRC-STEP/IRC_vision_latest/install/irc_step_motion_executor/lib/librobot_motion_player_backend.a
[36.714s] -- Installing: /home/jet/IRC/IRC-STEP/IRC_vision_latest/install/irc_step_motion_executor/lib/libproduction_robot_motion_runtime_factory.a
[36.715s] -- Installing: /home/jet/IRC/IRC-STEP/IRC_vision_latest/install/irc_step_motion_executor/lib/libsdk_hardware_preflight_core.a
[36.716s] -- Installing: /home/jet/IRC/IRC-STEP/IRC_vision_latest/install/irc_step_motion_executor/lib/irc_step_motion_executor/sdk_hardware_preflight
[36.720s] -- Set runtime path of "/home/jet/IRC/IRC-STEP/IRC_vision_latest/install/irc_step_motion_executor/lib/irc_step_motion_executor/sdk_hardware_preflight" to ""
[36.720s] -- Up-to-date: /home/jet/IRC/IRC-STEP/IRC_vision_latest/install/irc_step_motion_executor/lib/libcatalog_only_core.a
[36.721s] -- Up-to-date: /home/jet/IRC/IRC-STEP/IRC_vision_latest/install/irc_step_motion_executor/lib/libsdk_executor_core.a
[36.721s] -- Up-to-date: /home/jet/IRC/IRC-STEP/IRC_vision_latest/install/irc_step_motion_executor/lib/libsimulated_motion_backend.a
[36.721s] -- Up-to-date: /home/jet/IRC/IRC-STEP/IRC_vision_latest/install/irc_step_motion_executor/lib/librobot_motion_runtime_config.a
[36.721s] -- Installing: /home/jet/IRC/IRC-STEP/IRC_vision_latest/install/irc_step_motion_executor/lib/libmotion_backend_factory.a
[36.722s] -- Installing: /home/jet/IRC/IRC-STEP/IRC_vision_latest/install/irc_step_motion_executor/lib/libsdk_executor_driver.a
[36.722s] -- Up-to-date: /home/jet/IRC/IRC-STEP/IRC_vision_latest/install/irc_step_motion_executor/lib/irc_step_motion_executor/catalog_only_node
[36.723s] -- Installing: /home/jet/IRC/IRC-STEP/IRC_vision_latest/install/irc_step_motion_executor/lib/irc_step_motion_executor/sdk_motion_executor
[36.735s] -- Set runtime path of "/home/jet/IRC/IRC-STEP/IRC_vision_latest/install/irc_step_motion_executor/lib/irc_step_motion_executor/sdk_motion_executor" to ""
[36.736s] -- Up-to-date: /home/jet/IRC/IRC-STEP/IRC_vision_latest/install/irc_step_motion_executor/include
[36.736s] -- Up-to-date: /home/jet/IRC/IRC-STEP/IRC_vision_latest/install/irc_step_motion_executor/include/irc_step_motion_executor
[36.737s] -- Up-to-date: /home/jet/IRC/IRC-STEP/IRC_vision_latest/install/irc_step_motion_executor/include/irc_step_motion_executor/sdk_executor_core.hpp
[36.737s] -- Up-to-date: /home/jet/IRC/IRC-STEP/IRC_vision_latest/install/irc_step_motion_executor/include/irc_step_motion_executor/robot_motion_player_backend.hpp
[36.737s] -- Up-to-date: /home/jet/IRC/IRC-STEP/IRC_vision_latest/install/irc_step_motion_executor/include/irc_step_motion_executor/sdk_executor_driver.hpp
[36.738s] -- Up-to-date: /home/jet/IRC/IRC-STEP/IRC_vision_latest/install/irc_step_motion_executor/include/irc_step_motion_executor/startup_pose_gate.hpp
[36.738s] -- Up-to-date: /home/jet/IRC/IRC-STEP/IRC_vision_latest/install/irc_step_motion_executor/include/irc_step_motion_executor/simulated_motion_backend.hpp
[36.738s] -- Up-to-date: /home/jet/IRC/IRC-STEP/IRC_vision_latest/install/irc_step_motion_executor/include/irc_step_motion_executor/robot_motion_runtime_config.hpp
[36.739s] -- Up-to-date: /home/jet/IRC/IRC-STEP/IRC_vision_latest/install/irc_step_motion_executor/include/irc_step_motion_executor/robot_motion_runtime_factory.hpp
[36.739s] -- Up-to-date: /home/jet/IRC/IRC-STEP/IRC_vision_latest/install/irc_step_motion_executor/include/irc_step_motion_executor/sdk_hardware_preflight_core.hpp
[36.739s] -- Up-to-date: /home/jet/IRC/IRC-STEP/IRC_vision_latest/install/irc_step_motion_executor/include/irc_step_motion_executor/motion_backend.hpp
[36.740s] -- Up-to-date: /home/jet/IRC/IRC-STEP/IRC_vision_latest/install/irc_step_motion_executor/include/irc_step_motion_executor/catalog_only_core.hpp
[36.740s] -- Up-to-date: /home/jet/IRC/IRC-STEP/IRC_vision_latest/install/irc_step_motion_executor/include/irc_step_motion_executor/motion_backend_factory.hpp
[36.740s] -- Up-to-date: /home/jet/IRC/IRC-STEP/IRC_vision_latest/install/irc_step_motion_executor/include/irc_step_motion_executor/startup_pose_catalog.hpp
[36.740s] -- Up-to-date: /home/jet/IRC/IRC-STEP/IRC_vision_latest/install/irc_step_motion_executor/share/irc_step_motion_executor/config
[36.740s] -- Up-to-date: /home/jet/IRC/IRC-STEP/IRC_vision_latest/install/irc_step_motion_executor/share/irc_step_motion_executor/config/motion_aliases.yaml
[36.741s] -- Up-to-date: /home/jet/IRC/IRC-STEP/IRC_vision_latest/install/irc_step_motion_executor/share/irc_step_motion_executor/launch
[36.741s] -- Up-to-date: /home/jet/IRC/IRC-STEP/IRC_vision_latest/install/irc_step_motion_executor/share/irc_step_motion_executor/launch/sdk_executor_simulated.launch.py
[36.741s] -- Up-to-date: /home/jet/IRC/IRC-STEP/IRC_vision_latest/install/irc_step_motion_executor/share/irc_step_motion_executor/launch/sdk_motion_test.launch.py
[36.741s] -- Up-to-date: /home/jet/IRC/IRC-STEP/IRC_vision_latest/install/irc_step_motion_executor/share/irc_step_motion_executor/launch/catalog_only.launch.py
[36.742s] -- Up-to-date: /home/jet/IRC/IRC-STEP/IRC_vision_latest/install/irc_step_motion_executor/lib/irc_step_motion_executor/manual_motion_request.py
[36.742s] -- Up-to-date: /home/jet/IRC/IRC-STEP/IRC_vision_latest/install/irc_step_motion_executor/lib/irc_step_motion_executor/validate_motion_catalog.py
[36.743s] -- Up-to-date: /home/jet/IRC/IRC-STEP/IRC_vision_latest/install/irc_step_motion_executor/share/irc_step_motion_executor/environment/library_path.sh
[36.744s] -- Installing: /home/jet/IRC/IRC-STEP/IRC_vision_latest/install/irc_step_motion_executor/share/irc_step_motion_executor/environment/library_path.dsv
[36.745s] -- Up-to-date: /home/jet/IRC/IRC-STEP/IRC_vision_latest/install/irc_step_motion_executor/share/ament_index/resource_index/package_run_dependencies/irc_step_motion_executor
[36.745s] -- Up-to-date: /home/jet/IRC/IRC-STEP/IRC_vision_latest/install/irc_step_motion_executor/share/ament_index/resource_index/parent_prefix_path/irc_step_motion_executor
[36.746s] -- Up-to-date: /home/jet/IRC/IRC-STEP/IRC_vision_latest/install/irc_step_motion_executor/share/irc_step_motion_executor/environment/ament_prefix_path.sh
[36.747s] -- Installing: /home/jet/IRC/IRC-STEP/IRC_vision_latest/install/irc_step_motion_executor/share/irc_step_motion_executor/environment/ament_prefix_path.dsv
[36.748s] -- Up-to-date: /home/jet/IRC/IRC-STEP/IRC_vision_latest/install/irc_step_motion_executor/share/irc_step_motion_executor/environment/path.sh
[36.748s] -- Installing: /home/jet/IRC/IRC-STEP/IRC_vision_latest/install/irc_step_motion_executor/share/irc_step_motion_executor/environment/path.dsv
[36.749s] -- Up-to-date: /home/jet/IRC/IRC-STEP/IRC_vision_latest/install/irc_step_motion_executor/share/irc_step_motion_executor/local_setup.bash
[36.749s] -- Up-to-date: /home/jet/IRC/IRC-STEP/IRC_vision_latest/install/irc_step_motion_executor/share/irc_step_motion_executor/local_setup.sh
[36.750s] -- Up-to-date: /home/jet/IRC/IRC-STEP/IRC_vision_latest/install/irc_step_motion_executor/share/irc_step_motion_executor/local_setup.zsh
[36.750s] -- Installing: /home/jet/IRC/IRC-STEP/IRC_vision_latest/install/irc_step_motion_executor/share/irc_step_motion_executor/local_setup.dsv
[36.751s] -- Installing: /home/jet/IRC/IRC-STEP/IRC_vision_latest/install/irc_step_motion_executor/share/irc_step_motion_executor/package.dsv
[36.751s] -- Up-to-date: /home/jet/IRC/IRC-STEP/IRC_vision_latest/install/irc_step_motion_executor/share/ament_index/resource_index/packages/irc_step_motion_executor
[36.751s] -- Up-to-date: /home/jet/IRC/IRC-STEP/IRC_vision_latest/install/irc_step_motion_executor/share/irc_step_motion_executor/cmake/ament_cmake_export_include_directories-extras.cmake
[36.752s] -- Up-to-date: /home/jet/IRC/IRC-STEP/IRC_vision_latest/install/irc_step_motion_executor/share/irc_step_motion_executor/cmake/ament_cmake_export_libraries-extras.cmake
[36.752s] -- Up-to-date: /home/jet/IRC/IRC-STEP/IRC_vision_latest/install/irc_step_motion_executor/share/irc_step_motion_executor/cmake/irc_step_motion_executorConfig.cmake
[36.753s] -- Up-to-date: /home/jet/IRC/IRC-STEP/IRC_vision_latest/install/irc_step_motion_executor/share/irc_step_motion_executor/cmake/irc_step_motion_executorConfig-version.cmake
[36.754s] -- Up-to-date: /home/jet/IRC/IRC-STEP/IRC_vision_latest/install/irc_step_motion_executor/share/irc_step_motion_executor/package.xml
[36.754s] Invoked command in '/home/jet/IRC/IRC-STEP/IRC_vision_latest/build/irc_step_motion_executor' returned '0': CMAKE_PREFIX_PATH=${CMAKE_PREFIX_PATH}:/home/jet/IRC/IRC-STEP/IRC_vision_latest/install/mission_control:/home/jet/IRC/IRC-STEP/IRC_vision_latest/install/step:/opt/ros/humble /usr/bin/cmake --install /home/jet/IRC/IRC-STEP/IRC_vision_latest/build/irc_step_motion_executor
