[0.016s] Invoking command in '/home/jet/IRC/IRC-STEP/IRC_vision_latest/build/irc_step_motion_executor': CMAKE_PREFIX_PATH=${CMAKE_PREFIX_PATH}:/opt/ros/humble /usr/bin/cmake --build /home/jet/IRC/IRC-STEP/IRC_vision_latest/build/irc_step_motion_executor -- -j6 -l6
[0.060s] -- Found ament_cmake: 1.3.14 (/opt/ros/humble/share/ament_cmake/cmake)
[0.306s] -- Found ament_index_cpp: 1.4.1 (/opt/ros/humble/share/ament_index_cpp/cmake)
[0.317s] -- Found rclcpp: 16.0.19 (/opt/ros/humble/share/rclcpp/cmake)
[0.392s] -- Found rosidl_generator_c: 3.1.8 (/opt/ros/humble/share/rosidl_generator_c/cmake)
[0.396s] -- Found rosidl_adapter: 3.1.8 (/opt/ros/humble/share/rosidl_adapter/cmake)
[0.407s] -- Found rosidl_generator_cpp: 3.1.8 (/opt/ros/humble/share/rosidl_generator_cpp/cmake)
[0.422s] -- Using all available rosidl_typesupport_c: rosidl_typesupport_fastrtps_c;rosidl_typesupport_introspection_c
[0.441s] -- Using all available rosidl_typesupport_cpp: rosidl_typesupport_fastrtps_cpp;rosidl_typesupport_introspection_cpp
[0.492s] -- Found rmw_implementation_cmake: 6.1.2 (/opt/ros/humble/share/rmw_implementation_cmake/cmake)
[0.494s] -- Found rmw_fastrtps_cpp: 6.2.10 (/opt/ros/humble/share/rmw_fastrtps_cpp/cmake)
[0.647s] -- Using RMW implementation 'rmw_fastrtps_cpp' as default
[0.725s] -- Found yaml_cpp_vendor: 8.0.2 (/opt/ros/humble/share/yaml_cpp_vendor/cmake)
[0.726s] -- SDK inclusion enabled; no SDK backend is instantiated by this package
[0.843s] -- Found ament_cmake_gtest: 1.3.14 (/opt/ros/humble/share/ament_cmake_gtest/cmake)
[0.844s] -- Found gtest sources under '/opt/ros/humble/src/gtest_vendor': C++ tests using 'Google Test' will be built
[0.878s] -- Found launch_testing_ament_cmake: 1.0.14 (/opt/ros/humble/share/launch_testing_ament_cmake/cmake)
[0.879s] -- Found python_cmake_module: 0.10.0 (/opt/ros/humble/share/python_cmake_module/cmake)
[0.926s] -- Using PYTHON_EXECUTABLE: /usr/bin/python3
[0.926s] -- Using PYTHON_INCLUDE_DIRS: /usr/include/python3.10
[0.926s] -- Using PYTHON_LIBRARIES: /usr/lib/aarch64-linux-gnu/libpython3.10.so
[1.056s] -- Configuring done
[1.153s] -- Generating done
[1.181s] -- Build files have been written to: /home/jet/IRC/IRC-STEP/IRC_vision_latest/build/irc_step_motion_executor
[1.240s] [35m[1mConsolidate compiler generated dependencies of target catalog_only_core[0m
[1.240s] [35m[1mConsolidate compiler generated dependencies of target robot_motion_runtime_config[0m
[1.240s] [35m[1mConsolidate compiler generated dependencies of target gtest_main[0m
[1.240s] [35m[1mConsolidate compiler generated dependencies of target gtest[0m
[1.240s] [35m[1mConsolidate compiler generated dependencies of target motion_core[0m
[1.265s] [  8%] Built target gtest_main
[1.265s] [ 12%] Built target robot_motion_runtime_config
[1.265s] [ 15%] Built target catalog_only_core
[1.265s] [ 15%] Built target motion_core
[1.270s] [ 18%] Built target gtest
[1.284s] [35m[1mConsolidate compiler generated dependencies of target sdk_executor_core[0m
[1.284s] [35m[1mConsolidate compiler generated dependencies of target catalog_only_node[0m
[1.284s] [35m[1mConsolidate compiler generated dependencies of target motion_player_core[0m
[1.287s] [35m[1mConsolidate compiler generated dependencies of target test_catalog_only_core[0m
[1.288s] [35m[1mConsolidate compiler generated dependencies of target test_motion_json_catalog[0m
[1.288s] [35m[1mConsolidate compiler generated dependencies of target test_robot_motion_runtime_config[0m
[1.297s] gmake[2]: Warning: File '/home/jet/IRC/IRC-STEP/IRC_vision_latest/src/irc_step_motion_executor/test/test_catalog_only_core.cpp' has modification time 27335 s in the future
[1.306s] [ 22%] Built target sdk_executor_core
[1.307s] [ 25%] Built target motion_player_core
[1.312s] [ 29%] [32mBuilding CXX object CMakeFiles/test_catalog_only_core.dir/test/test_catalog_only_core.cpp.o[0m
[1.312s] [ 32%] Built target test_robot_motion_runtime_config
[1.312s] [ 34%] Built target test_motion_json_catalog
[1.322s] [ 37%] Built target catalog_only_node
[1.323s] [35m[1mConsolidate compiler generated dependencies of target test_robot_motion_parameter_types[0m
[1.325s] [35m[1mConsolidate compiler generated dependencies of target robot_control[0m
[1.331s] [35m[1mConsolidate compiler generated dependencies of target simulated_motion_backend[0m
[1.331s] [35m[1mConsolidate compiler generated dependencies of target sdk_executor_driver[0m
[1.344s] [35m[1mConsolidate compiler generated dependencies of target test_sdk_executor_core[0m
[1.349s] [ 41%] Built target test_robot_motion_parameter_types
[1.353s] gmake[2]: Warning: File '/home/jet/IRC/IRC-STEP/IRC_vision_latest/src/irc_step_motion_executor/test/test_sdk_executor_core.cpp' has modification time 27284 s in the future
[1.353s] [ 48%] Built target sdk_executor_driver
[1.353s] [ 48%] Built target simulated_motion_backend
[1.362s] [ 56%] Built target robot_control
[1.369s] [ 58%] [32mBuilding CXX object CMakeFiles/test_sdk_executor_core.dir/test/test_sdk_executor_core.cpp.o[0m
[1.370s] [35m[1mConsolidate compiler generated dependencies of target test_sdk_executor_driver[0m
[1.370s] [35m[1mConsolidate compiler generated dependencies of target motion_backend_factory[0m
[1.370s] [35m[1mConsolidate compiler generated dependencies of target test_simulated_motion_backend[0m
[1.380s] gmake[2]: Warning: File '/home/jet/IRC/IRC-STEP/IRC_vision_latest/src/irc_step_motion_executor/test/test_sdk_executor_driver.cpp' has modification time 27335 s in the future
[1.386s] [35m[1mConsolidate compiler generated dependencies of target irc_step_motion_sdk_compile_probe[0m
[1.393s] [ 62%] Built target motion_backend_factory
[1.394s] [ 67%] [32mBuilding CXX object CMakeFiles/test_sdk_executor_driver.dir/test/test_sdk_executor_driver.cpp.o[0m
[1.394s] [ 67%] Built target test_simulated_motion_backend
[1.412s] [ 70%] Built target irc_step_motion_sdk_compile_probe
[1.412s] [35m[1mConsolidate compiler generated dependencies of target robot_motion_player_backend[0m
[1.412s] [35m[1mConsolidate compiler generated dependencies of target test_motion_backend_factory[0m
[1.437s] [ 77%] Built target test_motion_backend_factory
[1.438s] [ 77%] Built target robot_motion_player_backend
[1.457s] [35m[1mConsolidate compiler generated dependencies of target test_robot_motion_player_backend[0m
[1.458s] [35m[1mConsolidate compiler generated dependencies of target production_robot_motion_runtime_factory[0m
[1.483s] [ 84%] Built target production_robot_motion_runtime_factory
[1.483s] [ 84%] Built target test_robot_motion_player_backend
[1.501s] [35m[1mConsolidate compiler generated dependencies of target sdk_hardware_preflight_core[0m
[1.501s] [35m[1mConsolidate compiler generated dependencies of target sdk_motion_executor[0m
[1.523s] [ 87%] Built target sdk_hardware_preflight_core
[1.533s] [ 91%] Built target sdk_motion_executor
[1.540s] [35m[1mConsolidate compiler generated dependencies of target sdk_hardware_preflight[0m
[1.562s] [ 94%] Built target sdk_hardware_preflight
[4.020s] [ 96%] [32m[1mLinking CXX executable test_catalog_only_core[0m
[4.045s] [ 98%] [32m[1mLinking CXX executable test_sdk_executor_driver[0m
[4.297s] gmake[2]: warning:  Clock skew detected.  Your build may be incomplete.
[4.312s] [ 98%] Built target test_catalog_only_core
[4.334s] gmake[2]: warning:  Clock skew detected.  Your build may be incomplete.
[4.351s] [ 98%] Built target test_sdk_executor_driver
[4.585s] [100%] [32m[1mLinking CXX executable test_sdk_executor_core[0m
[4.867s] gmake[2]: warning:  Clock skew detected.  Your build may be incomplete.
[4.885s] [100%] Built target test_sdk_executor_core
[4.910s] Invoked command in '/home/jet/IRC/IRC-STEP/IRC_vision_latest/build/irc_step_motion_executor' returned '0': CMAKE_PREFIX_PATH=${CMAKE_PREFIX_PATH}:/opt/ros/humble /usr/bin/cmake --build /home/jet/IRC/IRC-STEP/IRC_vision_latest/build/irc_step_motion_executor -- -j6 -l6
[4.932s] Invoking command in '/home/jet/IRC/IRC-STEP/IRC_vision_latest/build/irc_step_motion_executor': CMAKE_PREFIX_PATH=${CMAKE_PREFIX_PATH}:/opt/ros/humble /usr/bin/cmake --install /home/jet/IRC/IRC-STEP/IRC_vision_latest/build/irc_step_motion_executor
[4.947s] -- Install configuration: ""
[4.948s] -- Up-to-date: /home/jet/IRC/IRC-STEP/IRC_vision_latest/install/irc_step_motion_executor/lib/librobot_motion_player_backend.a
[4.948s] -- Up-to-date: /home/jet/IRC/IRC-STEP/IRC_vision_latest/install/irc_step_motion_executor/lib/libproduction_robot_motion_runtime_factory.a
[4.948s] -- Up-to-date: /home/jet/IRC/IRC-STEP/IRC_vision_latest/install/irc_step_motion_executor/lib/libsdk_hardware_preflight_core.a
[4.948s] -- Up-to-date: /home/jet/IRC/IRC-STEP/IRC_vision_latest/install/irc_step_motion_executor/lib/irc_step_motion_executor/sdk_hardware_preflight
[4.948s] -- Up-to-date: /home/jet/IRC/IRC-STEP/IRC_vision_latest/install/irc_step_motion_executor/lib/libcatalog_only_core.a
[4.949s] -- Up-to-date: /home/jet/IRC/IRC-STEP/IRC_vision_latest/install/irc_step_motion_executor/lib/libsdk_executor_core.a
[4.949s] -- Up-to-date: /home/jet/IRC/IRC-STEP/IRC_vision_latest/install/irc_step_motion_executor/lib/libsimulated_motion_backend.a
[4.949s] -- Up-to-date: /home/jet/IRC/IRC-STEP/IRC_vision_latest/install/irc_step_motion_executor/lib/librobot_motion_runtime_config.a
[4.949s] -- Up-to-date: /home/jet/IRC/IRC-STEP/IRC_vision_latest/install/irc_step_motion_executor/lib/libmotion_backend_factory.a
[4.949s] -- Up-to-date: /home/jet/IRC/IRC-STEP/IRC_vision_latest/install/irc_step_motion_executor/lib/libsdk_executor_driver.a
[4.949s] -- Up-to-date: /home/jet/IRC/IRC-STEP/IRC_vision_latest/install/irc_step_motion_executor/lib/irc_step_motion_executor/catalog_only_node
[4.950s] -- Up-to-date: /home/jet/IRC/IRC-STEP/IRC_vision_latest/install/irc_step_motion_executor/lib/irc_step_motion_executor/sdk_motion_executor
[4.950s] -- Up-to-date: /home/jet/IRC/IRC-STEP/IRC_vision_latest/install/irc_step_motion_executor/include
[4.950s] -- Up-to-date: /home/jet/IRC/IRC-STEP/IRC_vision_latest/install/irc_step_motion_executor/include/irc_step_motion_executor
[4.950s] -- Up-to-date: /home/jet/IRC/IRC-STEP/IRC_vision_latest/install/irc_step_motion_executor/include/irc_step_motion_executor/sdk_executor_core.hpp
[4.951s] -- Up-to-date: /home/jet/IRC/IRC-STEP/IRC_vision_latest/install/irc_step_motion_executor/include/irc_step_motion_executor/robot_motion_player_backend.hpp
[4.951s] -- Up-to-date: /home/jet/IRC/IRC-STEP/IRC_vision_latest/install/irc_step_motion_executor/include/irc_step_motion_executor/sdk_executor_driver.hpp
[4.951s] -- Up-to-date: /home/jet/IRC/IRC-STEP/IRC_vision_latest/install/irc_step_motion_executor/include/irc_step_motion_executor/simulated_motion_backend.hpp
[4.951s] -- Up-to-date: /home/jet/IRC/IRC-STEP/IRC_vision_latest/install/irc_step_motion_executor/include/irc_step_motion_executor/robot_motion_runtime_config.hpp
[4.952s] -- Up-to-date: /home/jet/IRC/IRC-STEP/IRC_vision_latest/install/irc_step_motion_executor/include/irc_step_motion_executor/robot_motion_runtime_factory.hpp
[4.952s] -- Up-to-date: /home/jet/IRC/IRC-STEP/IRC_vision_latest/install/irc_step_motion_executor/include/irc_step_motion_executor/sdk_hardware_preflight_core.hpp
[4.952s] -- Up-to-date: /home/jet/IRC/IRC-STEP/IRC_vision_latest/install/irc_step_motion_executor/include/irc_step_motion_executor/motion_backend.hpp
[4.952s] -- Up-to-date: /home/jet/IRC/IRC-STEP/IRC_vision_latest/install/irc_step_motion_executor/include/irc_step_motion_executor/catalog_only_core.hpp
[4.952s] -- Up-to-date: /home/jet/IRC/IRC-STEP/IRC_vision_latest/install/irc_step_motion_executor/include/irc_step_motion_executor/motion_backend_factory.hpp
[4.952s] -- Up-to-date: /home/jet/IRC/IRC-STEP/IRC_vision_latest/install/irc_step_motion_executor/share/irc_step_motion_executor/config
[4.952s] -- Up-to-date: /home/jet/IRC/IRC-STEP/IRC_vision_latest/install/irc_step_motion_executor/share/irc_step_motion_executor/config/motion_aliases.yaml
[4.953s] -- Up-to-date: /home/jet/IRC/IRC-STEP/IRC_vision_latest/install/irc_step_motion_executor/share/irc_step_motion_executor/launch
[4.953s] -- Up-to-date: /home/jet/IRC/IRC-STEP/IRC_vision_latest/install/irc_step_motion_executor/share/irc_step_motion_executor/launch/sdk_executor_simulated.launch.py
[4.953s] -- Up-to-date: /home/jet/IRC/IRC-STEP/IRC_vision_latest/install/irc_step_motion_executor/share/irc_step_motion_executor/launch/sdk_motion_test.launch.py
[4.953s] -- Up-to-date: /home/jet/IRC/IRC-STEP/IRC_vision_latest/install/irc_step_motion_executor/share/irc_step_motion_executor/launch/catalog_only.launch.py
[4.953s] -- Up-to-date: /home/jet/IRC/IRC-STEP/IRC_vision_latest/install/irc_step_motion_executor/lib/irc_step_motion_executor/manual_motion_request.py
[4.953s] -- Up-to-date: /home/jet/IRC/IRC-STEP/IRC_vision_latest/install/irc_step_motion_executor/lib/irc_step_motion_executor/validate_motion_catalog.py
[4.954s] -- Up-to-date: /home/jet/IRC/IRC-STEP/IRC_vision_latest/install/irc_step_motion_executor/share/irc_step_motion_executor/environment/library_path.sh
[4.954s] -- Installing: /home/jet/IRC/IRC-STEP/IRC_vision_latest/install/irc_step_motion_executor/share/irc_step_motion_executor/environment/library_path.dsv
[4.954s] -- Up-to-date: /home/jet/IRC/IRC-STEP/IRC_vision_latest/install/irc_step_motion_executor/share/ament_index/resource_index/package_run_dependencies/irc_step_motion_executor
[4.954s] -- Up-to-date: /home/jet/IRC/IRC-STEP/IRC_vision_latest/install/irc_step_motion_executor/share/ament_index/resource_index/parent_prefix_path/irc_step_motion_executor
[4.954s] -- Up-to-date: /home/jet/IRC/IRC-STEP/IRC_vision_latest/install/irc_step_motion_executor/share/irc_step_motion_executor/environment/ament_prefix_path.sh
[4.954s] -- Installing: /home/jet/IRC/IRC-STEP/IRC_vision_latest/install/irc_step_motion_executor/share/irc_step_motion_executor/environment/ament_prefix_path.dsv
[4.955s] -- Up-to-date: /home/jet/IRC/IRC-STEP/IRC_vision_latest/install/irc_step_motion_executor/share/irc_step_motion_executor/environment/path.sh
[4.955s] -- Installing: /home/jet/IRC/IRC-STEP/IRC_vision_latest/install/irc_step_motion_executor/share/irc_step_motion_executor/environment/path.dsv
[4.955s] -- Up-to-date: /home/jet/IRC/IRC-STEP/IRC_vision_latest/install/irc_step_motion_executor/share/irc_step_motion_executor/local_setup.bash
[4.955s] -- Up-to-date: /home/jet/IRC/IRC-STEP/IRC_vision_latest/install/irc_step_motion_executor/share/irc_step_motion_executor/local_setup.sh
[4.955s] -- Up-to-date: /home/jet/IRC/IRC-STEP/IRC_vision_latest/install/irc_step_motion_executor/share/irc_step_motion_executor/local_setup.zsh
[4.955s] -- Installing: /home/jet/IRC/IRC-STEP/IRC_vision_latest/install/irc_step_motion_executor/share/irc_step_motion_executor/local_setup.dsv
[4.955s] -- Installing: /home/jet/IRC/IRC-STEP/IRC_vision_latest/install/irc_step_motion_executor/share/irc_step_motion_executor/package.dsv
[4.955s] -- Up-to-date: /home/jet/IRC/IRC-STEP/IRC_vision_latest/install/irc_step_motion_executor/share/ament_index/resource_index/packages/irc_step_motion_executor
[4.956s] -- Up-to-date: /home/jet/IRC/IRC-STEP/IRC_vision_latest/install/irc_step_motion_executor/share/irc_step_motion_executor/cmake/ament_cmake_export_include_directories-extras.cmake
[4.956s] -- Up-to-date: /home/jet/IRC/IRC-STEP/IRC_vision_latest/install/irc_step_motion_executor/share/irc_step_motion_executor/cmake/ament_cmake_export_libraries-extras.cmake
[4.956s] -- Up-to-date: /home/jet/IRC/IRC-STEP/IRC_vision_latest/install/irc_step_motion_executor/share/irc_step_motion_executor/cmake/irc_step_motion_executorConfig.cmake
[4.956s] -- Up-to-date: /home/jet/IRC/IRC-STEP/IRC_vision_latest/install/irc_step_motion_executor/share/irc_step_motion_executor/cmake/irc_step_motion_executorConfig-version.cmake
[4.956s] -- Up-to-date: /home/jet/IRC/IRC-STEP/IRC_vision_latest/install/irc_step_motion_executor/share/irc_step_motion_executor/package.xml
[4.958s] Invoked command in '/home/jet/IRC/IRC-STEP/IRC_vision_latest/build/irc_step_motion_executor' returned '0': CMAKE_PREFIX_PATH=${CMAKE_PREFIX_PATH}:/opt/ros/humble /usr/bin/cmake --install /home/jet/IRC/IRC-STEP/IRC_vision_latest/build/irc_step_motion_executor
