[1.180s] Invoking command in '/home/jet/IRC/IRC-STEP/IRC_vision_latest/build/mission_control': AMENT_PREFIX_PATH=/home/jet/IRC/IRC-STEP/IRC_vision_latest/install/step:/home/jet/IRC/IRC-STEP/IRC_vision_latest/install/irc_step_motion_executor:${AMENT_PREFIX_PATH} CMAKE_PREFIX_PATH=/home/jet/IRC/IRC-STEP/IRC_vision_latest/install/irc_step_motion_executor LD_LIBRARY_PATH=/home/jet/IRC/IRC-STEP/IRC_vision_latest/install/irc_step_motion_executor/lib:${LD_LIBRARY_PATH} PYTHONPATH=/home/jet/IRC/IRC-STEP/IRC_vision_latest/build/mission_control/prefix_override:/usr/lib/python3/dist-packages/colcon_core/task/python/colcon_distutils_commands:/home/jet/IRC/IRC-STEP/IRC_vision_latest/install/mission_control/lib/python3.10/site-packages:/home/jet/IRC/IRC-STEP/IRC_vision_latest/build/step:/home/jet/IRC/IRC-STEP/IRC_vision_latest/install/step/lib/python3.10/site-packages:${PYTHONPATH} /usr/bin/python3 -W ignore:setup.py install is deprecated -W ignore:easy_install command is deprecated setup.py develop --editable --build-directory /home/jet/IRC/IRC-STEP/IRC_vision_latest/build/mission_control/build --no-deps symlink_data
[1.668s] running develop
[1.972s] running egg_info
[1.973s] writing mission_control.egg-info/PKG-INFO
[1.973s] writing dependency_links to mission_control.egg-info/dependency_links.txt
[1.973s] writing entry points to mission_control.egg-info/entry_points.txt
[1.974s] writing requirements to mission_control.egg-info/requires.txt
[1.974s] writing top-level names to mission_control.egg-info/top_level.txt
[1.978s] reading manifest file 'mission_control.egg-info/SOURCES.txt'
[1.981s] writing manifest file 'mission_control.egg-info/SOURCES.txt'
[1.984s] running build_ext
[1.984s] Creating /home/jet/IRC/IRC-STEP/IRC_vision_latest/install/mission_control/lib/python3.10/site-packages/mission-control.egg-link (link to .)
[1.986s] Installing legacy_motion_executor_adapter script to /home/jet/IRC/IRC-STEP/IRC_vision_latest/install/mission_control/lib/mission_control
[1.986s] Installing legacy_motion_status_adapter script to /home/jet/IRC/IRC-STEP/IRC_vision_latest/install/mission_control/lib/mission_control
[1.986s] Installing mock_mission_input_node script to /home/jet/IRC/IRC-STEP/IRC_vision_latest/install/mission_control/lib/mission_control
[1.987s] Installing motion_command_bridge_node script to /home/jet/IRC/IRC-STEP/IRC_vision_latest/install/mission_control/lib/mission_control
[1.987s] Installing motion_decision_node script to /home/jet/IRC/IRC-STEP/IRC_vision_latest/install/mission_control/lib/mission_control
[1.987s] Installing motion_executor_node script to /home/jet/IRC/IRC-STEP/IRC_vision_latest/install/mission_control/lib/mission_control
[1.987s] Installing sdk_motion_stub_node script to /home/jet/IRC/IRC-STEP/IRC_vision_latest/install/mission_control/lib/mission_control
[1.988s] 
[1.988s] Installed /home/jet/IRC/IRC-STEP/IRC_vision_latest/build/mission_control
[1.988s] running symlink_data
[2.063s] Invoked command in '/home/jet/IRC/IRC-STEP/IRC_vision_latest/build/mission_control' returned '0': AMENT_PREFIX_PATH=/home/jet/IRC/IRC-STEP/IRC_vision_latest/install/step:/home/jet/IRC/IRC-STEP/IRC_vision_latest/install/irc_step_motion_executor:${AMENT_PREFIX_PATH} CMAKE_PREFIX_PATH=/home/jet/IRC/IRC-STEP/IRC_vision_latest/install/irc_step_motion_executor LD_LIBRARY_PATH=/home/jet/IRC/IRC-STEP/IRC_vision_latest/install/irc_step_motion_executor/lib:${LD_LIBRARY_PATH} PYTHONPATH=/home/jet/IRC/IRC-STEP/IRC_vision_latest/build/mission_control/prefix_override:/usr/lib/python3/dist-packages/colcon_core/task/python/colcon_distutils_commands:/home/jet/IRC/IRC-STEP/IRC_vision_latest/install/mission_control/lib/python3.10/site-packages:/home/jet/IRC/IRC-STEP/IRC_vision_latest/build/step:/home/jet/IRC/IRC-STEP/IRC_vision_latest/install/step/lib/python3.10/site-packages:${PYTHONPATH} /usr/bin/python3 -W ignore:setup.py install is deprecated -W ignore:easy_install command is deprecated setup.py develop --editable --build-directory /home/jet/IRC/IRC-STEP/IRC_vision_latest/build/mission_control/build --no-deps symlink_data
