[0.033s] Invoking command in '/home/jet/IRC/IRC-STEP/IRC_vision_latest/build/irc_step_motion_executor': CMAKE_PREFIX_PATH=/opt/ros/humble /usr/bin/cmake /home/jet/IRC/IRC-STEP/IRC_vision_latest/src/irc_step_motion_executor -DAMENT_CMAKE_SYMLINK_INSTALL=1 -DCMAKE_INSTALL_PREFIX=/home/jet/IRC/IRC-STEP/IRC_vision_latest/install/irc_step_motion_executor
[0.089s] -- Found ament_cmake: 1.3.14 (/opt/ros/humble/share/ament_cmake/cmake)
[0.361s] -- Override CMake install command with custom implementation using symlinks instead of copying resources
[0.387s] -- Found ament_index_cpp: 1.4.1 (/opt/ros/humble/share/ament_index_cpp/cmake)
[0.397s] -- Found rclcpp: 16.0.19 (/opt/ros/humble/share/rclcpp/cmake)
[0.475s] -- Found rosidl_generator_c: 3.1.8 (/opt/ros/humble/share/rosidl_generator_c/cmake)
[0.482s] -- Found rosidl_adapter: 3.1.8 (/opt/ros/humble/share/rosidl_adapter/cmake)
[0.500s] -- Found rosidl_generator_cpp: 3.1.8 (/opt/ros/humble/share/rosidl_generator_cpp/cmake)
[0.524s] -- Using all available rosidl_typesupport_c: rosidl_typesupport_fastrtps_c;rosidl_typesupport_introspection_c
[0.550s] -- Using all available rosidl_typesupport_cpp: rosidl_typesupport_fastrtps_cpp;rosidl_typesupport_introspection_cpp
[0.635s] -- Found rmw_implementation_cmake: 6.1.2 (/opt/ros/humble/share/rmw_implementation_cmake/cmake)
[0.640s] -- Found rmw_fastrtps_cpp: 6.2.10 (/opt/ros/humble/share/rmw_fastrtps_cpp/cmake)
[0.850s] -- Using RMW implementation 'rmw_fastrtps_cpp' as default
[0.956s] -- Found yaml_cpp_vendor: 8.0.2 (/opt/ros/humble/share/yaml_cpp_vendor/cmake)
[0.960s] -- SDK inclusion enabled; no SDK backend is instantiated by this package
[1.090s] -- Found ament_cmake_gtest: 1.3.14 (/opt/ros/humble/share/ament_cmake_gtest/cmake)
[1.093s] -- Found gtest sources under '/opt/ros/humble/src/gtest_vendor': C++ tests using 'Google Test' will be built
[1.140s] -- Found launch_testing_ament_cmake: 1.0.14 (/opt/ros/humble/share/launch_testing_ament_cmake/cmake)
[1.142s] -- Found python_cmake_module: 0.10.0 (/opt/ros/humble/share/python_cmake_module/cmake)
[1.198s] -- Using PYTHON_EXECUTABLE: /usr/bin/python3
[1.198s] -- Using PYTHON_INCLUDE_DIRS: /usr/include/python3.10
[1.199s] -- Using PYTHON_LIBRARIES: /usr/lib/aarch64-linux-gnu/libpython3.10.so
[1.362s] -- Configuring done
[1.518s] -- Generating done
[1.559s] -- Build files have been written to: /home/jet/IRC/IRC-STEP/IRC_vision_latest/build/irc_step_motion_executor
[1.595s] Invoked command in '/home/jet/IRC/IRC-STEP/IRC_vision_latest/build/irc_step_motion_executor' returned '0': CMAKE_PREFIX_PATH=/opt/ros/humble /usr/bin/cmake /home/jet/IRC/IRC-STEP/IRC_vision_latest/src/irc_step_motion_executor -DAMENT_CMAKE_SYMLINK_INSTALL=1 -DCMAKE_INSTALL_PREFIX=/home/jet/IRC/IRC-STEP/IRC_vision_latest/install/irc_step_motion_executor
[1.598s] Invoking command in '/home/jet/IRC/IRC-STEP/IRC_vision_latest/build/irc_step_motion_executor': CMAKE_PREFIX_PATH=/opt/ros/humble /usr/bin/cmake --build /home/jet/IRC/IRC-STEP/IRC_vision_latest/build/irc_step_motion_executor -- -j6 -l6
[1.690s] [35m[1mConsolidate compiler generated dependencies of target motion_core[0m
[1.694s] [35m[1mConsolidate compiler generated dependencies of target gtest_main[0m
[1.699s] [35m[1mConsolidate compiler generated dependencies of target catalog_only_core[0m
[1.702s] [35m[1mConsolidate compiler generated dependencies of target robot_motion_runtime_config[0m
[1.703s] [35m[1mConsolidate compiler generated dependencies of target gtest[0m
[1.748s] [  1%] [32mBuilding CXX object CMakeFiles/robot_motion_runtime_config.dir/src/robot_motion_runtime_config.cpp.o[0m
[1.752s] [  6%] Built target motion_core
[1.753s] [  9%] Built target catalog_only_core
[1.753s] [ 12%] Built target gtest_main
[1.779s] [ 15%] Built target gtest
[1.790s] [35m[1mConsolidate compiler generated dependencies of target motion_player_core[0m
[1.809s] [35m[1mConsolidate compiler generated dependencies of target test_motion_json_catalog[0m
[1.809s] [35m[1mConsolidate compiler generated dependencies of target catalog_only_node[0m
[1.815s] [35m[1mConsolidate compiler generated dependencies of target sdk_executor_core[0m
[1.815s] [35m[1mConsolidate compiler generated dependencies of target test_catalog_only_core[0m
[1.849s] [ 18%] Built target test_catalog_only_core
[1.860s] [ 21%] Built target motion_player_core
[1.866s] [ 25%] Built target sdk_executor_core
[1.878s] [ 28%] Built target catalog_only_node
[1.894s] [ 31%] Built target test_motion_json_catalog
[1.899s] [35m[1mConsolidate compiler generated dependencies of target simulated_motion_backend[0m
[1.912s] [35m[1mConsolidate compiler generated dependencies of target test_robot_motion_parameter_types[0m
[1.921s] [35m[1mConsolidate compiler generated dependencies of target test_sdk_executor_core[0m
[1.922s] [35m[1mConsolidate compiler generated dependencies of target robot_control[0m
[1.924s] [ 34%] Built target simulated_motion_backend
[1.946s] [35m[1mConsolidate compiler generated dependencies of target test_simulated_motion_backend[0m
[1.947s] [ 37%] Built target test_sdk_executor_core
[1.974s] [ 40%] Built target test_robot_motion_parameter_types
[1.993s] [ 46%] Built target test_simulated_motion_backend
[1.994s] [ 51%] Built target robot_control
[2.016s] [35m[1mConsolidate compiler generated dependencies of target robot_motion_player_backend[0m
[2.021s] [35m[1mConsolidate compiler generated dependencies of target irc_step_motion_sdk_compile_probe[0m
[2.048s] [ 54%] Built target irc_step_motion_sdk_compile_probe
[2.053s] [ 57%] Built target robot_motion_player_backend
[2.079s] [35m[1mConsolidate compiler generated dependencies of target test_robot_motion_player_backend[0m
[2.112s] [ 60%] Built target test_robot_motion_player_backend
[3.570s] [ 62%] [32m[1mLinking CXX static library librobot_motion_runtime_config.a[0m
[3.645s] [ 62%] Built target robot_motion_runtime_config
[3.667s] [35m[1mConsolidate compiler generated dependencies of target production_robot_motion_runtime_factory[0m
[3.668s] [35m[1mConsolidate compiler generated dependencies of target motion_backend_factory[0m
[3.669s] [35m[1mConsolidate compiler generated dependencies of target sdk_executor_driver[0m
[3.669s] [35m[1mConsolidate compiler generated dependencies of target test_robot_motion_runtime_config[0m
[3.700s] [ 65%] Built target motion_backend_factory
[3.701s] [ 68%] Built target production_robot_motion_runtime_factory
[3.704s] [ 70%] [32m[1mLinking CXX executable test_robot_motion_runtime_config[0m
[3.705s] [ 76%] Built target sdk_executor_driver
[3.722s] [35m[1mConsolidate compiler generated dependencies of target test_motion_backend_factory[0m
[3.723s] [35m[1mConsolidate compiler generated dependencies of target sdk_hardware_preflight_core[0m
[3.738s] [35m[1mConsolidate compiler generated dependencies of target sdk_motion_executor[0m
[3.738s] [35m[1mConsolidate compiler generated dependencies of target test_sdk_executor_driver[0m
[3.755s] [35m[1mConsolidate compiler generated dependencies of target test_startup_pose_gate[0m
[3.761s] [ 78%] [32m[1mLinking CXX executable test_motion_backend_factory[0m
[3.764s] [ 81%] Built target sdk_hardware_preflight_core
[3.787s] [ 82%] [32m[1mLinking CXX executable sdk_motion_executor[0m
[3.792s] [ 84%] [32m[1mLinking CXX executable test_startup_pose_gate[0m
[3.808s] [35m[1mConsolidate compiler generated dependencies of target test_startup_pose_catalog[0m
[3.811s] [ 85%] [32m[1mLinking CXX executable test_sdk_executor_driver[0m
[3.837s] [ 87%] [32m[1mLinking CXX executable test_startup_pose_catalog[0m
[4.186s] [ 89%] Built target test_robot_motion_runtime_config
[4.275s] [35m[1mConsolidate compiler generated dependencies of target sdk_hardware_preflight[0m
[4.336s] [ 90%] [32m[1mLinking CXX executable sdk_hardware_preflight[0m
[4.348s] [ 92%] Built target test_startup_pose_gate
[4.390s] [ 93%] Built target test_motion_backend_factory
[4.438s] [ 95%] Built target test_startup_pose_catalog
[4.497s] [ 96%] Built target test_sdk_executor_driver
[4.718s] [ 98%] Built target sdk_hardware_preflight
[5.246s] [100%] Built target sdk_motion_executor
[5.273s] Invoked command in '/home/jet/IRC/IRC-STEP/IRC_vision_latest/build/irc_step_motion_executor' returned '0': CMAKE_PREFIX_PATH=/opt/ros/humble /usr/bin/cmake --build /home/jet/IRC/IRC-STEP/IRC_vision_latest/build/irc_step_motion_executor -- -j6 -l6
[5.294s] Invoking command in '/home/jet/IRC/IRC-STEP/IRC_vision_latest/build/irc_step_motion_executor': CMAKE_PREFIX_PATH=/opt/ros/humble /usr/bin/cmake --install /home/jet/IRC/IRC-STEP/IRC_vision_latest/build/irc_step_motion_executor
[5.308s] -- Install configuration: ""
[5.309s] -- Execute custom install script
[5.310s] -- Up-to-date symlink: /home/jet/IRC/IRC-STEP/IRC_vision_latest/install/irc_step_motion_executor/lib/librobot_motion_player_backend.a
[5.311s] -- Up-to-date symlink: /home/jet/IRC/IRC-STEP/IRC_vision_latest/install/irc_step_motion_executor/lib/libproduction_robot_motion_runtime_factory.a
[5.311s] -- Up-to-date symlink: /home/jet/IRC/IRC-STEP/IRC_vision_latest/install/irc_step_motion_executor/lib/libsdk_hardware_preflight_core.a
[5.312s] -- Up-to-date symlink: /home/jet/IRC/IRC-STEP/IRC_vision_latest/install/irc_step_motion_executor/lib/irc_step_motion_executor/sdk_hardware_preflight
[5.312s] -- Up-to-date symlink: /home/jet/IRC/IRC-STEP/IRC_vision_latest/install/irc_step_motion_executor/lib/libcatalog_only_core.a
[5.313s] -- Up-to-date symlink: /home/jet/IRC/IRC-STEP/IRC_vision_latest/install/irc_step_motion_executor/lib/libsdk_executor_core.a
[5.313s] -- Up-to-date symlink: /home/jet/IRC/IRC-STEP/IRC_vision_latest/install/irc_step_motion_executor/lib/libsimulated_motion_backend.a
[5.313s] -- Up-to-date symlink: /home/jet/IRC/IRC-STEP/IRC_vision_latest/install/irc_step_motion_executor/lib/librobot_motion_runtime_config.a
[5.314s] -- Up-to-date symlink: /home/jet/IRC/IRC-STEP/IRC_vision_latest/install/irc_step_motion_executor/lib/libmotion_backend_factory.a
[5.314s] -- Up-to-date symlink: /home/jet/IRC/IRC-STEP/IRC_vision_latest/install/irc_step_motion_executor/lib/libsdk_executor_driver.a
[5.315s] -- Up-to-date symlink: /home/jet/IRC/IRC-STEP/IRC_vision_latest/install/irc_step_motion_executor/lib/irc_step_motion_executor/catalog_only_node
[5.315s] -- Up-to-date symlink: /home/jet/IRC/IRC-STEP/IRC_vision_latest/install/irc_step_motion_executor/lib/irc_step_motion_executor/sdk_motion_executor
[5.316s] -- Up-to-date symlink: /home/jet/IRC/IRC-STEP/IRC_vision_latest/install/irc_step_motion_executor/include/irc_step_motion_executor/catalog_only_core.hpp
[5.317s] -- Up-to-date symlink: /home/jet/IRC/IRC-STEP/IRC_vision_latest/install/irc_step_motion_executor/include/irc_step_motion_executor/motion_backend.hpp
[5.317s] -- Up-to-date symlink: /home/jet/IRC/IRC-STEP/IRC_vision_latest/install/irc_step_motion_executor/include/irc_step_motion_executor/motion_backend_factory.hpp
[5.317s] -- Up-to-date symlink: /home/jet/IRC/IRC-STEP/IRC_vision_latest/install/irc_step_motion_executor/include/irc_step_motion_executor/robot_motion_player_backend.hpp
[5.318s] -- Up-to-date symlink: /home/jet/IRC/IRC-STEP/IRC_vision_latest/install/irc_step_motion_executor/include/irc_step_motion_executor/robot_motion_runtime_config.hpp
[5.318s] -- Up-to-date symlink: /home/jet/IRC/IRC-STEP/IRC_vision_latest/install/irc_step_motion_executor/include/irc_step_motion_executor/robot_motion_runtime_factory.hpp
[5.319s] -- Up-to-date symlink: /home/jet/IRC/IRC-STEP/IRC_vision_latest/install/irc_step_motion_executor/include/irc_step_motion_executor/sdk_executor_core.hpp
[5.319s] -- Up-to-date symlink: /home/jet/IRC/IRC-STEP/IRC_vision_latest/install/irc_step_motion_executor/include/irc_step_motion_executor/sdk_executor_driver.hpp
[5.319s] -- Up-to-date symlink: /home/jet/IRC/IRC-STEP/IRC_vision_latest/install/irc_step_motion_executor/include/irc_step_motion_executor/sdk_hardware_preflight_core.hpp
[5.320s] -- Up-to-date symlink: /home/jet/IRC/IRC-STEP/IRC_vision_latest/install/irc_step_motion_executor/include/irc_step_motion_executor/simulated_motion_backend.hpp
[5.320s] -- Up-to-date symlink: /home/jet/IRC/IRC-STEP/IRC_vision_latest/install/irc_step_motion_executor/include/irc_step_motion_executor/startup_pose_catalog.hpp
[5.323s] -- Up-to-date symlink: /home/jet/IRC/IRC-STEP/IRC_vision_latest/install/irc_step_motion_executor/include/irc_step_motion_executor/startup_pose_gate.hpp
[5.323s] -- Up-to-date symlink: /home/jet/IRC/IRC-STEP/IRC_vision_latest/install/irc_step_motion_executor/share/irc_step_motion_executor/config/motion_aliases.yaml
[5.324s] -- Up-to-date symlink: /home/jet/IRC/IRC-STEP/IRC_vision_latest/install/irc_step_motion_executor/share/irc_step_motion_executor/launch/catalog_only.launch.py
[5.324s] -- Up-to-date symlink: /home/jet/IRC/IRC-STEP/IRC_vision_latest/install/irc_step_motion_executor/share/irc_step_motion_executor/launch/sdk_executor_simulated.launch.py
[5.325s] -- Up-to-date symlink: /home/jet/IRC/IRC-STEP/IRC_vision_latest/install/irc_step_motion_executor/share/irc_step_motion_executor/launch/sdk_motion_test.launch.py
[5.325s] -- Up-to-date symlink: /home/jet/IRC/IRC-STEP/IRC_vision_latest/install/irc_step_motion_executor/lib/irc_step_motion_executor/manual_motion_request.py
[5.325s] -- Up-to-date symlink: /home/jet/IRC/IRC-STEP/IRC_vision_latest/install/irc_step_motion_executor/lib/irc_step_motion_executor/validate_motion_catalog.py
[5.325s] -- Up-to-date symlink: /home/jet/IRC/IRC-STEP/IRC_vision_latest/install/irc_step_motion_executor/share/irc_step_motion_executor/environment/library_path.sh
[5.325s] -- Up-to-date symlink: /home/jet/IRC/IRC-STEP/IRC_vision_latest/install/irc_step_motion_executor/share/irc_step_motion_executor/environment/library_path.dsv
[5.326s] -- Up-to-date symlink: /home/jet/IRC/IRC-STEP/IRC_vision_latest/install/irc_step_motion_executor/share/ament_index/resource_index/package_run_dependencies/irc_step_motion_executor
[5.326s] -- Up-to-date symlink: /home/jet/IRC/IRC-STEP/IRC_vision_latest/install/irc_step_motion_executor/share/ament_index/resource_index/parent_prefix_path/irc_step_motion_executor
[5.326s] -- Up-to-date symlink: /home/jet/IRC/IRC-STEP/IRC_vision_latest/install/irc_step_motion_executor/share/irc_step_motion_executor/environment/ament_prefix_path.sh
[5.326s] -- Up-to-date symlink: /home/jet/IRC/IRC-STEP/IRC_vision_latest/install/irc_step_motion_executor/share/irc_step_motion_executor/environment/ament_prefix_path.dsv
[5.326s] -- Up-to-date symlink: /home/jet/IRC/IRC-STEP/IRC_vision_latest/install/irc_step_motion_executor/share/irc_step_motion_executor/environment/path.sh
[5.326s] -- Up-to-date symlink: /home/jet/IRC/IRC-STEP/IRC_vision_latest/install/irc_step_motion_executor/share/irc_step_motion_executor/environment/path.dsv
[5.327s] -- Up-to-date symlink: /home/jet/IRC/IRC-STEP/IRC_vision_latest/install/irc_step_motion_executor/share/irc_step_motion_executor/local_setup.bash
[5.327s] -- Up-to-date symlink: /home/jet/IRC/IRC-STEP/IRC_vision_latest/install/irc_step_motion_executor/share/irc_step_motion_executor/local_setup.sh
[5.327s] -- Up-to-date symlink: /home/jet/IRC/IRC-STEP/IRC_vision_latest/install/irc_step_motion_executor/share/irc_step_motion_executor/local_setup.zsh
[5.327s] -- Up-to-date symlink: /home/jet/IRC/IRC-STEP/IRC_vision_latest/install/irc_step_motion_executor/share/irc_step_motion_executor/local_setup.dsv
[5.328s] -- Symlinking: /home/jet/IRC/IRC-STEP/IRC_vision_latest/install/irc_step_motion_executor/share/irc_step_motion_executor/package.dsv
[5.346s] -- Up-to-date symlink: /home/jet/IRC/IRC-STEP/IRC_vision_latest/install/irc_step_motion_executor/share/ament_index/resource_index/packages/irc_step_motion_executor
[5.346s] -- Up-to-date symlink: /home/jet/IRC/IRC-STEP/IRC_vision_latest/install/irc_step_motion_executor/share/irc_step_motion_executor/cmake/ament_cmake_export_include_directories-extras.cmake
[5.346s] -- Up-to-date symlink: /home/jet/IRC/IRC-STEP/IRC_vision_latest/install/irc_step_motion_executor/share/irc_step_motion_executor/cmake/ament_cmake_export_libraries-extras.cmake
[5.346s] -- Up-to-date symlink: /home/jet/IRC/IRC-STEP/IRC_vision_latest/install/irc_step_motion_executor/share/irc_step_motion_executor/cmake/irc_step_motion_executorConfig.cmake
[5.347s] -- Up-to-date symlink: /home/jet/IRC/IRC-STEP/IRC_vision_latest/install/irc_step_motion_executor/share/irc_step_motion_executor/cmake/irc_step_motion_executorConfig-version.cmake
[5.347s] -- Up-to-date symlink: /home/jet/IRC/IRC-STEP/IRC_vision_latest/install/irc_step_motion_executor/share/irc_step_motion_executor/package.xml
[5.353s] Invoked command in '/home/jet/IRC/IRC-STEP/IRC_vision_latest/build/irc_step_motion_executor' returned '0': CMAKE_PREFIX_PATH=/opt/ros/humble /usr/bin/cmake --install /home/jet/IRC/IRC-STEP/IRC_vision_latest/build/irc_step_motion_executor
