[1.217s] Invoking command in '/home/jet/IRC/IRC-STEP/IRC_vision_latest/build/step': PYTHONPATH=/home/jet/IRC/IRC-STEP/IRC_vision_latest/build/step/prefix_override:/usr/lib/python3/dist-packages/colcon_core/task/python/colcon_distutils_commands:/home/jet/IRC/IRC-STEP/IRC_vision_latest/install/step/lib/python3.10/site-packages:${PYTHONPATH} /usr/bin/python3 -W ignore:setup.py install is deprecated -W ignore:easy_install command is deprecated setup.py develop --uninstall --editable --build-directory /home/jet/IRC/IRC-STEP/IRC_vision_latest/build/step/build
[1.763s] running develop
[2.199s] Removing /home/jet/IRC/IRC-STEP/IRC_vision_latest/install/step/lib/python3.10/site-packages/step.egg-link (link to .)
[2.327s] Invoked command in '/home/jet/IRC/IRC-STEP/IRC_vision_latest/build/step' returned '0': PYTHONPATH=/home/jet/IRC/IRC-STEP/IRC_vision_latest/build/step/prefix_override:/usr/lib/python3/dist-packages/colcon_core/task/python/colcon_distutils_commands:/home/jet/IRC/IRC-STEP/IRC_vision_latest/install/step/lib/python3.10/site-packages:${PYTHONPATH} /usr/bin/python3 -W ignore:setup.py install is deprecated -W ignore:easy_install command is deprecated setup.py develop --uninstall --editable --build-directory /home/jet/IRC/IRC-STEP/IRC_vision_latest/build/step/build
[2.346s] Invoking command in '/home/jet/IRC/IRC-STEP/IRC_vision_latest/src/step': PYTHONPATH=/home/jet/IRC/IRC-STEP/IRC_vision_latest/build/step/prefix_override:/usr/lib/python3/dist-packages/colcon_core/task/python/colcon_distutils_commands:/home/jet/IRC/IRC-STEP/IRC_vision_latest/install/step/lib/python3.10/site-packages:${PYTHONPATH} /usr/bin/python3 -W ignore:setup.py install is deprecated -W ignore:easy_install command is deprecated setup.py egg_info --egg-base ../../build/step build --build-base /home/jet/IRC/IRC-STEP/IRC_vision_latest/build/step/build install --record /home/jet/IRC/IRC-STEP/IRC_vision_latest/build/step/install.log --single-version-externally-managed install_data --force
[2.972s] running egg_info
[2.973s] writing ../../build/step/step.egg-info/PKG-INFO
[2.974s] writing dependency_links to ../../build/step/step.egg-info/dependency_links.txt
[2.974s] writing entry points to ../../build/step/step.egg-info/entry_points.txt
[2.975s] writing requirements to ../../build/step/step.egg-info/requires.txt
[2.975s] writing top-level names to ../../build/step/step.egg-info/top_level.txt
[2.980s] reading manifest file '../../build/step/step.egg-info/SOURCES.txt'
[2.985s] writing manifest file '../../build/step/step.egg-info/SOURCES.txt'
[2.986s] running build
[2.986s] running build_py
[2.986s] creating /home/jet/IRC/IRC-STEP/IRC_vision_latest/build/step/build
[2.986s] creating /home/jet/IRC/IRC-STEP/IRC_vision_latest/build/step/build/lib
[2.987s] creating /home/jet/IRC/IRC-STEP/IRC_vision_latest/build/step/build/lib/step
[2.987s] copying step/hurdle_navigation_controller.py -> /home/jet/IRC/IRC-STEP/IRC_vision_latest/build/step/build/lib/step
[2.987s] copying step/mission_map_visualizer.py -> /home/jet/IRC/IRC-STEP/IRC_vision_latest/build/step/build/lib/step
[2.987s] copying step/goal_navigation_planner.py -> /home/jet/IRC/IRC-STEP/IRC_vision_latest/build/step/build/lib/step
[2.988s] copying step/ball_navigation_controller.py -> /home/jet/IRC/IRC-STEP/IRC_vision_latest/build/step/build/lib/step
[2.988s] copying step/unified_vision_node.py -> /home/jet/IRC/IRC-STEP/IRC_vision_latest/build/step/build/lib/step
[2.988s] copying step/imu_line_pose_estimator.py -> /home/jet/IRC/IRC-STEP/IRC_vision_latest/build/step/build/lib/step
[2.988s] copying step/rgbd_visual_odometry.py -> /home/jet/IRC/IRC-STEP/IRC_vision_latest/build/step/build/lib/step
[2.989s] copying step/goal_navigation_controller.py -> /home/jet/IRC/IRC-STEP/IRC_vision_latest/build/step/build/lib/step
[2.989s] copying step/line_path_visualizer.py -> /home/jet/IRC/IRC-STEP/IRC_vision_latest/build/step/build/lib/step
[2.989s] copying step/__init__.py -> /home/jet/IRC/IRC-STEP/IRC_vision_latest/build/step/build/lib/step
[2.989s] copying step/yolo_line_analyzer.py -> /home/jet/IRC/IRC-STEP/IRC_vision_latest/build/step/build/lib/step
[2.990s] copying step/hurdle_navigation_planner.py -> /home/jet/IRC/IRC-STEP/IRC_vision_latest/build/step/build/lib/step
[2.990s] copying step/line_navigation_controller.py -> /home/jet/IRC/IRC-STEP/IRC_vision_latest/build/step/build/lib/step
[2.990s] copying step/ball_navigation_planner.py -> /home/jet/IRC/IRC-STEP/IRC_vision_latest/build/step/build/lib/step
[2.991s] copying step/temporal_confirmation.py -> /home/jet/IRC/IRC-STEP/IRC_vision_latest/build/step/build/lib/step
[2.991s] copying step/step_motion_pose_test.py -> /home/jet/IRC/IRC-STEP/IRC_vision_latest/build/step/build/lib/step
[2.991s] copying step/yolo26_detector.py -> /home/jet/IRC/IRC-STEP/IRC_vision_latest/build/step/build/lib/step
[2.992s] copying step/mission_state_estimator.py -> /home/jet/IRC/IRC-STEP/IRC_vision_latest/build/step/build/lib/step
[2.992s] copying step/tensorrt_backend.py -> /home/jet/IRC/IRC-STEP/IRC_vision_latest/build/step/build/lib/step
[2.992s] copying step/line_navigation_planner.py -> /home/jet/IRC/IRC-STEP/IRC_vision_latest/build/step/build/lib/step
[2.992s] copying step/line_debug_monitor.py -> /home/jet/IRC/IRC-STEP/IRC_vision_latest/build/step/build/lib/step
[2.993s] copying step/hurdle_analyzer.py -> /home/jet/IRC/IRC-STEP/IRC_vision_latest/build/step/build/lib/step
[2.993s] copying step/goal_analyzer.py -> /home/jet/IRC/IRC-STEP/IRC_vision_latest/build/step/build/lib/step
[2.993s] copying step/ball_analyzer.py -> /home/jet/IRC/IRC-STEP/IRC_vision_latest/build/step/build/lib/step
[2.994s] running install
[2.995s] running install_lib
[2.997s] creating /home/jet/IRC/IRC-STEP/IRC_vision_latest/install/step/lib/python3.10/site-packages/step
[2.997s] copying /home/jet/IRC/IRC-STEP/IRC_vision_latest/build/step/build/lib/step/hurdle_navigation_controller.py -> /home/jet/IRC/IRC-STEP/IRC_vision_latest/install/step/lib/python3.10/site-packages/step
[2.997s] copying /home/jet/IRC/IRC-STEP/IRC_vision_latest/build/step/build/lib/step/mission_map_visualizer.py -> /home/jet/IRC/IRC-STEP/IRC_vision_latest/install/step/lib/python3.10/site-packages/step
[2.998s] copying /home/jet/IRC/IRC-STEP/IRC_vision_latest/build/step/build/lib/step/goal_navigation_planner.py -> /home/jet/IRC/IRC-STEP/IRC_vision_latest/install/step/lib/python3.10/site-packages/step
[2.998s] copying /home/jet/IRC/IRC-STEP/IRC_vision_latest/build/step/build/lib/step/ball_navigation_controller.py -> /home/jet/IRC/IRC-STEP/IRC_vision_latest/install/step/lib/python3.10/site-packages/step
[2.998s] copying /home/jet/IRC/IRC-STEP/IRC_vision_latest/build/step/build/lib/step/unified_vision_node.py -> /home/jet/IRC/IRC-STEP/IRC_vision_latest/install/step/lib/python3.10/site-packages/step
[2.999s] copying /home/jet/IRC/IRC-STEP/IRC_vision_latest/build/step/build/lib/step/imu_line_pose_estimator.py -> /home/jet/IRC/IRC-STEP/IRC_vision_latest/install/step/lib/python3.10/site-packages/step
[2.999s] copying /home/jet/IRC/IRC-STEP/IRC_vision_latest/build/step/build/lib/step/rgbd_visual_odometry.py -> /home/jet/IRC/IRC-STEP/IRC_vision_latest/install/step/lib/python3.10/site-packages/step
[2.999s] copying /home/jet/IRC/IRC-STEP/IRC_vision_latest/build/step/build/lib/step/goal_navigation_controller.py -> /home/jet/IRC/IRC-STEP/IRC_vision_latest/install/step/lib/python3.10/site-packages/step
[2.999s] copying /home/jet/IRC/IRC-STEP/IRC_vision_latest/build/step/build/lib/step/line_path_visualizer.py -> /home/jet/IRC/IRC-STEP/IRC_vision_latest/install/step/lib/python3.10/site-packages/step
[3.000s] copying /home/jet/IRC/IRC-STEP/IRC_vision_latest/build/step/build/lib/step/__init__.py -> /home/jet/IRC/IRC-STEP/IRC_vision_latest/install/step/lib/python3.10/site-packages/step
[3.000s] copying /home/jet/IRC/IRC-STEP/IRC_vision_latest/build/step/build/lib/step/yolo_line_analyzer.py -> /home/jet/IRC/IRC-STEP/IRC_vision_latest/install/step/lib/python3.10/site-packages/step
[3.000s] copying /home/jet/IRC/IRC-STEP/IRC_vision_latest/build/step/build/lib/step/hurdle_navigation_planner.py -> /home/jet/IRC/IRC-STEP/IRC_vision_latest/install/step/lib/python3.10/site-packages/step
[3.000s] copying /home/jet/IRC/IRC-STEP/IRC_vision_latest/build/step/build/lib/step/line_navigation_controller.py -> /home/jet/IRC/IRC-STEP/IRC_vision_latest/install/step/lib/python3.10/site-packages/step
[3.001s] copying /home/jet/IRC/IRC-STEP/IRC_vision_latest/build/step/build/lib/step/ball_navigation_planner.py -> /home/jet/IRC/IRC-STEP/IRC_vision_latest/install/step/lib/python3.10/site-packages/step
[3.001s] copying /home/jet/IRC/IRC-STEP/IRC_vision_latest/build/step/build/lib/step/temporal_confirmation.py -> /home/jet/IRC/IRC-STEP/IRC_vision_latest/install/step/lib/python3.10/site-packages/step
[3.001s] copying /home/jet/IRC/IRC-STEP/IRC_vision_latest/build/step/build/lib/step/step_motion_pose_test.py -> /home/jet/IRC/IRC-STEP/IRC_vision_latest/install/step/lib/python3.10/site-packages/step
[3.001s] copying /home/jet/IRC/IRC-STEP/IRC_vision_latest/build/step/build/lib/step/yolo26_detector.py -> /home/jet/IRC/IRC-STEP/IRC_vision_latest/install/step/lib/python3.10/site-packages/step
[3.002s] copying /home/jet/IRC/IRC-STEP/IRC_vision_latest/build/step/build/lib/step/mission_state_estimator.py -> /home/jet/IRC/IRC-STEP/IRC_vision_latest/install/step/lib/python3.10/site-packages/step
[3.002s] copying /home/jet/IRC/IRC-STEP/IRC_vision_latest/build/step/build/lib/step/tensorrt_backend.py -> /home/jet/IRC/IRC-STEP/IRC_vision_latest/install/step/lib/python3.10/site-packages/step
[3.002s] copying /home/jet/IRC/IRC-STEP/IRC_vision_latest/build/step/build/lib/step/line_navigation_planner.py -> /home/jet/IRC/IRC-STEP/IRC_vision_latest/install/step/lib/python3.10/site-packages/step
[3.003s] copying /home/jet/IRC/IRC-STEP/IRC_vision_latest/build/step/build/lib/step/line_debug_monitor.py -> /home/jet/IRC/IRC-STEP/IRC_vision_latest/install/step/lib/python3.10/site-packages/step
[3.003s] copying /home/jet/IRC/IRC-STEP/IRC_vision_latest/build/step/build/lib/step/hurdle_analyzer.py -> /home/jet/IRC/IRC-STEP/IRC_vision_latest/install/step/lib/python3.10/site-packages/step
[3.003s] copying /home/jet/IRC/IRC-STEP/IRC_vision_latest/build/step/build/lib/step/goal_analyzer.py -> /home/jet/IRC/IRC-STEP/IRC_vision_latest/install/step/lib/python3.10/site-packages/step
[3.003s] copying /home/jet/IRC/IRC-STEP/IRC_vision_latest/build/step/build/lib/step/ball_analyzer.py -> /home/jet/IRC/IRC-STEP/IRC_vision_latest/install/step/lib/python3.10/site-packages/step
[3.005s] byte-compiling /home/jet/IRC/IRC-STEP/IRC_vision_latest/install/step/lib/python3.10/site-packages/step/hurdle_navigation_controller.py to hurdle_navigation_controller.cpython-310.pyc
[3.008s] byte-compiling /home/jet/IRC/IRC-STEP/IRC_vision_latest/install/step/lib/python3.10/site-packages/step/mission_map_visualizer.py to mission_map_visualizer.cpython-310.pyc
[3.016s] byte-compiling /home/jet/IRC/IRC-STEP/IRC_vision_latest/install/step/lib/python3.10/site-packages/step/goal_navigation_planner.py to goal_navigation_planner.cpython-310.pyc
[3.018s] byte-compiling /home/jet/IRC/IRC-STEP/IRC_vision_latest/install/step/lib/python3.10/site-packages/step/ball_navigation_controller.py to ball_navigation_controller.cpython-310.pyc
[3.020s] byte-compiling /home/jet/IRC/IRC-STEP/IRC_vision_latest/install/step/lib/python3.10/site-packages/step/unified_vision_node.py to unified_vision_node.cpython-310.pyc
[3.021s] byte-compiling /home/jet/IRC/IRC-STEP/IRC_vision_latest/install/step/lib/python3.10/site-packages/step/imu_line_pose_estimator.py to imu_line_pose_estimator.cpython-310.pyc
[3.029s] byte-compiling /home/jet/IRC/IRC-STEP/IRC_vision_latest/install/step/lib/python3.10/site-packages/step/rgbd_visual_odometry.py to rgbd_visual_odometry.cpython-310.pyc
[3.036s] byte-compiling /home/jet/IRC/IRC-STEP/IRC_vision_latest/install/step/lib/python3.10/site-packages/step/goal_navigation_controller.py to goal_navigation_controller.cpython-310.pyc
[3.037s] byte-compiling /home/jet/IRC/IRC-STEP/IRC_vision_latest/install/step/lib/python3.10/site-packages/step/line_path_visualizer.py to line_path_visualizer.cpython-310.pyc
[3.044s] byte-compiling /home/jet/IRC/IRC-STEP/IRC_vision_latest/install/step/lib/python3.10/site-packages/step/__init__.py to __init__.cpython-310.pyc
[3.044s] byte-compiling /home/jet/IRC/IRC-STEP/IRC_vision_latest/install/step/lib/python3.10/site-packages/step/yolo_line_analyzer.py to yolo_line_analyzer.cpython-310.pyc
[3.054s] byte-compiling /home/jet/IRC/IRC-STEP/IRC_vision_latest/install/step/lib/python3.10/site-packages/step/hurdle_navigation_planner.py to hurdle_navigation_planner.cpython-310.pyc
[3.056s] byte-compiling /home/jet/IRC/IRC-STEP/IRC_vision_latest/install/step/lib/python3.10/site-packages/step/line_navigation_controller.py to line_navigation_controller.cpython-310.pyc
[3.058s] byte-compiling /home/jet/IRC/IRC-STEP/IRC_vision_latest/install/step/lib/python3.10/site-packages/step/ball_navigation_planner.py to ball_navigation_planner.cpython-310.pyc
[3.062s] byte-compiling /home/jet/IRC/IRC-STEP/IRC_vision_latest/install/step/lib/python3.10/site-packages/step/temporal_confirmation.py to temporal_confirmation.cpython-310.pyc
[3.063s] byte-compiling /home/jet/IRC/IRC-STEP/IRC_vision_latest/install/step/lib/python3.10/site-packages/step/step_motion_pose_test.py to step_motion_pose_test.cpython-310.pyc
[3.067s] byte-compiling /home/jet/IRC/IRC-STEP/IRC_vision_latest/install/step/lib/python3.10/site-packages/step/yolo26_detector.py to yolo26_detector.cpython-310.pyc
[3.089s] byte-compiling /home/jet/IRC/IRC-STEP/IRC_vision_latest/install/step/lib/python3.10/site-packages/step/mission_state_estimator.py to mission_state_estimator.cpython-310.pyc
[3.092s] byte-compiling /home/jet/IRC/IRC-STEP/IRC_vision_latest/install/step/lib/python3.10/site-packages/step/tensorrt_backend.py to tensorrt_backend.cpython-310.pyc
[3.095s] byte-compiling /home/jet/IRC/IRC-STEP/IRC_vision_latest/install/step/lib/python3.10/site-packages/step/line_navigation_planner.py to line_navigation_planner.cpython-310.pyc
[3.099s] byte-compiling /home/jet/IRC/IRC-STEP/IRC_vision_latest/install/step/lib/python3.10/site-packages/step/line_debug_monitor.py to line_debug_monitor.cpython-310.pyc
[3.101s] byte-compiling /home/jet/IRC/IRC-STEP/IRC_vision_latest/install/step/lib/python3.10/site-packages/step/hurdle_analyzer.py to hurdle_analyzer.cpython-310.pyc
[3.107s] byte-compiling /home/jet/IRC/IRC-STEP/IRC_vision_latest/install/step/lib/python3.10/site-packages/step/goal_analyzer.py to goal_analyzer.cpython-310.pyc
[3.114s] byte-compiling /home/jet/IRC/IRC-STEP/IRC_vision_latest/install/step/lib/python3.10/site-packages/step/ball_analyzer.py to ball_analyzer.cpython-310.pyc
[3.122s] running install_data
[3.122s] copying resource/step -> /home/jet/IRC/IRC-STEP/IRC_vision_latest/install/step/share/ament_index/resource_index/packages
[3.122s] copying package.xml -> /home/jet/IRC/IRC-STEP/IRC_vision_latest/install/step/share/step
[3.122s] copying models/best.onnx -> /home/jet/IRC/IRC-STEP/IRC_vision_latest/install/step/share/step/models
[3.140s] copying models/best.engine -> /home/jet/IRC/IRC-STEP/IRC_vision_latest/install/step/share/step/models
[3.156s] running install_egg_info
[3.160s] Copying ../../build/step/step.egg-info to /home/jet/IRC/IRC-STEP/IRC_vision_latest/install/step/lib/python3.10/site-packages/step-0.0.0-py3.10.egg-info
[3.163s] running install_scripts
[3.203s] Installing ball_analyzer script to /home/jet/IRC/IRC-STEP/IRC_vision_latest/install/step/lib/step
[3.204s] Installing ball_navigation_controller script to /home/jet/IRC/IRC-STEP/IRC_vision_latest/install/step/lib/step
[3.205s] Installing goal_analyzer script to /home/jet/IRC/IRC-STEP/IRC_vision_latest/install/step/lib/step
[3.205s] Installing goal_navigation_controller script to /home/jet/IRC/IRC-STEP/IRC_vision_latest/install/step/lib/step
[3.206s] Installing hurdle_analyzer script to /home/jet/IRC/IRC-STEP/IRC_vision_latest/install/step/lib/step
[3.206s] Installing hurdle_navigation_controller script to /home/jet/IRC/IRC-STEP/IRC_vision_latest/install/step/lib/step
[3.207s] Installing imu_line_pose_estimator script to /home/jet/IRC/IRC-STEP/IRC_vision_latest/install/step/lib/step
[3.207s] Installing line_debug_monitor script to /home/jet/IRC/IRC-STEP/IRC_vision_latest/install/step/lib/step
[3.207s] Installing line_navigation_controller script to /home/jet/IRC/IRC-STEP/IRC_vision_latest/install/step/lib/step
[3.208s] Installing line_path_visualizer script to /home/jet/IRC/IRC-STEP/IRC_vision_latest/install/step/lib/step
[3.208s] Installing mission_map_visualizer script to /home/jet/IRC/IRC-STEP/IRC_vision_latest/install/step/lib/step
[3.208s] Installing mission_state_estimator script to /home/jet/IRC/IRC-STEP/IRC_vision_latest/install/step/lib/step
[3.209s] Installing rgbd_visual_odometry script to /home/jet/IRC/IRC-STEP/IRC_vision_latest/install/step/lib/step
[3.209s] Installing step_motion_pose_test script to /home/jet/IRC/IRC-STEP/IRC_vision_latest/install/step/lib/step
[3.209s] Installing unified_vision_node script to /home/jet/IRC/IRC-STEP/IRC_vision_latest/install/step/lib/step
[3.209s] Installing yolo26_detector script to /home/jet/IRC/IRC-STEP/IRC_vision_latest/install/step/lib/step
[3.209s] Installing yolo_line_analyzer script to /home/jet/IRC/IRC-STEP/IRC_vision_latest/install/step/lib/step
[3.209s] writing list of installed files to '/home/jet/IRC/IRC-STEP/IRC_vision_latest/build/step/install.log'
[3.298s] Invoked command in '/home/jet/IRC/IRC-STEP/IRC_vision_latest/src/step' returned '0': PYTHONPATH=/home/jet/IRC/IRC-STEP/IRC_vision_latest/build/step/prefix_override:/usr/lib/python3/dist-packages/colcon_core/task/python/colcon_distutils_commands:/home/jet/IRC/IRC-STEP/IRC_vision_latest/install/step/lib/python3.10/site-packages:${PYTHONPATH} /usr/bin/python3 -W ignore:setup.py install is deprecated -W ignore:easy_install command is deprecated setup.py egg_info --egg-base ../../build/step build --build-base /home/jet/IRC/IRC-STEP/IRC_vision_latest/build/step/build install --record /home/jet/IRC/IRC-STEP/IRC_vision_latest/build/step/install.log --single-version-externally-managed install_data --force
