-- The C compiler identification is GNU 11.4.0
-- The CXX compiler identification is GNU 11.4.0
-- Detecting C compiler ABI info
-- Detecting C compiler ABI info - done
-- Check for working C compiler: /usr/bin/cc - skipped
-- Detecting C compile features
-- Detecting C compile features - done
-- Detecting CXX compiler ABI info
-- Detecting CXX compiler ABI info - done
-- Check for working CXX compiler: /usr/bin/c++ - skipped
-- Detecting CXX compile features
-- Detecting CXX compile features - done
-- Found ament_cmake: 1.3.14 (/opt/ros/humble/share/ament_cmake/cmake)
-- Found Python3: /usr/bin/python3 (found version "3.10.12") found components: Interpreter 
-- Override CMake install command with custom implementation using symlinks instead of copying resources
-- Found ament_index_cpp: 1.4.1 (/opt/ros/humble/share/ament_index_cpp/cmake)
-- Found PkgConfig: /usr/bin/pkg-config (found version "0.29.2") 
-- Found rclcpp: 16.0.19 (/opt/ros/humble/share/rclcpp/cmake)
-- Found rosidl_generator_c: 3.1.8 (/opt/ros/humble/share/rosidl_generator_c/cmake)
-- Found rosidl_adapter: 3.1.8 (/opt/ros/humble/share/rosidl_adapter/cmake)
-- Found rosidl_generator_cpp: 3.1.8 (/opt/ros/humble/share/rosidl_generator_cpp/cmake)
-- Using all available rosidl_typesupport_c: rosidl_typesupport_fastrtps_c;rosidl_typesupport_introspection_c
-- Using all available rosidl_typesupport_cpp: rosidl_typesupport_fastrtps_cpp;rosidl_typesupport_introspection_cpp
-- Found rmw_implementation_cmake: 6.1.2 (/opt/ros/humble/share/rmw_implementation_cmake/cmake)
-- Found rmw_fastrtps_cpp: 6.2.10 (/opt/ros/humble/share/rmw_fastrtps_cpp/cmake)
-- Found OpenSSL: /usr/lib/aarch64-linux-gnu/libcrypto.so (found version "3.0.2")  
-- Found FastRTPS: /opt/ros/humble/include  
-- Using RMW implementation 'rmw_fastrtps_cpp' as default
-- Looking for pthread.h
-- Looking for pthread.h - found
-- Performing Test CMAKE_HAVE_LIBC_PTHREAD
-- Performing Test CMAKE_HAVE_LIBC_PTHREAD - Success
-- Found Threads: TRUE  
-- Found yaml_cpp_vendor: 8.0.2 (/opt/ros/humble/share/yaml_cpp_vendor/cmake)
-- Checking for module 'json-c'
--   Found json-c, version 0.15
-- SDK inclusion enabled; no SDK backend is instantiated by this package
-- Found ament_cmake_gtest: 1.3.14 (/opt/ros/humble/share/ament_cmake_gtest/cmake)
-- Found gtest sources under '/opt/ros/humble/src/gtest_vendor': C++ tests using 'Google Test' will be built
-- Found launch_testing_ament_cmake: 1.0.14 (/opt/ros/humble/share/launch_testing_ament_cmake/cmake)
-- Found python_cmake_module: 0.10.0 (/opt/ros/humble/share/python_cmake_module/cmake)
-- Found PythonInterp: /usr/bin/python3 (found suitable version "3.10.12", minimum required is "3.6") 
-- Found PythonLibs: /usr/lib/aarch64-linux-gnu/libpython3.10.so (found suitable version "3.10.12", minimum required is "3.5") 
-- Using PYTHON_EXECUTABLE: /usr/bin/python3
-- Using PYTHON_INCLUDE_DIRS: /usr/include/python3.10
-- Using PYTHON_LIBRARIES: /usr/lib/aarch64-linux-gnu/libpython3.10.so
-- Found PythonExtra: .so  
-- Configuring done
-- Generating done
-- Build files have been written to: /home/jet/IRC/IRC-STEP/IRC_vision_latest/build/irc_step_motion_executor
-- Found ament_cmake: 1.3.14 (/opt/ros/humble/share/ament_cmake/cmake)
-- Override CMake install command with custom implementation using symlinks instead of copying resources
-- Found ament_index_cpp: 1.4.1 (/opt/ros/humble/share/ament_index_cpp/cmake)
-- Found rclcpp: 16.0.19 (/opt/ros/humble/share/rclcpp/cmake)
-- Found rosidl_generator_c: 3.1.8 (/opt/ros/humble/share/rosidl_generator_c/cmake)
-- Found rosidl_adapter: 3.1.8 (/opt/ros/humble/share/rosidl_adapter/cmake)
-- Found rosidl_generator_cpp: 3.1.8 (/opt/ros/humble/share/rosidl_generator_cpp/cmake)
-- Using all available rosidl_typesupport_c: rosidl_typesupport_fastrtps_c;rosidl_typesupport_introspection_c
-- Using all available rosidl_typesupport_cpp: rosidl_typesupport_fastrtps_cpp;rosidl_typesupport_introspection_cpp
-- Found rmw_implementation_cmake: 6.1.2 (/opt/ros/humble/share/rmw_implementation_cmake/cmake)
-- Found rmw_fastrtps_cpp: 6.2.10 (/opt/ros/humble/share/rmw_fastrtps_cpp/cmake)
-- Using RMW implementation 'rmw_fastrtps_cpp' as default
-- Found yaml_cpp_vendor: 8.0.2 (/opt/ros/humble/share/yaml_cpp_vendor/cmake)
-- SDK inclusion enabled; no SDK backend is instantiated by this package
-- Found ament_cmake_gtest: 1.3.14 (/opt/ros/humble/share/ament_cmake_gtest/cmake)
-- Found gtest sources under '/opt/ros/humble/src/gtest_vendor': C++ tests using 'Google Test' will be built
-- Found launch_testing_ament_cmake: 1.0.14 (/opt/ros/humble/share/launch_testing_ament_cmake/cmake)
-- Found python_cmake_module: 0.10.0 (/opt/ros/humble/share/python_cmake_module/cmake)
-- Using PYTHON_EXECUTABLE: /usr/bin/python3
-- Using PYTHON_INCLUDE_DIRS: /usr/include/python3.10
-- Using PYTHON_LIBRARIES: /usr/lib/aarch64-linux-gnu/libpython3.10.so
-- Configuring done
-- Generating done
-- Build files have been written to: /home/jet/IRC/IRC-STEP/IRC_vision_latest/build/irc_step_motion_executor
[  4%] [32mBuilding CXX object robot_motion_sdk/CMakeFiles/motion_core.dir/motion_pattern.cpp.o[0m
[  4%] [32mBuilding CXX object CMakeFiles/catalog_only_core.dir/src/catalog_only_core.cpp.o[0m
[  7%] [32mBuilding CXX object CMakeFiles/robot_motion_runtime_config.dir/src/robot_motion_runtime_config.cpp.o[0m
[  7%] [32mBuilding CXX object robot_motion_sdk/CMakeFiles/motion_core.dir/motion_callback.cpp.o[0m
[  4%] [32mBuilding CXX object gtest/CMakeFiles/gtest.dir/src/gtest-all.cc.o[0m
[  9%] [32mBuilding CXX object gtest/CMakeFiles/gtest_main.dir/src/gtest_main.cc.o[0m
[ 10%] [32m[1mLinking CXX static library librobot_motion_runtime_config.a[0m
[ 10%] Built target robot_motion_runtime_config
[ 12%] [32m[1mLinking CXX static library libgtest_main.a[0m
[ 12%] Built target gtest_main
[ 14%] [32m[1mLinking CXX static library libcatalog_only_core.a[0m
[ 14%] Built target catalog_only_core
[ 17%] [32mBuilding CXX object CMakeFiles/sdk_executor_core.dir/src/sdk_executor_core.cpp.o[0m
[ 17%] [32mBuilding CXX object CMakeFiles/catalog_only_node.dir/src/catalog_only_node.cpp.o[0m
[ 18%] [32m[1mLinking CXX static library libsdk_executor_core.a[0m
[ 18%] Built target sdk_executor_core
gmake[2]: Warning: File '/home/jet/IRC/IRC-STEP/IRC_vision_latest/src/irc_step_motion_executor/src/sdk_executor_driver.cpp' has modification time 26770 s in the future
[ 23%] [32mBuilding CXX object CMakeFiles/sdk_executor_driver.dir/src/startup_pose_gate.cpp.o[0m
[ 23%] [32mBuilding CXX object CMakeFiles/simulated_motion_backend.dir/src/simulated_motion_backend.cpp.o[0m
[ 23%] [32mBuilding CXX object CMakeFiles/sdk_executor_driver.dir/src/sdk_executor_driver.cpp.o[0m
[ 25%] [32m[1mLinking CXX static library libsimulated_motion_backend.a[0m
[ 25%] Built target simulated_motion_backend
gmake[2]: Warning: File '/home/jet/IRC/IRC-STEP/IRC_vision_latest/src/irc_step_motion_executor/src/motion_backend_factory.cpp' has modification time 26362 s in the future
[ 26%] [32mBuilding CXX object CMakeFiles/motion_backend_factory.dir/src/motion_backend_factory.cpp.o[0m
[ 28%] [32mBuilding CXX object CMakeFiles/sdk_executor_driver.dir/src/startup_pose_catalog.cpp.o[0m
[ 29%] [32m[1mLinking CXX static library libmotion_backend_factory.a[0m
gmake[2]: warning:  Clock skew detected.  Your build may be incomplete.
[ 29%] Built target motion_backend_factory
[ 31%] [32m[1mLinking CXX static library libmotion_core.a[0m
[ 32%] [32m[1mLinking CXX static library libsdk_executor_driver.a[0m
[ 32%] Built target motion_core
gmake[2]: warning:  Clock skew detected.  Your build may be incomplete.
gmake[2]: Warning: File '/home/jet/IRC/external_sdk/robot_motion_player_sdk_work_20260801/final step/robot_motion_player.cpp' has modification time 32122 s in the future
[ 32%] Built target sdk_executor_driver
[ 34%] [32mBuilding CXX object robot_motion_sdk/CMakeFiles/motion_player_core.dir/robot_motion_player.cpp.o[0m
[ 35%] [32m[1mLinking CXX static library libgtest.a[0m
[ 35%] Built target gtest
[ 42%] [32mBuilding CXX object CMakeFiles/test_sdk_executor_core.dir/test/test_sdk_executor_core.cpp.o[0m
[ 42%] [32mBuilding CXX object CMakeFiles/test_motion_json_catalog.dir/test/test_motion_json_catalog.cpp.o[0m
[ 42%] [32mBuilding CXX object CMakeFiles/test_simulated_motion_backend.dir/test/test_simulated_motion_backend.cpp.o[0m
[ 42%] [32mBuilding CXX object CMakeFiles/test_catalog_only_core.dir/test/test_catalog_only_core.cpp.o[0m
[ 43%] [32m[1mLinking CXX static library libmotion_player_core.a[0m
gmake[2]: warning:  Clock skew detected.  Your build may be incomplete.
[ 43%] Built target motion_player_core
[ 45%] [32mBuilding CXX object CMakeFiles/test_robot_motion_runtime_config.dir/test/test_robot_motion_runtime_config.cpp.o[0m
[ 46%] [32m[1mLinking CXX executable test_simulated_motion_backend[0m
[ 48%] [32m[1mLinking CXX executable test_catalog_only_core[0m
[ 48%] Built target test_simulated_motion_backend
[ 50%] [32mBuilding CXX object CMakeFiles/test_robot_motion_parameter_types.dir/test/test_robot_motion_parameter_types.cpp.o[0m
[ 50%] Built target test_catalog_only_core
[ 51%] [32mBuilding CXX object CMakeFiles/test_motion_backend_factory.dir/test/test_motion_backend_factory.cpp.o[0m
[ 53%] [32m[1mLinking CXX executable test_motion_json_catalog[0m
[ 53%] Built target test_motion_json_catalog
[ 54%] [32mBuilding CXX object CMakeFiles/test_sdk_executor_driver.dir/test/test_sdk_executor_driver.cpp.o[0m
[ 56%] [32m[1mLinking CXX executable test_sdk_executor_core[0m
[ 56%] Built target test_sdk_executor_core
gmake[2]: Warning: File '/home/jet/IRC/IRC-STEP/IRC_vision_latest/src/irc_step_motion_executor/test/test_startup_pose_gate.cpp' has modification time 26619 s in the future
[ 57%] [32mBuilding CXX object CMakeFiles/test_startup_pose_gate.dir/test/test_startup_pose_gate.cpp.o[0m
[ 59%] [32m[1mLinking CXX executable test_robot_motion_runtime_config[0m
[ 60%] [32m[1mLinking CXX executable test_robot_motion_parameter_types[0m
[ 60%] Built target test_robot_motion_runtime_config
gmake[2]: Warning: File '/home/jet/IRC/IRC-STEP/IRC_vision_latest/src/irc_step_motion_executor/test/test_startup_pose_catalog.cpp' has modification time 29036 s in the future
[ 62%] [32mBuilding CXX object CMakeFiles/test_startup_pose_catalog.dir/test/test_startup_pose_catalog.cpp.o[0m
[ 62%] Built target test_robot_motion_parameter_types
gmake[2]: Warning: File '/home/jet/IRC/external_sdk/robot_motion_player_sdk_work_20260801/final step/dynamixel_motion_hardware.cpp' has modification time 32115 s in the future
[ 64%] [32mBuilding CXX object robot_motion_sdk/CMakeFiles/robot_control.dir/robot_motion_player_dynamixel.cpp.o[0m
[ 65%] [32m[1mLinking CXX executable test_motion_backend_factory[0m
[ 67%] [32m[1mLinking CXX executable test_sdk_executor_driver[0m
[ 67%] Built target test_motion_backend_factory
[ 68%] [32mBuilding CXX object robot_motion_sdk/CMakeFiles/robot_control.dir/dynamixel_motion_hardware.cpp.o[0m
[ 68%] Built target test_sdk_executor_driver
[ 70%] [32mBuilding CXX object robot_motion_sdk/CMakeFiles/robot_control.dir/step_dynamixel.cpp.o[0m
[ 71%] [32m[1mLinking CXX executable test_startup_pose_gate[0m
gmake[2]: warning:  Clock skew detected.  Your build may be incomplete.
[ 71%] Built target test_startup_pose_gate
[ 73%] [32mBuilding CXX object robot_motion_sdk/CMakeFiles/robot_control.dir/dynamixel_controller.cpp.o[0m
[ 75%] [32m[1mLinking CXX executable test_startup_pose_catalog[0m
gmake[2]: warning:  Clock skew detected.  Your build may be incomplete.
[ 75%] Built target test_startup_pose_catalog
[ 76%] [32m[1mLinking CXX static library librobot_control.a[0m
gmake[2]: warning:  Clock skew detected.  Your build may be incomplete.
[ 76%] Built target robot_control
[ 79%] [32mBuilding CXX object CMakeFiles/irc_step_motion_sdk_compile_probe.dir/src/sdk_compile_probe.cpp.o[0m
[ 79%] [32mBuilding CXX object CMakeFiles/robot_motion_player_backend.dir/src/robot_motion_player_backend.cpp.o[0m
[ 81%] [32m[1mLinking CXX shared library libirc_step_motion_sdk_compile_probe.so[0m
[ 81%] Built target irc_step_motion_sdk_compile_probe
[ 82%] [32m[1mLinking CXX executable catalog_only_node[0m
[ 84%] [32m[1mLinking CXX static library librobot_motion_player_backend.a[0m
[ 84%] Built target robot_motion_player_backend
gmake[2]: Warning: File '/home/jet/IRC/IRC-STEP/IRC_vision_latest/src/irc_step_motion_executor/src/production_robot_motion_runtime_factory.cpp' has modification time 26752 s in the future
[ 87%] [32mBuilding CXX object CMakeFiles/production_robot_motion_runtime_factory.dir/src/production_robot_motion_runtime_factory.cpp.o[0m
[ 87%] [32mBuilding CXX object CMakeFiles/test_robot_motion_player_backend.dir/test/test_robot_motion_player_backend.cpp.o[0m
[ 87%] Built target catalog_only_node
[ 89%] [32m[1mLinking CXX executable test_robot_motion_player_backend[0m
[ 89%] Built target test_robot_motion_player_backend
[ 90%] [32m[1mLinking CXX static library libproduction_robot_motion_runtime_factory.a[0m
gmake[2]: warning:  Clock skew detected.  Your build may be incomplete.
[ 90%] Built target production_robot_motion_runtime_factory
gmake[2]: Warning: File '/home/jet/IRC/IRC-STEP/IRC_vision_latest/src/irc_step_motion_executor/src/sdk_executor_node.cpp' has modification time 26603 s in the future
[ 93%] [32mBuilding CXX object CMakeFiles/sdk_hardware_preflight_core.dir/src/sdk_hardware_preflight_core.cpp.o[0m
[ 93%] [32mBuilding CXX object CMakeFiles/sdk_motion_executor.dir/src/sdk_executor_node.cpp.o[0m
[ 95%] [32m[1mLinking CXX static library libsdk_hardware_preflight_core.a[0m
[ 95%] Built target sdk_hardware_preflight_core
[ 96%] [32mBuilding CXX object CMakeFiles/sdk_hardware_preflight.dir/src/sdk_hardware_preflight.cpp.o[0m
[ 98%] [32m[1mLinking CXX executable sdk_hardware_preflight[0m
[ 98%] Built target sdk_hardware_preflight
[100%] [32m[1mLinking CXX executable sdk_motion_executor[0m
gmake[2]: warning:  Clock skew detected.  Your build may be incomplete.
[100%] Built target sdk_motion_executor
-- Install configuration: ""
-- Execute custom install script
-- Symlinking: /home/jet/IRC/IRC-STEP/IRC_vision_latest/install/irc_step_motion_executor/lib/librobot_motion_player_backend.a
-- Symlinking: /home/jet/IRC/IRC-STEP/IRC_vision_latest/install/irc_step_motion_executor/lib/libproduction_robot_motion_runtime_factory.a
-- Symlinking: /home/jet/IRC/IRC-STEP/IRC_vision_latest/install/irc_step_motion_executor/lib/libsdk_hardware_preflight_core.a
-- Symlinking: /home/jet/IRC/IRC-STEP/IRC_vision_latest/install/irc_step_motion_executor/lib/irc_step_motion_executor/sdk_hardware_preflight
-- Symlinking: /home/jet/IRC/IRC-STEP/IRC_vision_latest/install/irc_step_motion_executor/lib/libcatalog_only_core.a
-- Symlinking: /home/jet/IRC/IRC-STEP/IRC_vision_latest/install/irc_step_motion_executor/lib/libsdk_executor_core.a
-- Symlinking: /home/jet/IRC/IRC-STEP/IRC_vision_latest/install/irc_step_motion_executor/lib/libsimulated_motion_backend.a
-- Symlinking: /home/jet/IRC/IRC-STEP/IRC_vision_latest/install/irc_step_motion_executor/lib/librobot_motion_runtime_config.a
-- Symlinking: /home/jet/IRC/IRC-STEP/IRC_vision_latest/install/irc_step_motion_executor/lib/libmotion_backend_factory.a
-- Symlinking: /home/jet/IRC/IRC-STEP/IRC_vision_latest/install/irc_step_motion_executor/lib/libsdk_executor_driver.a
-- Symlinking: /home/jet/IRC/IRC-STEP/IRC_vision_latest/install/irc_step_motion_executor/lib/irc_step_motion_executor/catalog_only_node
-- Symlinking: /home/jet/IRC/IRC-STEP/IRC_vision_latest/install/irc_step_motion_executor/lib/irc_step_motion_executor/sdk_motion_executor
-- Symlinking: /home/jet/IRC/IRC-STEP/IRC_vision_latest/install/irc_step_motion_executor/include/irc_step_motion_executor/catalog_only_core.hpp
-- Symlinking: /home/jet/IRC/IRC-STEP/IRC_vision_latest/install/irc_step_motion_executor/include/irc_step_motion_executor/motion_backend.hpp
-- Symlinking: /home/jet/IRC/IRC-STEP/IRC_vision_latest/install/irc_step_motion_executor/include/irc_step_motion_executor/motion_backend_factory.hpp
-- Symlinking: /home/jet/IRC/IRC-STEP/IRC_vision_latest/install/irc_step_motion_executor/include/irc_step_motion_executor/robot_motion_player_backend.hpp
-- Symlinking: /home/jet/IRC/IRC-STEP/IRC_vision_latest/install/irc_step_motion_executor/include/irc_step_motion_executor/robot_motion_runtime_config.hpp
-- Symlinking: /home/jet/IRC/IRC-STEP/IRC_vision_latest/install/irc_step_motion_executor/include/irc_step_motion_executor/robot_motion_runtime_factory.hpp
-- Symlinking: /home/jet/IRC/IRC-STEP/IRC_vision_latest/install/irc_step_motion_executor/include/irc_step_motion_executor/sdk_executor_core.hpp
-- Symlinking: /home/jet/IRC/IRC-STEP/IRC_vision_latest/install/irc_step_motion_executor/include/irc_step_motion_executor/sdk_executor_driver.hpp
-- Symlinking: /home/jet/IRC/IRC-STEP/IRC_vision_latest/install/irc_step_motion_executor/include/irc_step_motion_executor/sdk_hardware_preflight_core.hpp
-- Symlinking: /home/jet/IRC/IRC-STEP/IRC_vision_latest/install/irc_step_motion_executor/include/irc_step_motion_executor/simulated_motion_backend.hpp
-- Symlinking: /home/jet/IRC/IRC-STEP/IRC_vision_latest/install/irc_step_motion_executor/include/irc_step_motion_executor/startup_pose_catalog.hpp
-- Symlinking: /home/jet/IRC/IRC-STEP/IRC_vision_latest/install/irc_step_motion_executor/include/irc_step_motion_executor/startup_pose_gate.hpp
-- Symlinking: /home/jet/IRC/IRC-STEP/IRC_vision_latest/install/irc_step_motion_executor/share/irc_step_motion_executor/config/motion_aliases.yaml
-- Symlinking: /home/jet/IRC/IRC-STEP/IRC_vision_latest/install/irc_step_motion_executor/share/irc_step_motion_executor/launch/catalog_only.launch.py
-- Symlinking: /home/jet/IRC/IRC-STEP/IRC_vision_latest/install/irc_step_motion_executor/share/irc_step_motion_executor/launch/sdk_executor_simulated.launch.py
-- Symlinking: /home/jet/IRC/IRC-STEP/IRC_vision_latest/install/irc_step_motion_executor/share/irc_step_motion_executor/launch/sdk_motion_test.launch.py
-- Symlinking: /home/jet/IRC/IRC-STEP/IRC_vision_latest/install/irc_step_motion_executor/lib/irc_step_motion_executor/manual_motion_request.py
-- Symlinking: /home/jet/IRC/IRC-STEP/IRC_vision_latest/install/irc_step_motion_executor/lib/irc_step_motion_executor/validate_motion_catalog.py
-- Symlinking: /home/jet/IRC/IRC-STEP/IRC_vision_latest/install/irc_step_motion_executor/share/irc_step_motion_executor/environment/library_path.sh
-- Symlinking: /home/jet/IRC/IRC-STEP/IRC_vision_latest/install/irc_step_motion_executor/share/irc_step_motion_executor/environment/library_path.dsv
-- Symlinking: /home/jet/IRC/IRC-STEP/IRC_vision_latest/install/irc_step_motion_executor/share/ament_index/resource_index/package_run_dependencies/irc_step_motion_executor
-- Symlinking: /home/jet/IRC/IRC-STEP/IRC_vision_latest/install/irc_step_motion_executor/share/ament_index/resource_index/parent_prefix_path/irc_step_motion_executor
-- Symlinking: /home/jet/IRC/IRC-STEP/IRC_vision_latest/install/irc_step_motion_executor/share/irc_step_motion_executor/environment/ament_prefix_path.sh
-- Symlinking: /home/jet/IRC/IRC-STEP/IRC_vision_latest/install/irc_step_motion_executor/share/irc_step_motion_executor/environment/ament_prefix_path.dsv
-- Symlinking: /home/jet/IRC/IRC-STEP/IRC_vision_latest/install/irc_step_motion_executor/share/irc_step_motion_executor/environment/path.sh
-- Symlinking: /home/jet/IRC/IRC-STEP/IRC_vision_latest/install/irc_step_motion_executor/share/irc_step_motion_executor/environment/path.dsv
-- Symlinking: /home/jet/IRC/IRC-STEP/IRC_vision_latest/install/irc_step_motion_executor/share/irc_step_motion_executor/local_setup.bash
-- Symlinking: /home/jet/IRC/IRC-STEP/IRC_vision_latest/install/irc_step_motion_executor/share/irc_step_motion_executor/local_setup.sh
-- Symlinking: /home/jet/IRC/IRC-STEP/IRC_vision_latest/install/irc_step_motion_executor/share/irc_step_motion_executor/local_setup.zsh
-- Symlinking: /home/jet/IRC/IRC-STEP/IRC_vision_latest/install/irc_step_motion_executor/share/irc_step_motion_executor/local_setup.dsv
-- Symlinking: /home/jet/IRC/IRC-STEP/IRC_vision_latest/install/irc_step_motion_executor/share/irc_step_motion_executor/package.dsv
-- Symlinking: /home/jet/IRC/IRC-STEP/IRC_vision_latest/install/irc_step_motion_executor/share/ament_index/resource_index/packages/irc_step_motion_executor
-- Symlinking: /home/jet/IRC/IRC-STEP/IRC_vision_latest/install/irc_step_motion_executor/share/irc_step_motion_executor/cmake/ament_cmake_export_include_directories-extras.cmake
-- Symlinking: /home/jet/IRC/IRC-STEP/IRC_vision_latest/install/irc_step_motion_executor/share/irc_step_motion_executor/cmake/ament_cmake_export_libraries-extras.cmake
-- Symlinking: /home/jet/IRC/IRC-STEP/IRC_vision_latest/install/irc_step_motion_executor/share/irc_step_motion_executor/cmake/irc_step_motion_executorConfig.cmake
-- Symlinking: /home/jet/IRC/IRC-STEP/IRC_vision_latest/install/irc_step_motion_executor/share/irc_step_motion_executor/cmake/irc_step_motion_executorConfig-version.cmake
-- Symlinking: /home/jet/IRC/IRC-STEP/IRC_vision_latest/install/irc_step_motion_executor/share/irc_step_motion_executor/package.xml
