[0.014s] Invoking command in '/home/jet/IRC/IRC-STEP/IRC_vision_latest/build/irc_step_motion_executor': CMAKE_PREFIX_PATH=${CMAKE_PREFIX_PATH}:/opt/ros/humble /usr/bin/cmake /home/jet/IRC/IRC-STEP/IRC_vision_latest/src/irc_step_motion_executor -DIRC_STEP_ENABLE_ROBOT_MOTION_SDK=ON -DROBOT_MOTION_SDK_DIR=/home/jet/IRC/external_sdk/robot_motion_player_sdk_work_20260801/final step -DCMAKE_INSTALL_PREFIX=/home/jet/IRC/IRC-STEP/IRC_vision_latest/install/irc_step_motion_executor
[0.107s] -- The C compiler identification is GNU 11.4.0
[0.209s] -- The CXX compiler identification is GNU 11.4.0
[0.228s] -- Detecting C compiler ABI info
[0.369s] -- Detecting C compiler ABI info - done
[0.393s] -- Check for working C compiler: /usr/bin/cc - skipped
[0.394s] -- Detecting C compile features
[0.395s] -- Detecting C compile features - done
[0.406s] -- Detecting CXX compiler ABI info
[0.560s] -- Detecting CXX compiler ABI info - done
[0.586s] -- Check for working CXX compiler: /usr/bin/c++ - skipped
[0.587s] -- Detecting CXX compile features
[0.588s] -- Detecting CXX compile features - done
[0.596s] -- Found ament_cmake: 1.3.14 (/opt/ros/humble/share/ament_cmake/cmake)
[0.903s] -- Found Python3: /usr/bin/python3 (found version "3.10.12") found components: Interpreter 
[1.095s] -- Found ament_index_cpp: 1.4.1 (/opt/ros/humble/share/ament_index_cpp/cmake)
[1.106s] -- Found PkgConfig: /usr/bin/pkg-config (found version "0.29.2") 
[1.109s] -- Found rclcpp: 16.0.19 (/opt/ros/humble/share/rclcpp/cmake)
[1.190s] -- Found rosidl_generator_c: 3.1.8 (/opt/ros/humble/share/rosidl_generator_c/cmake)
[1.197s] -- Found rosidl_adapter: 3.1.8 (/opt/ros/humble/share/rosidl_adapter/cmake)
[1.210s] -- Found rosidl_generator_cpp: 3.1.8 (/opt/ros/humble/share/rosidl_generator_cpp/cmake)
[1.228s] -- Using all available rosidl_typesupport_c: rosidl_typesupport_fastrtps_c;rosidl_typesupport_introspection_c
[1.252s] -- Using all available rosidl_typesupport_cpp: rosidl_typesupport_fastrtps_cpp;rosidl_typesupport_introspection_cpp
[1.318s] -- Found rmw_implementation_cmake: 6.1.2 (/opt/ros/humble/share/rmw_implementation_cmake/cmake)
[1.321s] -- Found rmw_fastrtps_cpp: 6.2.10 (/opt/ros/humble/share/rmw_fastrtps_cpp/cmake)
[1.446s] -- Found OpenSSL: /usr/lib/aarch64-linux-gnu/libcrypto.so (found version "3.0.2")  
[1.497s] -- Found FastRTPS: /opt/ros/humble/include  
[1.562s] -- Using RMW implementation 'rmw_fastrtps_cpp' as default
[1.574s] -- Looking for pthread.h
[1.700s] -- Looking for pthread.h - found
[1.701s] -- Performing Test CMAKE_HAVE_LIBC_PTHREAD
[1.849s] -- Performing Test CMAKE_HAVE_LIBC_PTHREAD - Success
[1.852s] -- Found Threads: TRUE  
[1.978s] -- Found yaml_cpp_vendor: 8.0.2 (/opt/ros/humble/share/yaml_cpp_vendor/cmake)
[1.981s] -- Checking for module 'json-c'
[2.005s] --   Found json-c, version 0.15
[2.061s] -- SDK inclusion enabled; no SDK backend is instantiated by this package
[2.100s] -- Found ament_cmake_gtest: 1.3.14 (/opt/ros/humble/share/ament_cmake_gtest/cmake)
[2.104s] -- Found gtest sources under '/opt/ros/humble/src/gtest_vendor': C++ tests using 'Google Test' will be built
[2.138s] -- Found launch_testing_ament_cmake: 1.0.14 (/opt/ros/humble/share/launch_testing_ament_cmake/cmake)
[2.140s] -- Found python_cmake_module: 0.10.0 (/opt/ros/humble/share/python_cmake_module/cmake)
[2.184s] -- Found PythonInterp: /usr/bin/python3 (found suitable version "3.10.12", minimum required is "3.6") 
[2.193s] -- Found PythonLibs: /usr/lib/aarch64-linux-gnu/libpython3.10.so (found suitable version "3.10.12", minimum required is "3.5") 
[2.193s] -- Using PYTHON_EXECUTABLE: /usr/bin/python3
[2.194s] -- Using PYTHON_INCLUDE_DIRS: /usr/include/python3.10
[2.194s] -- Using PYTHON_LIBRARIES: /usr/lib/aarch64-linux-gnu/libpython3.10.so
[2.237s] -- Found PythonExtra: .so  
[2.368s] -- Configuring done
[2.476s] -- Generating done
[2.504s] -- Build files have been written to: /home/jet/IRC/IRC-STEP/IRC_vision_latest/build/irc_step_motion_executor
[2.531s] Invoked command in '/home/jet/IRC/IRC-STEP/IRC_vision_latest/build/irc_step_motion_executor' returned '0': CMAKE_PREFIX_PATH=${CMAKE_PREFIX_PATH}:/opt/ros/humble /usr/bin/cmake /home/jet/IRC/IRC-STEP/IRC_vision_latest/src/irc_step_motion_executor -DIRC_STEP_ENABLE_ROBOT_MOTION_SDK=ON -DROBOT_MOTION_SDK_DIR=/home/jet/IRC/external_sdk/robot_motion_player_sdk_work_20260801/final step -DCMAKE_INSTALL_PREFIX=/home/jet/IRC/IRC-STEP/IRC_vision_latest/install/irc_step_motion_executor
[2.536s] Invoking command in '/home/jet/IRC/IRC-STEP/IRC_vision_latest/build/irc_step_motion_executor': CMAKE_PREFIX_PATH=${CMAKE_PREFIX_PATH}:/opt/ros/humble /usr/bin/cmake --build /home/jet/IRC/IRC-STEP/IRC_vision_latest/build/irc_step_motion_executor -- -j6 -l6
[2.614s] [35m[1mConsolidate compiler generated dependencies of target catalog_only_core[0m
[2.614s] [35m[1mConsolidate compiler generated dependencies of target gtest_main[0m
[2.614s] [35m[1mConsolidate compiler generated dependencies of target motion_core[0m
[2.615s] [35m[1mConsolidate compiler generated dependencies of target robot_motion_runtime_config[0m
[2.615s] [35m[1mConsolidate compiler generated dependencies of target gtest[0m
[2.639s] [ 13%] Built target motion_core
[2.640s] [ 13%] Built target gtest_main
[2.640s] [ 15%] Built target catalog_only_core
[2.640s] [ 15%] Built target robot_motion_runtime_config
[2.644s] [ 18%] Built target gtest
[2.659s] [35m[1mConsolidate compiler generated dependencies of target sdk_executor_core[0m
[2.659s] [35m[1mConsolidate compiler generated dependencies of target motion_player_core[0m
[2.660s] [35m[1mConsolidate compiler generated dependencies of target catalog_only_node[0m
[2.662s] [35m[1mConsolidate compiler generated dependencies of target test_catalog_only_core[0m
[2.664s] [35m[1mConsolidate compiler generated dependencies of target test_robot_motion_runtime_config[0m
[2.677s] [35m[1mConsolidate compiler generated dependencies of target test_motion_json_catalog[0m
[2.682s] [ 22%] Built target sdk_executor_core
[2.688s] [ 29%] Built target test_catalog_only_core
[2.688s] [ 29%] Built target motion_player_core
[2.688s] [ 32%] Built target test_robot_motion_runtime_config
[2.698s] [ 36%] Built target catalog_only_node
[2.699s] [35m[1mConsolidate compiler generated dependencies of target test_robot_motion_parameter_types[0m
[2.702s] [ 39%] Built target test_motion_json_catalog
[2.705s] [35m[1mConsolidate compiler generated dependencies of target simulated_motion_backend[0m
[2.705s] [35m[1mConsolidate compiler generated dependencies of target sdk_executor_driver[0m
[2.706s] [35m[1mConsolidate compiler generated dependencies of target test_sdk_executor_core[0m
[2.723s] [35m[1mConsolidate compiler generated dependencies of target robot_control[0m
[2.727s] [ 43%] Built target test_robot_motion_parameter_types
[2.727s] [ 48%] Built target sdk_executor_driver
[2.727s] [ 50%] Built target simulated_motion_backend
[2.730s] [ 53%] Built target test_sdk_executor_core
[2.745s] [35m[1mConsolidate compiler generated dependencies of target motion_backend_factory[0m
[2.745s] [35m[1mConsolidate compiler generated dependencies of target test_simulated_motion_backend[0m
[2.746s] [35m[1mConsolidate compiler generated dependencies of target test_sdk_executor_driver[0m
[2.761s] [ 55%] [32mBuilding CXX object robot_motion_sdk/CMakeFiles/robot_control.dir/step_dynamixel.cpp.o[0m
[2.768s] [ 62%] Built target motion_backend_factory
[2.768s] [ 62%] Built target test_simulated_motion_backend
[2.775s] [ 65%] Built target test_sdk_executor_driver
[2.787s] [35m[1mConsolidate compiler generated dependencies of target test_motion_backend_factory[0m
[2.812s] [ 68%] Built target test_motion_backend_factory
[7.202s] [ 70%] [32m[1mLinking CXX static library librobot_control.a[0m
[7.305s] [ 75%] Built target robot_control
[7.323s] [35m[1mConsolidate compiler generated dependencies of target irc_step_motion_sdk_compile_probe[0m
[7.324s] [35m[1mConsolidate compiler generated dependencies of target robot_motion_player_backend[0m
[7.349s] [ 81%] [32m[1mLinking CXX shared library libirc_step_motion_sdk_compile_probe.so[0m
[7.350s] [ 81%] Built target robot_motion_player_backend
[7.366s] [35m[1mConsolidate compiler generated dependencies of target production_robot_motion_runtime_factory[0m
[7.368s] [35m[1mConsolidate compiler generated dependencies of target test_robot_motion_player_backend[0m
[7.396s] [ 84%] Built target production_robot_motion_runtime_factory
[7.396s] [ 86%] [32m[1mLinking CXX executable test_robot_motion_player_backend[0m
[7.415s] [35m[1mConsolidate compiler generated dependencies of target sdk_hardware_preflight_core[0m
[7.416s] [35m[1mConsolidate compiler generated dependencies of target sdk_motion_executor[0m
[7.417s] [ 87%] Built target irc_step_motion_sdk_compile_probe
[7.440s] [ 91%] Built target sdk_hardware_preflight_core
[7.448s] [ 93%] [32m[1mLinking CXX executable sdk_motion_executor[0m
[7.460s] [35m[1mConsolidate compiler generated dependencies of target sdk_hardware_preflight[0m
[7.484s] [ 94%] [32m[1mLinking CXX executable sdk_hardware_preflight[0m
[7.820s] [ 96%] Built target sdk_hardware_preflight
[7.832s] [ 98%] Built target test_robot_motion_player_backend
[8.545s] [100%] Built target sdk_motion_executor
[8.570s] Invoked command in '/home/jet/IRC/IRC-STEP/IRC_vision_latest/build/irc_step_motion_executor' returned '0': CMAKE_PREFIX_PATH=${CMAKE_PREFIX_PATH}:/opt/ros/humble /usr/bin/cmake --build /home/jet/IRC/IRC-STEP/IRC_vision_latest/build/irc_step_motion_executor -- -j6 -l6
[8.592s] Invoking command in '/home/jet/IRC/IRC-STEP/IRC_vision_latest/build/irc_step_motion_executor': CMAKE_PREFIX_PATH=${CMAKE_PREFIX_PATH}:/opt/ros/humble /usr/bin/cmake --install /home/jet/IRC/IRC-STEP/IRC_vision_latest/build/irc_step_motion_executor
[8.608s] -- Install configuration: ""
[8.609s] -- Up-to-date: /home/jet/IRC/IRC-STEP/IRC_vision_latest/install/irc_step_motion_executor/lib/librobot_motion_player_backend.a
[8.609s] -- Up-to-date: /home/jet/IRC/IRC-STEP/IRC_vision_latest/install/irc_step_motion_executor/lib/libproduction_robot_motion_runtime_factory.a
[8.609s] -- Up-to-date: /home/jet/IRC/IRC-STEP/IRC_vision_latest/install/irc_step_motion_executor/lib/libsdk_hardware_preflight_core.a
[8.609s] -- Installing: /home/jet/IRC/IRC-STEP/IRC_vision_latest/install/irc_step_motion_executor/lib/irc_step_motion_executor/sdk_hardware_preflight
[8.613s] -- Set runtime path of "/home/jet/IRC/IRC-STEP/IRC_vision_latest/install/irc_step_motion_executor/lib/irc_step_motion_executor/sdk_hardware_preflight" to ""
[8.613s] -- Up-to-date: /home/jet/IRC/IRC-STEP/IRC_vision_latest/install/irc_step_motion_executor/lib/libcatalog_only_core.a
[8.614s] -- Up-to-date: /home/jet/IRC/IRC-STEP/IRC_vision_latest/install/irc_step_motion_executor/lib/libsdk_executor_core.a
[8.614s] -- Up-to-date: /home/jet/IRC/IRC-STEP/IRC_vision_latest/install/irc_step_motion_executor/lib/libsimulated_motion_backend.a
[8.614s] -- Up-to-date: /home/jet/IRC/IRC-STEP/IRC_vision_latest/install/irc_step_motion_executor/lib/librobot_motion_runtime_config.a
[8.614s] -- Up-to-date: /home/jet/IRC/IRC-STEP/IRC_vision_latest/install/irc_step_motion_executor/lib/libmotion_backend_factory.a
[8.615s] -- Up-to-date: /home/jet/IRC/IRC-STEP/IRC_vision_latest/install/irc_step_motion_executor/lib/libsdk_executor_driver.a
[8.615s] -- Up-to-date: /home/jet/IRC/IRC-STEP/IRC_vision_latest/install/irc_step_motion_executor/lib/irc_step_motion_executor/catalog_only_node
[8.615s] -- Installing: /home/jet/IRC/IRC-STEP/IRC_vision_latest/install/irc_step_motion_executor/lib/irc_step_motion_executor/sdk_motion_executor
[8.628s] -- Set runtime path of "/home/jet/IRC/IRC-STEP/IRC_vision_latest/install/irc_step_motion_executor/lib/irc_step_motion_executor/sdk_motion_executor" to ""
[8.628s] -- Up-to-date: /home/jet/IRC/IRC-STEP/IRC_vision_latest/install/irc_step_motion_executor/include
[8.628s] -- Up-to-date: /home/jet/IRC/IRC-STEP/IRC_vision_latest/install/irc_step_motion_executor/include/irc_step_motion_executor
[8.628s] -- Up-to-date: /home/jet/IRC/IRC-STEP/IRC_vision_latest/install/irc_step_motion_executor/include/irc_step_motion_executor/sdk_executor_core.hpp
[8.629s] -- Up-to-date: /home/jet/IRC/IRC-STEP/IRC_vision_latest/install/irc_step_motion_executor/include/irc_step_motion_executor/robot_motion_player_backend.hpp
[8.629s] -- Up-to-date: /home/jet/IRC/IRC-STEP/IRC_vision_latest/install/irc_step_motion_executor/include/irc_step_motion_executor/sdk_executor_driver.hpp
[8.629s] -- Up-to-date: /home/jet/IRC/IRC-STEP/IRC_vision_latest/install/irc_step_motion_executor/include/irc_step_motion_executor/simulated_motion_backend.hpp
[8.629s] -- Up-to-date: /home/jet/IRC/IRC-STEP/IRC_vision_latest/install/irc_step_motion_executor/include/irc_step_motion_executor/robot_motion_runtime_config.hpp
[8.629s] -- Up-to-date: /home/jet/IRC/IRC-STEP/IRC_vision_latest/install/irc_step_motion_executor/include/irc_step_motion_executor/robot_motion_runtime_factory.hpp
[8.629s] -- Up-to-date: /home/jet/IRC/IRC-STEP/IRC_vision_latest/install/irc_step_motion_executor/include/irc_step_motion_executor/sdk_hardware_preflight_core.hpp
[8.630s] -- Up-to-date: /home/jet/IRC/IRC-STEP/IRC_vision_latest/install/irc_step_motion_executor/include/irc_step_motion_executor/motion_backend.hpp
[8.630s] -- Up-to-date: /home/jet/IRC/IRC-STEP/IRC_vision_latest/install/irc_step_motion_executor/include/irc_step_motion_executor/catalog_only_core.hpp
[8.630s] -- Up-to-date: /home/jet/IRC/IRC-STEP/IRC_vision_latest/install/irc_step_motion_executor/include/irc_step_motion_executor/motion_backend_factory.hpp
[8.630s] -- Up-to-date: /home/jet/IRC/IRC-STEP/IRC_vision_latest/install/irc_step_motion_executor/share/irc_step_motion_executor/config
[8.630s] -- Up-to-date: /home/jet/IRC/IRC-STEP/IRC_vision_latest/install/irc_step_motion_executor/share/irc_step_motion_executor/config/motion_aliases.yaml
[8.630s] -- Up-to-date: /home/jet/IRC/IRC-STEP/IRC_vision_latest/install/irc_step_motion_executor/share/irc_step_motion_executor/launch
[8.630s] -- Up-to-date: /home/jet/IRC/IRC-STEP/IRC_vision_latest/install/irc_step_motion_executor/share/irc_step_motion_executor/launch/sdk_executor_simulated.launch.py
[8.630s] -- Up-to-date: /home/jet/IRC/IRC-STEP/IRC_vision_latest/install/irc_step_motion_executor/share/irc_step_motion_executor/launch/catalog_only.launch.py
[8.631s] -- Up-to-date: /home/jet/IRC/IRC-STEP/IRC_vision_latest/install/irc_step_motion_executor/share/irc_step_motion_executor/environment/library_path.sh
[8.631s] -- Installing: /home/jet/IRC/IRC-STEP/IRC_vision_latest/install/irc_step_motion_executor/share/irc_step_motion_executor/environment/library_path.dsv
[8.631s] -- Up-to-date: /home/jet/IRC/IRC-STEP/IRC_vision_latest/install/irc_step_motion_executor/share/ament_index/resource_index/package_run_dependencies/irc_step_motion_executor
[8.631s] -- Up-to-date: /home/jet/IRC/IRC-STEP/IRC_vision_latest/install/irc_step_motion_executor/share/ament_index/resource_index/parent_prefix_path/irc_step_motion_executor
[8.631s] -- Up-to-date: /home/jet/IRC/IRC-STEP/IRC_vision_latest/install/irc_step_motion_executor/share/irc_step_motion_executor/environment/ament_prefix_path.sh
[8.631s] -- Installing: /home/jet/IRC/IRC-STEP/IRC_vision_latest/install/irc_step_motion_executor/share/irc_step_motion_executor/environment/ament_prefix_path.dsv
[8.632s] -- Up-to-date: /home/jet/IRC/IRC-STEP/IRC_vision_latest/install/irc_step_motion_executor/share/irc_step_motion_executor/environment/path.sh
[8.632s] -- Installing: /home/jet/IRC/IRC-STEP/IRC_vision_latest/install/irc_step_motion_executor/share/irc_step_motion_executor/environment/path.dsv
[8.632s] -- Up-to-date: /home/jet/IRC/IRC-STEP/IRC_vision_latest/install/irc_step_motion_executor/share/irc_step_motion_executor/local_setup.bash
[8.632s] -- Up-to-date: /home/jet/IRC/IRC-STEP/IRC_vision_latest/install/irc_step_motion_executor/share/irc_step_motion_executor/local_setup.sh
[8.632s] -- Up-to-date: /home/jet/IRC/IRC-STEP/IRC_vision_latest/install/irc_step_motion_executor/share/irc_step_motion_executor/local_setup.zsh
[8.632s] -- Installing: /home/jet/IRC/IRC-STEP/IRC_vision_latest/install/irc_step_motion_executor/share/irc_step_motion_executor/local_setup.dsv
[8.632s] -- Installing: /home/jet/IRC/IRC-STEP/IRC_vision_latest/install/irc_step_motion_executor/share/irc_step_motion_executor/package.dsv
[8.632s] -- Up-to-date: /home/jet/IRC/IRC-STEP/IRC_vision_latest/install/irc_step_motion_executor/share/ament_index/resource_index/packages/irc_step_motion_executor
[8.632s] -- Up-to-date: /home/jet/IRC/IRC-STEP/IRC_vision_latest/install/irc_step_motion_executor/share/irc_step_motion_executor/cmake/ament_cmake_export_include_directories-extras.cmake
[8.633s] -- Up-to-date: /home/jet/IRC/IRC-STEP/IRC_vision_latest/install/irc_step_motion_executor/share/irc_step_motion_executor/cmake/ament_cmake_export_libraries-extras.cmake
[8.633s] -- Up-to-date: /home/jet/IRC/IRC-STEP/IRC_vision_latest/install/irc_step_motion_executor/share/irc_step_motion_executor/cmake/irc_step_motion_executorConfig.cmake
[8.633s] -- Up-to-date: /home/jet/IRC/IRC-STEP/IRC_vision_latest/install/irc_step_motion_executor/share/irc_step_motion_executor/cmake/irc_step_motion_executorConfig-version.cmake
[8.633s] -- Up-to-date: /home/jet/IRC/IRC-STEP/IRC_vision_latest/install/irc_step_motion_executor/share/irc_step_motion_executor/package.xml
[8.636s] Invoked command in '/home/jet/IRC/IRC-STEP/IRC_vision_latest/build/irc_step_motion_executor' returned '0': CMAKE_PREFIX_PATH=${CMAKE_PREFIX_PATH}:/opt/ros/humble /usr/bin/cmake --install /home/jet/IRC/IRC-STEP/IRC_vision_latest/build/irc_step_motion_executor
