running develop
Removing /home/jet/IRC/IRC-STEP/IRC_vision_latest/install/mission_control/lib/python3.10/site-packages/mission-control.egg-link (link to .)
running egg_info
writing ../../build/mission_control/mission_control.egg-info/PKG-INFO
writing dependency_links to ../../build/mission_control/mission_control.egg-info/dependency_links.txt
writing entry points to ../../build/mission_control/mission_control.egg-info/entry_points.txt
writing requirements to ../../build/mission_control/mission_control.egg-info/requires.txt
writing top-level names to ../../build/mission_control/mission_control.egg-info/top_level.txt
reading manifest file '../../build/mission_control/mission_control.egg-info/SOURCES.txt'
writing manifest file '../../build/mission_control/mission_control.egg-info/SOURCES.txt'
running build
running build_py
creating /home/jet/IRC/IRC-STEP/IRC_vision_latest/build/mission_control/build
creating /home/jet/IRC/IRC-STEP/IRC_vision_latest/build/mission_control/build/lib
creating /home/jet/IRC/IRC-STEP/IRC_vision_latest/build/mission_control/build/lib/mission_control
copying mission_control/sdk_motion_stub_node.py -> /home/jet/IRC/IRC-STEP/IRC_vision_latest/build/mission_control/build/lib/mission_control
copying mission_control/legacy_motion_executor_adapter.py -> /home/jet/IRC/IRC-STEP/IRC_vision_latest/build/mission_control/build/lib/mission_control
copying mission_control/motion_executor_core.py -> /home/jet/IRC/IRC-STEP/IRC_vision_latest/build/mission_control/build/lib/mission_control
copying mission_control/motion_player_protocol.py -> /home/jet/IRC/IRC-STEP/IRC_vision_latest/build/mission_control/build/lib/mission_control
copying mission_control/safety_interlock.py -> /home/jet/IRC/IRC-STEP/IRC_vision_latest/build/mission_control/build/lib/mission_control
copying mission_control/motion_command_bridge_node.py -> /home/jet/IRC/IRC-STEP/IRC_vision_latest/build/mission_control/build/lib/mission_control
copying mission_control/motion_decision_planner.py -> /home/jet/IRC/IRC-STEP/IRC_vision_latest/build/mission_control/build/lib/mission_control
copying mission_control/legacy_motion_status_adapter.py -> /home/jet/IRC/IRC-STEP/IRC_vision_latest/build/mission_control/build/lib/mission_control
copying mission_control/mock_motion_player.py -> /home/jet/IRC/IRC-STEP/IRC_vision_latest/build/mission_control/build/lib/mission_control
copying mission_control/__init__.py -> /home/jet/IRC/IRC-STEP/IRC_vision_latest/build/mission_control/build/lib/mission_control
copying mission_control/motion_decision_node.py -> /home/jet/IRC/IRC-STEP/IRC_vision_latest/build/mission_control/build/lib/mission_control
copying mission_control/mission_phase_manager.py -> /home/jet/IRC/IRC-STEP/IRC_vision_latest/build/mission_control/build/lib/mission_control
copying mission_control/motion_player_factory.py -> /home/jet/IRC/IRC-STEP/IRC_vision_latest/build/mission_control/build/lib/mission_control
copying mission_control/sdk_motion_player_placeholder.py -> /home/jet/IRC/IRC-STEP/IRC_vision_latest/build/mission_control/build/lib/mission_control
copying mission_control/mock_mission_input_node.py -> /home/jet/IRC/IRC-STEP/IRC_vision_latest/build/mission_control/build/lib/mission_control
copying mission_control/motion_executor_node.py -> /home/jet/IRC/IRC-STEP/IRC_vision_latest/build/mission_control/build/lib/mission_control
copying mission_control/executor_heartbeat_watchdog.py -> /home/jet/IRC/IRC-STEP/IRC_vision_latest/build/mission_control/build/lib/mission_control
copying mission_control/motion_command_gate.py -> /home/jet/IRC/IRC-STEP/IRC_vision_latest/build/mission_control/build/lib/mission_control
running install
running install_lib
creating /home/jet/IRC/IRC-STEP/IRC_vision_latest/install/mission_control/lib/python3.10/site-packages/mission_control
copying /home/jet/IRC/IRC-STEP/IRC_vision_latest/build/mission_control/build/lib/mission_control/sdk_motion_stub_node.py -> /home/jet/IRC/IRC-STEP/IRC_vision_latest/install/mission_control/lib/python3.10/site-packages/mission_control
copying /home/jet/IRC/IRC-STEP/IRC_vision_latest/build/mission_control/build/lib/mission_control/legacy_motion_executor_adapter.py -> /home/jet/IRC/IRC-STEP/IRC_vision_latest/install/mission_control/lib/python3.10/site-packages/mission_control
copying /home/jet/IRC/IRC-STEP/IRC_vision_latest/build/mission_control/build/lib/mission_control/motion_executor_core.py -> /home/jet/IRC/IRC-STEP/IRC_vision_latest/install/mission_control/lib/python3.10/site-packages/mission_control
copying /home/jet/IRC/IRC-STEP/IRC_vision_latest/build/mission_control/build/lib/mission_control/motion_player_protocol.py -> /home/jet/IRC/IRC-STEP/IRC_vision_latest/install/mission_control/lib/python3.10/site-packages/mission_control
copying /home/jet/IRC/IRC-STEP/IRC_vision_latest/build/mission_control/build/lib/mission_control/safety_interlock.py -> /home/jet/IRC/IRC-STEP/IRC_vision_latest/install/mission_control/lib/python3.10/site-packages/mission_control
copying /home/jet/IRC/IRC-STEP/IRC_vision_latest/build/mission_control/build/lib/mission_control/motion_command_bridge_node.py -> /home/jet/IRC/IRC-STEP/IRC_vision_latest/install/mission_control/lib/python3.10/site-packages/mission_control
copying /home/jet/IRC/IRC-STEP/IRC_vision_latest/build/mission_control/build/lib/mission_control/motion_decision_planner.py -> /home/jet/IRC/IRC-STEP/IRC_vision_latest/install/mission_control/lib/python3.10/site-packages/mission_control
copying /home/jet/IRC/IRC-STEP/IRC_vision_latest/build/mission_control/build/lib/mission_control/legacy_motion_status_adapter.py -> /home/jet/IRC/IRC-STEP/IRC_vision_latest/install/mission_control/lib/python3.10/site-packages/mission_control
copying /home/jet/IRC/IRC-STEP/IRC_vision_latest/build/mission_control/build/lib/mission_control/mock_motion_player.py -> /home/jet/IRC/IRC-STEP/IRC_vision_latest/install/mission_control/lib/python3.10/site-packages/mission_control
copying /home/jet/IRC/IRC-STEP/IRC_vision_latest/build/mission_control/build/lib/mission_control/__init__.py -> /home/jet/IRC/IRC-STEP/IRC_vision_latest/install/mission_control/lib/python3.10/site-packages/mission_control
copying /home/jet/IRC/IRC-STEP/IRC_vision_latest/build/mission_control/build/lib/mission_control/motion_decision_node.py -> /home/jet/IRC/IRC-STEP/IRC_vision_latest/install/mission_control/lib/python3.10/site-packages/mission_control
copying /home/jet/IRC/IRC-STEP/IRC_vision_latest/build/mission_control/build/lib/mission_control/mission_phase_manager.py -> /home/jet/IRC/IRC-STEP/IRC_vision_latest/install/mission_control/lib/python3.10/site-packages/mission_control
copying /home/jet/IRC/IRC-STEP/IRC_vision_latest/build/mission_control/build/lib/mission_control/motion_player_factory.py -> /home/jet/IRC/IRC-STEP/IRC_vision_latest/install/mission_control/lib/python3.10/site-packages/mission_control
copying /home/jet/IRC/IRC-STEP/IRC_vision_latest/build/mission_control/build/lib/mission_control/sdk_motion_player_placeholder.py -> /home/jet/IRC/IRC-STEP/IRC_vision_latest/install/mission_control/lib/python3.10/site-packages/mission_control
copying /home/jet/IRC/IRC-STEP/IRC_vision_latest/build/mission_control/build/lib/mission_control/mock_mission_input_node.py -> /home/jet/IRC/IRC-STEP/IRC_vision_latest/install/mission_control/lib/python3.10/site-packages/mission_control
copying /home/jet/IRC/IRC-STEP/IRC_vision_latest/build/mission_control/build/lib/mission_control/motion_executor_node.py -> /home/jet/IRC/IRC-STEP/IRC_vision_latest/install/mission_control/lib/python3.10/site-packages/mission_control
copying /home/jet/IRC/IRC-STEP/IRC_vision_latest/build/mission_control/build/lib/mission_control/executor_heartbeat_watchdog.py -> /home/jet/IRC/IRC-STEP/IRC_vision_latest/install/mission_control/lib/python3.10/site-packages/mission_control
copying /home/jet/IRC/IRC-STEP/IRC_vision_latest/build/mission_control/build/lib/mission_control/motion_command_gate.py -> /home/jet/IRC/IRC-STEP/IRC_vision_latest/install/mission_control/lib/python3.10/site-packages/mission_control
byte-compiling /home/jet/IRC/IRC-STEP/IRC_vision_latest/install/mission_control/lib/python3.10/site-packages/mission_control/sdk_motion_stub_node.py to sdk_motion_stub_node.cpython-310.pyc
byte-compiling /home/jet/IRC/IRC-STEP/IRC_vision_latest/install/mission_control/lib/python3.10/site-packages/mission_control/legacy_motion_executor_adapter.py to legacy_motion_executor_adapter.cpython-310.pyc
byte-compiling /home/jet/IRC/IRC-STEP/IRC_vision_latest/install/mission_control/lib/python3.10/site-packages/mission_control/motion_executor_core.py to motion_executor_core.cpython-310.pyc
byte-compiling /home/jet/IRC/IRC-STEP/IRC_vision_latest/install/mission_control/lib/python3.10/site-packages/mission_control/motion_player_protocol.py to motion_player_protocol.cpython-310.pyc
byte-compiling /home/jet/IRC/IRC-STEP/IRC_vision_latest/install/mission_control/lib/python3.10/site-packages/mission_control/safety_interlock.py to safety_interlock.cpython-310.pyc
byte-compiling /home/jet/IRC/IRC-STEP/IRC_vision_latest/install/mission_control/lib/python3.10/site-packages/mission_control/motion_command_bridge_node.py to motion_command_bridge_node.cpython-310.pyc
byte-compiling /home/jet/IRC/IRC-STEP/IRC_vision_latest/install/mission_control/lib/python3.10/site-packages/mission_control/motion_decision_planner.py to motion_decision_planner.cpython-310.pyc
byte-compiling /home/jet/IRC/IRC-STEP/IRC_vision_latest/install/mission_control/lib/python3.10/site-packages/mission_control/legacy_motion_status_adapter.py to legacy_motion_status_adapter.cpython-310.pyc
byte-compiling /home/jet/IRC/IRC-STEP/IRC_vision_latest/install/mission_control/lib/python3.10/site-packages/mission_control/mock_motion_player.py to mock_motion_player.cpython-310.pyc
byte-compiling /home/jet/IRC/IRC-STEP/IRC_vision_latest/install/mission_control/lib/python3.10/site-packages/mission_control/__init__.py to __init__.cpython-310.pyc
byte-compiling /home/jet/IRC/IRC-STEP/IRC_vision_latest/install/mission_control/lib/python3.10/site-packages/mission_control/motion_decision_node.py to motion_decision_node.cpython-310.pyc
byte-compiling /home/jet/IRC/IRC-STEP/IRC_vision_latest/install/mission_control/lib/python3.10/site-packages/mission_control/mission_phase_manager.py to mission_phase_manager.cpython-310.pyc
byte-compiling /home/jet/IRC/IRC-STEP/IRC_vision_latest/install/mission_control/lib/python3.10/site-packages/mission_control/motion_player_factory.py to motion_player_factory.cpython-310.pyc
byte-compiling /home/jet/IRC/IRC-STEP/IRC_vision_latest/install/mission_control/lib/python3.10/site-packages/mission_control/sdk_motion_player_placeholder.py to sdk_motion_player_placeholder.cpython-310.pyc
byte-compiling /home/jet/IRC/IRC-STEP/IRC_vision_latest/install/mission_control/lib/python3.10/site-packages/mission_control/mock_mission_input_node.py to mock_mission_input_node.cpython-310.pyc
byte-compiling /home/jet/IRC/IRC-STEP/IRC_vision_latest/install/mission_control/lib/python3.10/site-packages/mission_control/motion_executor_node.py to motion_executor_node.cpython-310.pyc
byte-compiling /home/jet/IRC/IRC-STEP/IRC_vision_latest/install/mission_control/lib/python3.10/site-packages/mission_control/executor_heartbeat_watchdog.py to executor_heartbeat_watchdog.cpython-310.pyc
byte-compiling /home/jet/IRC/IRC-STEP/IRC_vision_latest/install/mission_control/lib/python3.10/site-packages/mission_control/motion_command_gate.py to motion_command_gate.cpython-310.pyc
running install_data
copying resource/mission_control -> /home/jet/IRC/IRC-STEP/IRC_vision_latest/install/mission_control/share/ament_index/resource_index/packages
copying package.xml -> /home/jet/IRC/IRC-STEP/IRC_vision_latest/install/mission_control/share/mission_control
copying launch/motion_executor_mock.launch.py -> /home/jet/IRC/IRC-STEP/IRC_vision_latest/install/mission_control/share/mission_control/launch
copying launch/full_system_robot.launch.py -> /home/jet/IRC/IRC-STEP/IRC_vision_latest/install/mission_control/share/mission_control/launch
copying launch/mission_motion_mock.launch.py -> /home/jet/IRC/IRC-STEP/IRC_vision_latest/install/mission_control/share/mission_control/launch
copying launch/full_system.launch.py -> /home/jet/IRC/IRC-STEP/IRC_vision_latest/install/mission_control/share/mission_control/launch
running install_egg_info
Copying ../../build/mission_control/mission_control.egg-info to /home/jet/IRC/IRC-STEP/IRC_vision_latest/install/mission_control/lib/python3.10/site-packages/mission_control-0.1.0-py3.10.egg-info
running install_scripts
Installing legacy_motion_executor_adapter script to /home/jet/IRC/IRC-STEP/IRC_vision_latest/install/mission_control/lib/mission_control
Installing legacy_motion_status_adapter script to /home/jet/IRC/IRC-STEP/IRC_vision_latest/install/mission_control/lib/mission_control
Installing mock_mission_input_node script to /home/jet/IRC/IRC-STEP/IRC_vision_latest/install/mission_control/lib/mission_control
Installing motion_command_bridge_node script to /home/jet/IRC/IRC-STEP/IRC_vision_latest/install/mission_control/lib/mission_control
Installing motion_decision_node script to /home/jet/IRC/IRC-STEP/IRC_vision_latest/install/mission_control/lib/mission_control
Installing motion_executor_node script to /home/jet/IRC/IRC-STEP/IRC_vision_latest/install/mission_control/lib/mission_control
Installing sdk_motion_stub_node script to /home/jet/IRC/IRC-STEP/IRC_vision_latest/install/mission_control/lib/mission_control
writing list of installed files to '/home/jet/IRC/IRC-STEP/IRC_vision_latest/build/mission_control/install.log'
