[1.263s] Invoking command in '/home/jet/IRC/IRC-STEP/IRC_vision_latest/build/mission_control': AMENT_PREFIX_PATH=/home/jet/IRC/IRC-STEP/IRC_vision_latest/install/step:/home/jet/IRC/IRC-STEP/IRC_vision_latest/install/mission_control:/home/jet/IRC/IRC-STEP/IRC_vision_latest/install/irc_step_motion_executor:/opt/ros/humble PYTHONPATH=/home/jet/IRC/IRC-STEP/IRC_vision_latest/build/mission_control/prefix_override:/usr/lib/python3/dist-packages/colcon_core/task/python/colcon_distutils_commands:/home/jet/IRC/IRC-STEP/IRC_vision_latest/install/mission_control/lib/python3.10/site-packages:/home/jet/IRC/IRC-STEP/IRC_vision_latest/install/step/lib/python3.10/site-packages:/home/jet/IRC/IRC-STEP/IRC_vision_latest/build/mission_control:/home/jet/IRC/IRC-STEP/IRC_vision_latest/install/mission_control/lib/python3.10/site-packages:/home/jet/IRC/IRC-STEP/IRC_vision_latest/build/step:/opt/ros/humble/lib/python3.10/site-packages:/opt/ros/humble/local/lib/python3.10/dist-packages /usr/bin/python3 -W ignore:setup.py install is deprecated -W ignore:easy_install command is deprecated setup.py develop --uninstall --editable --build-directory /home/jet/IRC/IRC-STEP/IRC_vision_latest/build/mission_control/build
[1.763s] running develop
[2.079s] Removing /home/jet/IRC/IRC-STEP/IRC_vision_latest/install/mission_control/lib/python3.10/site-packages/mission-control.egg-link (link to .)
[2.156s] Invoked command in '/home/jet/IRC/IRC-STEP/IRC_vision_latest/build/mission_control' returned '0': AMENT_PREFIX_PATH=/home/jet/IRC/IRC-STEP/IRC_vision_latest/install/step:/home/jet/IRC/IRC-STEP/IRC_vision_latest/install/mission_control:/home/jet/IRC/IRC-STEP/IRC_vision_latest/install/irc_step_motion_executor:/opt/ros/humble PYTHONPATH=/home/jet/IRC/IRC-STEP/IRC_vision_latest/build/mission_control/prefix_override:/usr/lib/python3/dist-packages/colcon_core/task/python/colcon_distutils_commands:/home/jet/IRC/IRC-STEP/IRC_vision_latest/install/mission_control/lib/python3.10/site-packages:/home/jet/IRC/IRC-STEP/IRC_vision_latest/install/step/lib/python3.10/site-packages:/home/jet/IRC/IRC-STEP/IRC_vision_latest/build/mission_control:/home/jet/IRC/IRC-STEP/IRC_vision_latest/install/mission_control/lib/python3.10/site-packages:/home/jet/IRC/IRC-STEP/IRC_vision_latest/build/step:/opt/ros/humble/lib/python3.10/site-packages:/opt/ros/humble/local/lib/python3.10/dist-packages /usr/bin/python3 -W ignore:setup.py install is deprecated -W ignore:easy_install command is deprecated setup.py develop --uninstall --editable --build-directory /home/jet/IRC/IRC-STEP/IRC_vision_latest/build/mission_control/build
[2.162s] Invoking command in '/home/jet/IRC/IRC-STEP/IRC_vision_latest/src/mission_control': AMENT_PREFIX_PATH=/home/jet/IRC/IRC-STEP/IRC_vision_latest/install/step:/home/jet/IRC/IRC-STEP/IRC_vision_latest/install/mission_control:/home/jet/IRC/IRC-STEP/IRC_vision_latest/install/irc_step_motion_executor:/opt/ros/humble PYTHONPATH=/home/jet/IRC/IRC-STEP/IRC_vision_latest/build/mission_control/prefix_override:/usr/lib/python3/dist-packages/colcon_core/task/python/colcon_distutils_commands:/home/jet/IRC/IRC-STEP/IRC_vision_latest/install/mission_control/lib/python3.10/site-packages:/home/jet/IRC/IRC-STEP/IRC_vision_latest/install/step/lib/python3.10/site-packages:/home/jet/IRC/IRC-STEP/IRC_vision_latest/build/mission_control:/home/jet/IRC/IRC-STEP/IRC_vision_latest/install/mission_control/lib/python3.10/site-packages:/home/jet/IRC/IRC-STEP/IRC_vision_latest/build/step:/opt/ros/humble/lib/python3.10/site-packages:/opt/ros/humble/local/lib/python3.10/dist-packages /usr/bin/python3 -W ignore:setup.py install is deprecated -W ignore:easy_install command is deprecated setup.py egg_info --egg-base ../../build/mission_control build --build-base /home/jet/IRC/IRC-STEP/IRC_vision_latest/build/mission_control/build install --record /home/jet/IRC/IRC-STEP/IRC_vision_latest/build/mission_control/install.log --single-version-externally-managed install_data --force
[2.620s] running egg_info
[2.624s] writing ../../build/mission_control/mission_control.egg-info/PKG-INFO
[2.624s] writing dependency_links to ../../build/mission_control/mission_control.egg-info/dependency_links.txt
[2.624s] writing entry points to ../../build/mission_control/mission_control.egg-info/entry_points.txt
[2.625s] writing requirements to ../../build/mission_control/mission_control.egg-info/requires.txt
[2.625s] writing top-level names to ../../build/mission_control/mission_control.egg-info/top_level.txt
[2.634s] reading manifest file '../../build/mission_control/mission_control.egg-info/SOURCES.txt'
[2.636s] writing manifest file '../../build/mission_control/mission_control.egg-info/SOURCES.txt'
[2.636s] running build
[2.636s] running build_py
[2.636s] creating /home/jet/IRC/IRC-STEP/IRC_vision_latest/build/mission_control/build
[2.637s] creating /home/jet/IRC/IRC-STEP/IRC_vision_latest/build/mission_control/build/lib
[2.637s] creating /home/jet/IRC/IRC-STEP/IRC_vision_latest/build/mission_control/build/lib/mission_control
[2.637s] copying mission_control/sdk_motion_stub_node.py -> /home/jet/IRC/IRC-STEP/IRC_vision_latest/build/mission_control/build/lib/mission_control
[2.637s] copying mission_control/legacy_motion_executor_adapter.py -> /home/jet/IRC/IRC-STEP/IRC_vision_latest/build/mission_control/build/lib/mission_control
[2.637s] copying mission_control/motion_executor_core.py -> /home/jet/IRC/IRC-STEP/IRC_vision_latest/build/mission_control/build/lib/mission_control
[2.638s] copying mission_control/motion_player_protocol.py -> /home/jet/IRC/IRC-STEP/IRC_vision_latest/build/mission_control/build/lib/mission_control
[2.638s] copying mission_control/safety_interlock.py -> /home/jet/IRC/IRC-STEP/IRC_vision_latest/build/mission_control/build/lib/mission_control
[2.638s] copying mission_control/motion_command_bridge_node.py -> /home/jet/IRC/IRC-STEP/IRC_vision_latest/build/mission_control/build/lib/mission_control
[2.638s] copying mission_control/motion_decision_planner.py -> /home/jet/IRC/IRC-STEP/IRC_vision_latest/build/mission_control/build/lib/mission_control
[2.639s] copying mission_control/legacy_motion_status_adapter.py -> /home/jet/IRC/IRC-STEP/IRC_vision_latest/build/mission_control/build/lib/mission_control
[2.639s] copying mission_control/mock_motion_player.py -> /home/jet/IRC/IRC-STEP/IRC_vision_latest/build/mission_control/build/lib/mission_control
[2.639s] copying mission_control/__init__.py -> /home/jet/IRC/IRC-STEP/IRC_vision_latest/build/mission_control/build/lib/mission_control
[2.639s] copying mission_control/motion_decision_node.py -> /home/jet/IRC/IRC-STEP/IRC_vision_latest/build/mission_control/build/lib/mission_control
[2.640s] copying mission_control/mission_phase_manager.py -> /home/jet/IRC/IRC-STEP/IRC_vision_latest/build/mission_control/build/lib/mission_control
[2.640s] copying mission_control/motion_player_factory.py -> /home/jet/IRC/IRC-STEP/IRC_vision_latest/build/mission_control/build/lib/mission_control
[2.640s] copying mission_control/sdk_motion_player_placeholder.py -> /home/jet/IRC/IRC-STEP/IRC_vision_latest/build/mission_control/build/lib/mission_control
[2.640s] copying mission_control/mock_mission_input_node.py -> /home/jet/IRC/IRC-STEP/IRC_vision_latest/build/mission_control/build/lib/mission_control
[2.641s] copying mission_control/motion_executor_node.py -> /home/jet/IRC/IRC-STEP/IRC_vision_latest/build/mission_control/build/lib/mission_control
[2.641s] copying mission_control/executor_heartbeat_watchdog.py -> /home/jet/IRC/IRC-STEP/IRC_vision_latest/build/mission_control/build/lib/mission_control
[2.641s] copying mission_control/motion_command_gate.py -> /home/jet/IRC/IRC-STEP/IRC_vision_latest/build/mission_control/build/lib/mission_control
[2.642s] running install
[2.642s] running install_lib
[2.644s] creating /home/jet/IRC/IRC-STEP/IRC_vision_latest/install/mission_control/lib/python3.10/site-packages/mission_control
[2.644s] copying /home/jet/IRC/IRC-STEP/IRC_vision_latest/build/mission_control/build/lib/mission_control/sdk_motion_stub_node.py -> /home/jet/IRC/IRC-STEP/IRC_vision_latest/install/mission_control/lib/python3.10/site-packages/mission_control
[2.644s] copying /home/jet/IRC/IRC-STEP/IRC_vision_latest/build/mission_control/build/lib/mission_control/legacy_motion_executor_adapter.py -> /home/jet/IRC/IRC-STEP/IRC_vision_latest/install/mission_control/lib/python3.10/site-packages/mission_control
[2.644s] copying /home/jet/IRC/IRC-STEP/IRC_vision_latest/build/mission_control/build/lib/mission_control/motion_executor_core.py -> /home/jet/IRC/IRC-STEP/IRC_vision_latest/install/mission_control/lib/python3.10/site-packages/mission_control
[2.645s] copying /home/jet/IRC/IRC-STEP/IRC_vision_latest/build/mission_control/build/lib/mission_control/motion_player_protocol.py -> /home/jet/IRC/IRC-STEP/IRC_vision_latest/install/mission_control/lib/python3.10/site-packages/mission_control
[2.645s] copying /home/jet/IRC/IRC-STEP/IRC_vision_latest/build/mission_control/build/lib/mission_control/safety_interlock.py -> /home/jet/IRC/IRC-STEP/IRC_vision_latest/install/mission_control/lib/python3.10/site-packages/mission_control
[2.645s] copying /home/jet/IRC/IRC-STEP/IRC_vision_latest/build/mission_control/build/lib/mission_control/motion_command_bridge_node.py -> /home/jet/IRC/IRC-STEP/IRC_vision_latest/install/mission_control/lib/python3.10/site-packages/mission_control
[2.645s] copying /home/jet/IRC/IRC-STEP/IRC_vision_latest/build/mission_control/build/lib/mission_control/motion_decision_planner.py -> /home/jet/IRC/IRC-STEP/IRC_vision_latest/install/mission_control/lib/python3.10/site-packages/mission_control
[2.646s] copying /home/jet/IRC/IRC-STEP/IRC_vision_latest/build/mission_control/build/lib/mission_control/legacy_motion_status_adapter.py -> /home/jet/IRC/IRC-STEP/IRC_vision_latest/install/mission_control/lib/python3.10/site-packages/mission_control
[2.646s] copying /home/jet/IRC/IRC-STEP/IRC_vision_latest/build/mission_control/build/lib/mission_control/mock_motion_player.py -> /home/jet/IRC/IRC-STEP/IRC_vision_latest/install/mission_control/lib/python3.10/site-packages/mission_control
[2.646s] copying /home/jet/IRC/IRC-STEP/IRC_vision_latest/build/mission_control/build/lib/mission_control/__init__.py -> /home/jet/IRC/IRC-STEP/IRC_vision_latest/install/mission_control/lib/python3.10/site-packages/mission_control
[2.646s] copying /home/jet/IRC/IRC-STEP/IRC_vision_latest/build/mission_control/build/lib/mission_control/motion_decision_node.py -> /home/jet/IRC/IRC-STEP/IRC_vision_latest/install/mission_control/lib/python3.10/site-packages/mission_control
[2.647s] copying /home/jet/IRC/IRC-STEP/IRC_vision_latest/build/mission_control/build/lib/mission_control/mission_phase_manager.py -> /home/jet/IRC/IRC-STEP/IRC_vision_latest/install/mission_control/lib/python3.10/site-packages/mission_control
[2.647s] copying /home/jet/IRC/IRC-STEP/IRC_vision_latest/build/mission_control/build/lib/mission_control/motion_player_factory.py -> /home/jet/IRC/IRC-STEP/IRC_vision_latest/install/mission_control/lib/python3.10/site-packages/mission_control
[2.647s] copying /home/jet/IRC/IRC-STEP/IRC_vision_latest/build/mission_control/build/lib/mission_control/sdk_motion_player_placeholder.py -> /home/jet/IRC/IRC-STEP/IRC_vision_latest/install/mission_control/lib/python3.10/site-packages/mission_control
[2.647s] copying /home/jet/IRC/IRC-STEP/IRC_vision_latest/build/mission_control/build/lib/mission_control/mock_mission_input_node.py -> /home/jet/IRC/IRC-STEP/IRC_vision_latest/install/mission_control/lib/python3.10/site-packages/mission_control
[2.647s] copying /home/jet/IRC/IRC-STEP/IRC_vision_latest/build/mission_control/build/lib/mission_control/motion_executor_node.py -> /home/jet/IRC/IRC-STEP/IRC_vision_latest/install/mission_control/lib/python3.10/site-packages/mission_control
[2.648s] copying /home/jet/IRC/IRC-STEP/IRC_vision_latest/build/mission_control/build/lib/mission_control/executor_heartbeat_watchdog.py -> /home/jet/IRC/IRC-STEP/IRC_vision_latest/install/mission_control/lib/python3.10/site-packages/mission_control
[2.648s] copying /home/jet/IRC/IRC-STEP/IRC_vision_latest/build/mission_control/build/lib/mission_control/motion_command_gate.py -> /home/jet/IRC/IRC-STEP/IRC_vision_latest/install/mission_control/lib/python3.10/site-packages/mission_control
[2.649s] byte-compiling /home/jet/IRC/IRC-STEP/IRC_vision_latest/install/mission_control/lib/python3.10/site-packages/mission_control/sdk_motion_stub_node.py to sdk_motion_stub_node.cpython-310.pyc
[2.651s] byte-compiling /home/jet/IRC/IRC-STEP/IRC_vision_latest/install/mission_control/lib/python3.10/site-packages/mission_control/legacy_motion_executor_adapter.py to legacy_motion_executor_adapter.cpython-310.pyc
[2.653s] byte-compiling /home/jet/IRC/IRC-STEP/IRC_vision_latest/install/mission_control/lib/python3.10/site-packages/mission_control/motion_executor_core.py to motion_executor_core.cpython-310.pyc
[2.655s] byte-compiling /home/jet/IRC/IRC-STEP/IRC_vision_latest/install/mission_control/lib/python3.10/site-packages/mission_control/motion_player_protocol.py to motion_player_protocol.cpython-310.pyc
[2.656s] byte-compiling /home/jet/IRC/IRC-STEP/IRC_vision_latest/install/mission_control/lib/python3.10/site-packages/mission_control/safety_interlock.py to safety_interlock.cpython-310.pyc
[2.657s] byte-compiling /home/jet/IRC/IRC-STEP/IRC_vision_latest/install/mission_control/lib/python3.10/site-packages/mission_control/motion_command_bridge_node.py to motion_command_bridge_node.cpython-310.pyc
[2.660s] byte-compiling /home/jet/IRC/IRC-STEP/IRC_vision_latest/install/mission_control/lib/python3.10/site-packages/mission_control/motion_decision_planner.py to motion_decision_planner.cpython-310.pyc
[2.667s] byte-compiling /home/jet/IRC/IRC-STEP/IRC_vision_latest/install/mission_control/lib/python3.10/site-packages/mission_control/legacy_motion_status_adapter.py to legacy_motion_status_adapter.cpython-310.pyc
[2.669s] byte-compiling /home/jet/IRC/IRC-STEP/IRC_vision_latest/install/mission_control/lib/python3.10/site-packages/mission_control/mock_motion_player.py to mock_motion_player.cpython-310.pyc
[2.670s] byte-compiling /home/jet/IRC/IRC-STEP/IRC_vision_latest/install/mission_control/lib/python3.10/site-packages/mission_control/__init__.py to __init__.cpython-310.pyc
[2.670s] byte-compiling /home/jet/IRC/IRC-STEP/IRC_vision_latest/install/mission_control/lib/python3.10/site-packages/mission_control/motion_decision_node.py to motion_decision_node.cpython-310.pyc
[2.677s] byte-compiling /home/jet/IRC/IRC-STEP/IRC_vision_latest/install/mission_control/lib/python3.10/site-packages/mission_control/mission_phase_manager.py to mission_phase_manager.cpython-310.pyc
[2.679s] byte-compiling /home/jet/IRC/IRC-STEP/IRC_vision_latest/install/mission_control/lib/python3.10/site-packages/mission_control/motion_player_factory.py to motion_player_factory.cpython-310.pyc
[2.680s] byte-compiling /home/jet/IRC/IRC-STEP/IRC_vision_latest/install/mission_control/lib/python3.10/site-packages/mission_control/sdk_motion_player_placeholder.py to sdk_motion_player_placeholder.cpython-310.pyc
[2.681s] byte-compiling /home/jet/IRC/IRC-STEP/IRC_vision_latest/install/mission_control/lib/python3.10/site-packages/mission_control/mock_mission_input_node.py to mock_mission_input_node.cpython-310.pyc
[2.682s] byte-compiling /home/jet/IRC/IRC-STEP/IRC_vision_latest/install/mission_control/lib/python3.10/site-packages/mission_control/motion_executor_node.py to motion_executor_node.cpython-310.pyc
[2.685s] byte-compiling /home/jet/IRC/IRC-STEP/IRC_vision_latest/install/mission_control/lib/python3.10/site-packages/mission_control/executor_heartbeat_watchdog.py to executor_heartbeat_watchdog.cpython-310.pyc
[2.686s] byte-compiling /home/jet/IRC/IRC-STEP/IRC_vision_latest/install/mission_control/lib/python3.10/site-packages/mission_control/motion_command_gate.py to motion_command_gate.cpython-310.pyc
[2.688s] running install_data
[2.688s] copying resource/mission_control -> /home/jet/IRC/IRC-STEP/IRC_vision_latest/install/mission_control/share/ament_index/resource_index/packages
[2.688s] copying package.xml -> /home/jet/IRC/IRC-STEP/IRC_vision_latest/install/mission_control/share/mission_control
[2.689s] copying launch/motion_executor_mock.launch.py -> /home/jet/IRC/IRC-STEP/IRC_vision_latest/install/mission_control/share/mission_control/launch
[2.689s] copying launch/full_system_robot.launch.py -> /home/jet/IRC/IRC-STEP/IRC_vision_latest/install/mission_control/share/mission_control/launch
[2.690s] copying launch/mission_motion_mock.launch.py -> /home/jet/IRC/IRC-STEP/IRC_vision_latest/install/mission_control/share/mission_control/launch
[2.691s] copying launch/full_system.launch.py -> /home/jet/IRC/IRC-STEP/IRC_vision_latest/install/mission_control/share/mission_control/launch
[2.691s] running install_egg_info
[2.696s] Copying ../../build/mission_control/mission_control.egg-info to /home/jet/IRC/IRC-STEP/IRC_vision_latest/install/mission_control/lib/python3.10/site-packages/mission_control-0.1.0-py3.10.egg-info
[2.698s] running install_scripts
[2.736s] Installing legacy_motion_executor_adapter script to /home/jet/IRC/IRC-STEP/IRC_vision_latest/install/mission_control/lib/mission_control
[2.737s] Installing legacy_motion_status_adapter script to /home/jet/IRC/IRC-STEP/IRC_vision_latest/install/mission_control/lib/mission_control
[2.737s] Installing mock_mission_input_node script to /home/jet/IRC/IRC-STEP/IRC_vision_latest/install/mission_control/lib/mission_control
[2.737s] Installing motion_command_bridge_node script to /home/jet/IRC/IRC-STEP/IRC_vision_latest/install/mission_control/lib/mission_control
[2.737s] Installing motion_decision_node script to /home/jet/IRC/IRC-STEP/IRC_vision_latest/install/mission_control/lib/mission_control
[2.737s] Installing motion_executor_node script to /home/jet/IRC/IRC-STEP/IRC_vision_latest/install/mission_control/lib/mission_control
[2.738s] Installing sdk_motion_stub_node script to /home/jet/IRC/IRC-STEP/IRC_vision_latest/install/mission_control/lib/mission_control
[2.739s] writing list of installed files to '/home/jet/IRC/IRC-STEP/IRC_vision_latest/build/mission_control/install.log'
[2.808s] Invoked command in '/home/jet/IRC/IRC-STEP/IRC_vision_latest/src/mission_control' returned '0': AMENT_PREFIX_PATH=/home/jet/IRC/IRC-STEP/IRC_vision_latest/install/step:/home/jet/IRC/IRC-STEP/IRC_vision_latest/install/mission_control:/home/jet/IRC/IRC-STEP/IRC_vision_latest/install/irc_step_motion_executor:/opt/ros/humble PYTHONPATH=/home/jet/IRC/IRC-STEP/IRC_vision_latest/build/mission_control/prefix_override:/usr/lib/python3/dist-packages/colcon_core/task/python/colcon_distutils_commands:/home/jet/IRC/IRC-STEP/IRC_vision_latest/install/mission_control/lib/python3.10/site-packages:/home/jet/IRC/IRC-STEP/IRC_vision_latest/install/step/lib/python3.10/site-packages:/home/jet/IRC/IRC-STEP/IRC_vision_latest/build/mission_control:/home/jet/IRC/IRC-STEP/IRC_vision_latest/install/mission_control/lib/python3.10/site-packages:/home/jet/IRC/IRC-STEP/IRC_vision_latest/build/step:/opt/ros/humble/lib/python3.10/site-packages:/opt/ros/humble/local/lib/python3.10/dist-packages /usr/bin/python3 -W ignore:setup.py install is deprecated -W ignore:easy_install command is deprecated setup.py egg_info --egg-base ../../build/mission_control build --build-base /home/jet/IRC/IRC-STEP/IRC_vision_latest/build/mission_control/build install --record /home/jet/IRC/IRC-STEP/IRC_vision_latest/build/mission_control/install.log --single-version-externally-managed install_data --force
