[1.130s] Invoking command in '/home/jet/IRC/IRC-STEP/IRC_vision_latest/src/step': PYTHONPATH=/home/jet/IRC/IRC-STEP/IRC_vision_latest/build/step/prefix_override:/usr/lib/python3/dist-packages/colcon_core/task/python/colcon_distutils_commands:/home/jet/IRC/IRC-STEP/IRC_vision_latest/install/step/lib/python3.10/site-packages:${PYTHONPATH} /usr/bin/python3 -W ignore:setup.py install is deprecated -W ignore:easy_install command is deprecated setup.py egg_info --egg-base ../../build/step build --build-base /home/jet/IRC/IRC-STEP/IRC_vision_latest/build/step/build install --record /home/jet/IRC/IRC-STEP/IRC_vision_latest/build/step/install.log --single-version-externally-managed install_data
[1.570s] running egg_info
[1.571s] writing ../../build/step/step.egg-info/PKG-INFO
[1.571s] writing dependency_links to ../../build/step/step.egg-info/dependency_links.txt
[1.572s] writing entry points to ../../build/step/step.egg-info/entry_points.txt
[1.572s] writing requirements to ../../build/step/step.egg-info/requires.txt
[1.572s] writing top-level names to ../../build/step/step.egg-info/top_level.txt
[1.576s] reading manifest file '../../build/step/step.egg-info/SOURCES.txt'
[1.580s] writing manifest file '../../build/step/step.egg-info/SOURCES.txt'
[1.580s] running build
[1.580s] running build_py
[1.582s] copying step/line_navigation_planner.py -> /home/jet/IRC/IRC-STEP/IRC_vision_latest/build/step/build/lib/step
[1.583s] running install
[1.583s] running install_lib
[1.586s] copying /home/jet/IRC/IRC-STEP/IRC_vision_latest/build/step/build/lib/step/line_navigation_planner.py -> /home/jet/IRC/IRC-STEP/IRC_vision_latest/install/step/lib/python3.10/site-packages/step
[1.587s] byte-compiling /home/jet/IRC/IRC-STEP/IRC_vision_latest/install/step/lib/python3.10/site-packages/step/line_navigation_planner.py to line_navigation_planner.cpython-310.pyc
[1.592s] running install_data
[1.592s] running install_egg_info
[1.595s] removing '/home/jet/IRC/IRC-STEP/IRC_vision_latest/install/step/lib/python3.10/site-packages/step-0.0.0-py3.10.egg-info' (and everything under it)
[1.596s] Copying ../../build/step/step.egg-info to /home/jet/IRC/IRC-STEP/IRC_vision_latest/install/step/lib/python3.10/site-packages/step-0.0.0-py3.10.egg-info
[1.598s] running install_scripts
[1.633s] Installing ball_analyzer script to /home/jet/IRC/IRC-STEP/IRC_vision_latest/install/step/lib/step
[1.634s] Installing ball_navigation_controller script to /home/jet/IRC/IRC-STEP/IRC_vision_latest/install/step/lib/step
[1.634s] Installing goal_analyzer script to /home/jet/IRC/IRC-STEP/IRC_vision_latest/install/step/lib/step
[1.634s] Installing goal_navigation_controller script to /home/jet/IRC/IRC-STEP/IRC_vision_latest/install/step/lib/step
[1.635s] Installing hurdle_analyzer script to /home/jet/IRC/IRC-STEP/IRC_vision_latest/install/step/lib/step
[1.635s] Installing hurdle_navigation_controller script to /home/jet/IRC/IRC-STEP/IRC_vision_latest/install/step/lib/step
[1.635s] Installing imu_line_pose_estimator script to /home/jet/IRC/IRC-STEP/IRC_vision_latest/install/step/lib/step
[1.635s] Installing line_debug_monitor script to /home/jet/IRC/IRC-STEP/IRC_vision_latest/install/step/lib/step
[1.636s] Installing line_navigation_controller script to /home/jet/IRC/IRC-STEP/IRC_vision_latest/install/step/lib/step
[1.636s] Installing line_path_visualizer script to /home/jet/IRC/IRC-STEP/IRC_vision_latest/install/step/lib/step
[1.636s] Installing mission_map_visualizer script to /home/jet/IRC/IRC-STEP/IRC_vision_latest/install/step/lib/step
[1.636s] Installing mission_state_estimator script to /home/jet/IRC/IRC-STEP/IRC_vision_latest/install/step/lib/step
[1.637s] Installing rgbd_visual_odometry script to /home/jet/IRC/IRC-STEP/IRC_vision_latest/install/step/lib/step
[1.637s] Installing step_motion_pose_test script to /home/jet/IRC/IRC-STEP/IRC_vision_latest/install/step/lib/step
[1.637s] Installing unified_vision_node script to /home/jet/IRC/IRC-STEP/IRC_vision_latest/install/step/lib/step
[1.637s] Installing yolo26_detector script to /home/jet/IRC/IRC-STEP/IRC_vision_latest/install/step/lib/step
[1.638s] Installing yolo_line_analyzer script to /home/jet/IRC/IRC-STEP/IRC_vision_latest/install/step/lib/step
[1.639s] writing list of installed files to '/home/jet/IRC/IRC-STEP/IRC_vision_latest/build/step/install.log'
[1.701s] Invoked command in '/home/jet/IRC/IRC-STEP/IRC_vision_latest/src/step' returned '0': PYTHONPATH=/home/jet/IRC/IRC-STEP/IRC_vision_latest/build/step/prefix_override:/usr/lib/python3/dist-packages/colcon_core/task/python/colcon_distutils_commands:/home/jet/IRC/IRC-STEP/IRC_vision_latest/install/step/lib/python3.10/site-packages:${PYTHONPATH} /usr/bin/python3 -W ignore:setup.py install is deprecated -W ignore:easy_install command is deprecated setup.py egg_info --egg-base ../../build/step build --build-base /home/jet/IRC/IRC-STEP/IRC_vision_latest/build/step/build install --record /home/jet/IRC/IRC-STEP/IRC_vision_latest/build/step/install.log --single-version-externally-managed install_data
