[1.233s] Invoking command in '/home/jet/IRC/IRC-STEP/IRC_vision_latest/build/step': PYTHONPATH=/home/jet/IRC/IRC-STEP/IRC_vision_latest/build/step/prefix_override:/usr/lib/python3/dist-packages/colcon_core/task/python/colcon_distutils_commands:/home/jet/IRC/IRC-STEP/IRC_vision_latest/install/step/lib/python3.10/site-packages:${PYTHONPATH} /usr/bin/python3 -W ignore:setup.py install is deprecated -W ignore:easy_install command is deprecated setup.py develop --editable --build-directory /home/jet/IRC/IRC-STEP/IRC_vision_latest/build/step/build --no-deps symlink_data --force
[1.744s] running develop
[2.053s] running egg_info
[2.053s] writing step.egg-info/PKG-INFO
[2.054s] writing dependency_links to step.egg-info/dependency_links.txt
[2.054s] writing entry points to step.egg-info/entry_points.txt
[2.055s] writing requirements to step.egg-info/requires.txt
[2.055s] writing top-level names to step.egg-info/top_level.txt
[2.059s] reading manifest file 'step.egg-info/SOURCES.txt'
[2.062s] writing manifest file 'step.egg-info/SOURCES.txt'
[2.064s] running build_ext
[2.065s] Creating /home/jet/IRC/IRC-STEP/IRC_vision_latest/install/step/lib/python3.10/site-packages/step.egg-link (link to .)
[2.067s] Installing ball_analyzer script to /home/jet/IRC/IRC-STEP/IRC_vision_latest/install/step/lib/step
[2.067s] Installing ball_navigation_controller script to /home/jet/IRC/IRC-STEP/IRC_vision_latest/install/step/lib/step
[2.068s] Installing goal_analyzer script to /home/jet/IRC/IRC-STEP/IRC_vision_latest/install/step/lib/step
[2.068s] Installing goal_navigation_controller script to /home/jet/IRC/IRC-STEP/IRC_vision_latest/install/step/lib/step
[2.068s] Installing hurdle_analyzer script to /home/jet/IRC/IRC-STEP/IRC_vision_latest/install/step/lib/step
[2.069s] Installing hurdle_navigation_controller script to /home/jet/IRC/IRC-STEP/IRC_vision_latest/install/step/lib/step
[2.069s] Installing imu_line_pose_estimator script to /home/jet/IRC/IRC-STEP/IRC_vision_latest/install/step/lib/step
[2.069s] Installing line_debug_monitor script to /home/jet/IRC/IRC-STEP/IRC_vision_latest/install/step/lib/step
[2.070s] Installing line_navigation_controller script to /home/jet/IRC/IRC-STEP/IRC_vision_latest/install/step/lib/step
[2.070s] Installing line_path_visualizer script to /home/jet/IRC/IRC-STEP/IRC_vision_latest/install/step/lib/step
[2.070s] Installing mission_map_visualizer script to /home/jet/IRC/IRC-STEP/IRC_vision_latest/install/step/lib/step
[2.070s] Installing mission_state_estimator script to /home/jet/IRC/IRC-STEP/IRC_vision_latest/install/step/lib/step
[2.071s] Installing rgbd_visual_odometry script to /home/jet/IRC/IRC-STEP/IRC_vision_latest/install/step/lib/step
[2.071s] Installing step_motion_pose_test script to /home/jet/IRC/IRC-STEP/IRC_vision_latest/install/step/lib/step
[2.071s] Installing unified_vision_node script to /home/jet/IRC/IRC-STEP/IRC_vision_latest/install/step/lib/step
[2.072s] Installing yolo26_detector script to /home/jet/IRC/IRC-STEP/IRC_vision_latest/install/step/lib/step
[2.072s] Installing yolo_line_analyzer script to /home/jet/IRC/IRC-STEP/IRC_vision_latest/install/step/lib/step
[2.073s] 
[2.073s] Installed /home/jet/IRC/IRC-STEP/IRC_vision_latest/build/step
[2.073s] running symlink_data
[2.073s] symbolically linking /home/jet/IRC/IRC-STEP/IRC_vision_latest/build/step/resource/step -> /home/jet/IRC/IRC-STEP/IRC_vision_latest/install/step/share/ament_index/resource_index/packages
[2.074s] symbolically linking /home/jet/IRC/IRC-STEP/IRC_vision_latest/build/step/package.xml -> /home/jet/IRC/IRC-STEP/IRC_vision_latest/install/step/share/step
[2.074s] symbolically linking /home/jet/IRC/IRC-STEP/IRC_vision_latest/build/step/models/best.onnx -> /home/jet/IRC/IRC-STEP/IRC_vision_latest/install/step/share/step/models
[2.074s] symbolically linking /home/jet/IRC/IRC-STEP/IRC_vision_latest/build/step/models/best.engine -> /home/jet/IRC/IRC-STEP/IRC_vision_latest/install/step/share/step/models
[2.155s] Invoked command in '/home/jet/IRC/IRC-STEP/IRC_vision_latest/build/step' returned '0': PYTHONPATH=/home/jet/IRC/IRC-STEP/IRC_vision_latest/build/step/prefix_override:/usr/lib/python3/dist-packages/colcon_core/task/python/colcon_distutils_commands:/home/jet/IRC/IRC-STEP/IRC_vision_latest/install/step/lib/python3.10/site-packages:${PYTHONPATH} /usr/bin/python3 -W ignore:setup.py install is deprecated -W ignore:easy_install command is deprecated setup.py develop --editable --build-directory /home/jet/IRC/IRC-STEP/IRC_vision_latest/build/step/build --no-deps symlink_data --force
