[0.018s] Invoking command in '/home/jet/IRC/IRC-STEP/IRC_vision_latest/build/irc_step_motion_executor': CMAKE_PREFIX_PATH=/opt/ros/humble /usr/bin/cmake --build /home/jet/IRC/IRC-STEP/IRC_vision_latest/build/irc_step_motion_executor -- -j6 -l6
[0.101s] -- Found ament_cmake: 1.3.14 (/opt/ros/humble/share/ament_cmake/cmake)
[0.360s] -- Found ament_index_cpp: 1.4.1 (/opt/ros/humble/share/ament_index_cpp/cmake)
[0.370s] -- Found rclcpp: 16.0.19 (/opt/ros/humble/share/rclcpp/cmake)
[0.440s] -- Found rosidl_generator_c: 3.1.8 (/opt/ros/humble/share/rosidl_generator_c/cmake)
[0.446s] -- Found rosidl_adapter: 3.1.8 (/opt/ros/humble/share/rosidl_adapter/cmake)
[0.460s] -- Found rosidl_generator_cpp: 3.1.8 (/opt/ros/humble/share/rosidl_generator_cpp/cmake)
[0.481s] -- Using all available rosidl_typesupport_c: rosidl_typesupport_fastrtps_c;rosidl_typesupport_introspection_c
[0.505s] -- Using all available rosidl_typesupport_cpp: rosidl_typesupport_fastrtps_cpp;rosidl_typesupport_introspection_cpp
[0.567s] -- Found rmw_implementation_cmake: 6.1.2 (/opt/ros/humble/share/rmw_implementation_cmake/cmake)
[0.570s] -- Found rmw_fastrtps_cpp: 6.2.10 (/opt/ros/humble/share/rmw_fastrtps_cpp/cmake)
[0.734s] -- Using RMW implementation 'rmw_fastrtps_cpp' as default
[0.827s] -- Found yaml_cpp_vendor: 8.0.2 (/opt/ros/humble/share/yaml_cpp_vendor/cmake)
[0.829s] -- SDK inclusion enabled; no SDK backend is instantiated by this package
[0.949s] -- Found ament_cmake_gtest: 1.3.14 (/opt/ros/humble/share/ament_cmake_gtest/cmake)
[0.952s] -- Found gtest sources under '/opt/ros/humble/src/gtest_vendor': C++ tests using 'Google Test' will be built
[1.006s] -- Found launch_testing_ament_cmake: 1.0.14 (/opt/ros/humble/share/launch_testing_ament_cmake/cmake)
[1.007s] -- Found python_cmake_module: 0.10.0 (/opt/ros/humble/share/python_cmake_module/cmake)
[1.057s] -- Using PYTHON_EXECUTABLE: /usr/bin/python3
[1.058s] -- Using PYTHON_INCLUDE_DIRS: /usr/include/python3.10
[1.058s] -- Using PYTHON_LIBRARIES: /usr/lib/aarch64-linux-gnu/libpython3.10.so
[1.196s] -- Configuring done
[1.326s] -- Generating done
[1.354s] -- Build files have been written to: /home/jet/IRC/IRC-STEP/IRC_vision_latest/build/irc_step_motion_executor
[1.414s] [35m[1mConsolidate compiler generated dependencies of target robot_motion_runtime_config[0m
[1.414s] [35m[1mConsolidate compiler generated dependencies of target catalog_only_core[0m
[1.414s] [35m[1mConsolidate compiler generated dependencies of target gtest[0m
[1.414s] [35m[1mConsolidate compiler generated dependencies of target gtest_main[0m
[1.415s] [35m[1mConsolidate compiler generated dependencies of target motion_core[0m
[1.444s] [  8%] Built target gtest_main
[1.444s] [  8%] Built target catalog_only_core
[1.444s] [ 15%] Built target motion_core
[1.445s] [ 13%] Built target robot_motion_runtime_config
[1.445s] [ 18%] Built target gtest
[1.464s] [35m[1mConsolidate compiler generated dependencies of target motion_player_core[0m
[1.464s] [35m[1mConsolidate compiler generated dependencies of target test_robot_motion_runtime_config[0m
[1.465s] [35m[1mConsolidate compiler generated dependencies of target test_motion_json_catalog[0m
[1.465s] [35m[1mConsolidate compiler generated dependencies of target catalog_only_node[0m
[1.465s] [35m[1mConsolidate compiler generated dependencies of target sdk_executor_core[0m
[1.467s] [35m[1mConsolidate compiler generated dependencies of target test_catalog_only_core[0m
[1.477s] gmake[2]: Warning: File '/home/jet/IRC/IRC-STEP/IRC_vision_latest/src/irc_step_motion_executor/test/test_catalog_only_core.cpp' has modification time 31278 s in the future
[1.491s] [ 25%] Built target sdk_executor_core
[1.491s] [ 25%] Built target motion_player_core
[1.491s] [ 29%] Built target test_robot_motion_runtime_config
[1.491s] [ 31%] [32mBuilding CXX object CMakeFiles/test_catalog_only_core.dir/test/test_catalog_only_core.cpp.o[0m
[1.493s] [ 34%] Built target test_motion_json_catalog
[1.509s] [ 37%] Built target catalog_only_node
[1.510s] [35m[1mConsolidate compiler generated dependencies of target simulated_motion_backend[0m
[1.510s] [35m[1mConsolidate compiler generated dependencies of target test_robot_motion_parameter_types[0m
[1.514s] [35m[1mConsolidate compiler generated dependencies of target sdk_executor_driver[0m
[1.515s] [35m[1mConsolidate compiler generated dependencies of target robot_control[0m
[1.530s] [ 41%] Built target simulated_motion_backend
[1.532s] [35m[1mConsolidate compiler generated dependencies of target test_sdk_executor_core[0m
[1.536s] [ 44%] Built target sdk_executor_driver
[1.536s] [ 48%] Built target test_robot_motion_parameter_types
[1.541s] gmake[2]: Warning: File '/home/jet/IRC/IRC-STEP/IRC_vision_latest/src/irc_step_motion_executor/test/test_sdk_executor_core.cpp' has modification time 31226 s in the future
[1.552s] [35m[1mConsolidate compiler generated dependencies of target motion_backend_factory[0m
[1.552s] [35m[1mConsolidate compiler generated dependencies of target test_simulated_motion_backend[0m
[1.554s] [35m[1mConsolidate compiler generated dependencies of target test_sdk_executor_driver[0m
[1.556s] [ 50%] [32mBuilding CXX object robot_motion_sdk/CMakeFiles/robot_control.dir/step_dynamixel.cpp.o[0m
[1.563s] gmake[2]: Warning: File '/home/jet/IRC/IRC-STEP/IRC_vision_latest/src/irc_step_motion_executor/test/test_sdk_executor_driver.cpp' has modification time 31278 s in the future
[1.575s] [ 56%] Built target motion_backend_factory
[1.575s] [ 56%] Built target test_simulated_motion_backend
[1.577s] [ 58%] [32mBuilding CXX object CMakeFiles/test_sdk_executor_driver.dir/test/test_sdk_executor_driver.cpp.o[0m
[1.579s] [ 60%] [32mBuilding CXX object CMakeFiles/test_sdk_executor_core.dir/test/test_sdk_executor_core.cpp.o[0m
[1.595s] [35m[1mConsolidate compiler generated dependencies of target test_motion_backend_factory[0m
[1.621s] [ 63%] Built target test_motion_backend_factory
[4.309s] [ 65%] [32m[1mLinking CXX executable test_catalog_only_core[0m
[4.392s] [ 67%] [32m[1mLinking CXX executable test_sdk_executor_driver[0m
[4.602s] gmake[2]: warning:  Clock skew detected.  Your build may be incomplete.
[4.617s] [ 67%] Built target test_catalog_only_core
[4.688s] gmake[2]: warning:  Clock skew detected.  Your build may be incomplete.
[4.702s] [ 67%] Built target test_sdk_executor_driver
[4.818s] [ 68%] [32m[1mLinking CXX executable test_sdk_executor_core[0m
[5.102s] gmake[2]: warning:  Clock skew detected.  Your build may be incomplete.
[5.119s] [ 68%] Built target test_sdk_executor_core
[6.734s] [ 70%] [32m[1mLinking CXX static library librobot_control.a[0m
[6.845s] [ 75%] Built target robot_control
[6.864s] [35m[1mConsolidate compiler generated dependencies of target irc_step_motion_sdk_compile_probe[0m
[6.864s] [35m[1mConsolidate compiler generated dependencies of target robot_motion_player_backend[0m
[6.889s] [ 77%] [32m[1mLinking CXX shared library libirc_step_motion_sdk_compile_probe.so[0m
[6.891s] [ 81%] Built target robot_motion_player_backend
[6.912s] [35m[1mConsolidate compiler generated dependencies of target test_robot_motion_player_backend[0m
[6.912s] [35m[1mConsolidate compiler generated dependencies of target production_robot_motion_runtime_factory[0m
[6.939s] [ 86%] [32m[1mLinking CXX executable test_robot_motion_player_backend[0m
[6.940s] [ 86%] Built target production_robot_motion_runtime_factory
[6.957s] [ 87%] Built target irc_step_motion_sdk_compile_probe
[6.958s] [35m[1mConsolidate compiler generated dependencies of target sdk_hardware_preflight_core[0m
[6.959s] [35m[1mConsolidate compiler generated dependencies of target sdk_motion_executor[0m
[6.982s] [ 91%] Built target sdk_hardware_preflight_core
[6.993s] [ 93%] [32m[1mLinking CXX executable sdk_motion_executor[0m
[6.999s] [35m[1mConsolidate compiler generated dependencies of target sdk_hardware_preflight[0m
[7.022s] [ 94%] [32m[1mLinking CXX executable sdk_hardware_preflight[0m
[7.335s] [ 96%] Built target test_robot_motion_player_backend
[7.389s] [ 98%] Built target sdk_hardware_preflight
[8.147s] [100%] Built target sdk_motion_executor
[8.172s] Invoked command in '/home/jet/IRC/IRC-STEP/IRC_vision_latest/build/irc_step_motion_executor' returned '0': CMAKE_PREFIX_PATH=/opt/ros/humble /usr/bin/cmake --build /home/jet/IRC/IRC-STEP/IRC_vision_latest/build/irc_step_motion_executor -- -j6 -l6
[8.193s] Invoking command in '/home/jet/IRC/IRC-STEP/IRC_vision_latest/build/irc_step_motion_executor': CMAKE_PREFIX_PATH=/opt/ros/humble /usr/bin/cmake --install /home/jet/IRC/IRC-STEP/IRC_vision_latest/build/irc_step_motion_executor
[8.209s] -- Install configuration: ""
[8.209s] -- Up-to-date: /home/jet/IRC/IRC-STEP/IRC_vision_latest/install/irc_step_motion_executor/lib/librobot_motion_player_backend.a
[8.209s] -- Up-to-date: /home/jet/IRC/IRC-STEP/IRC_vision_latest/install/irc_step_motion_executor/lib/libproduction_robot_motion_runtime_factory.a
[8.209s] -- Up-to-date: /home/jet/IRC/IRC-STEP/IRC_vision_latest/install/irc_step_motion_executor/lib/libsdk_hardware_preflight_core.a
[8.210s] -- Installing: /home/jet/IRC/IRC-STEP/IRC_vision_latest/install/irc_step_motion_executor/lib/irc_step_motion_executor/sdk_hardware_preflight
[8.213s] -- Set runtime path of "/home/jet/IRC/IRC-STEP/IRC_vision_latest/install/irc_step_motion_executor/lib/irc_step_motion_executor/sdk_hardware_preflight" to ""
[8.213s] -- Up-to-date: /home/jet/IRC/IRC-STEP/IRC_vision_latest/install/irc_step_motion_executor/lib/libcatalog_only_core.a
[8.214s] -- Up-to-date: /home/jet/IRC/IRC-STEP/IRC_vision_latest/install/irc_step_motion_executor/lib/libsdk_executor_core.a
[8.214s] -- Up-to-date: /home/jet/IRC/IRC-STEP/IRC_vision_latest/install/irc_step_motion_executor/lib/libsimulated_motion_backend.a
[8.214s] -- Up-to-date: /home/jet/IRC/IRC-STEP/IRC_vision_latest/install/irc_step_motion_executor/lib/librobot_motion_runtime_config.a
[8.214s] -- Up-to-date: /home/jet/IRC/IRC-STEP/IRC_vision_latest/install/irc_step_motion_executor/lib/libmotion_backend_factory.a
[8.214s] -- Up-to-date: /home/jet/IRC/IRC-STEP/IRC_vision_latest/install/irc_step_motion_executor/lib/libsdk_executor_driver.a
[8.214s] -- Up-to-date: /home/jet/IRC/IRC-STEP/IRC_vision_latest/install/irc_step_motion_executor/lib/irc_step_motion_executor/catalog_only_node
[8.216s] -- Installing: /home/jet/IRC/IRC-STEP/IRC_vision_latest/install/irc_step_motion_executor/lib/irc_step_motion_executor/sdk_motion_executor
[8.228s] -- Set runtime path of "/home/jet/IRC/IRC-STEP/IRC_vision_latest/install/irc_step_motion_executor/lib/irc_step_motion_executor/sdk_motion_executor" to ""
[8.228s] -- Up-to-date: /home/jet/IRC/IRC-STEP/IRC_vision_latest/install/irc_step_motion_executor/include
[8.228s] -- Up-to-date: /home/jet/IRC/IRC-STEP/IRC_vision_latest/install/irc_step_motion_executor/include/irc_step_motion_executor
[8.228s] -- Installing: /home/jet/IRC/IRC-STEP/IRC_vision_latest/install/irc_step_motion_executor/include/irc_step_motion_executor/sdk_executor_core.hpp
[8.229s] -- Installing: /home/jet/IRC/IRC-STEP/IRC_vision_latest/install/irc_step_motion_executor/include/irc_step_motion_executor/robot_motion_player_backend.hpp
[8.229s] -- Installing: /home/jet/IRC/IRC-STEP/IRC_vision_latest/install/irc_step_motion_executor/include/irc_step_motion_executor/sdk_executor_driver.hpp
[8.229s] -- Installing: /home/jet/IRC/IRC-STEP/IRC_vision_latest/install/irc_step_motion_executor/include/irc_step_motion_executor/simulated_motion_backend.hpp
[8.229s] -- Installing: /home/jet/IRC/IRC-STEP/IRC_vision_latest/install/irc_step_motion_executor/include/irc_step_motion_executor/robot_motion_runtime_config.hpp
[8.230s] -- Installing: /home/jet/IRC/IRC-STEP/IRC_vision_latest/install/irc_step_motion_executor/include/irc_step_motion_executor/robot_motion_runtime_factory.hpp
[8.230s] -- Installing: /home/jet/IRC/IRC-STEP/IRC_vision_latest/install/irc_step_motion_executor/include/irc_step_motion_executor/sdk_hardware_preflight_core.hpp
[8.230s] -- Installing: /home/jet/IRC/IRC-STEP/IRC_vision_latest/install/irc_step_motion_executor/include/irc_step_motion_executor/motion_backend.hpp
[8.230s] -- Installing: /home/jet/IRC/IRC-STEP/IRC_vision_latest/install/irc_step_motion_executor/include/irc_step_motion_executor/catalog_only_core.hpp
[8.231s] -- Installing: /home/jet/IRC/IRC-STEP/IRC_vision_latest/install/irc_step_motion_executor/include/irc_step_motion_executor/motion_backend_factory.hpp
[8.231s] -- Up-to-date: /home/jet/IRC/IRC-STEP/IRC_vision_latest/install/irc_step_motion_executor/share/irc_step_motion_executor/config
[8.231s] -- Installing: /home/jet/IRC/IRC-STEP/IRC_vision_latest/install/irc_step_motion_executor/share/irc_step_motion_executor/config/motion_aliases.yaml
[8.231s] -- Up-to-date: /home/jet/IRC/IRC-STEP/IRC_vision_latest/install/irc_step_motion_executor/share/irc_step_motion_executor/launch
[8.232s] -- Installing: /home/jet/IRC/IRC-STEP/IRC_vision_latest/install/irc_step_motion_executor/share/irc_step_motion_executor/launch/sdk_executor_simulated.launch.py
[8.232s] -- Installing: /home/jet/IRC/IRC-STEP/IRC_vision_latest/install/irc_step_motion_executor/share/irc_step_motion_executor/launch/sdk_motion_test.launch.py
[8.232s] -- Installing: /home/jet/IRC/IRC-STEP/IRC_vision_latest/install/irc_step_motion_executor/share/irc_step_motion_executor/launch/catalog_only.launch.py
[8.232s] -- Installing: /home/jet/IRC/IRC-STEP/IRC_vision_latest/install/irc_step_motion_executor/lib/irc_step_motion_executor/manual_motion_request.py
[8.232s] -- Installing: /home/jet/IRC/IRC-STEP/IRC_vision_latest/install/irc_step_motion_executor/lib/irc_step_motion_executor/validate_motion_catalog.py
[8.233s] -- Up-to-date: /home/jet/IRC/IRC-STEP/IRC_vision_latest/install/irc_step_motion_executor/share/irc_step_motion_executor/environment/library_path.sh
[8.233s] -- Installing: /home/jet/IRC/IRC-STEP/IRC_vision_latest/install/irc_step_motion_executor/share/irc_step_motion_executor/environment/library_path.dsv
[8.233s] -- Installing: /home/jet/IRC/IRC-STEP/IRC_vision_latest/install/irc_step_motion_executor/share/ament_index/resource_index/package_run_dependencies/irc_step_motion_executor
[8.234s] -- Installing: /home/jet/IRC/IRC-STEP/IRC_vision_latest/install/irc_step_motion_executor/share/ament_index/resource_index/parent_prefix_path/irc_step_motion_executor
[8.234s] -- Up-to-date: /home/jet/IRC/IRC-STEP/IRC_vision_latest/install/irc_step_motion_executor/share/irc_step_motion_executor/environment/ament_prefix_path.sh
[8.234s] -- Installing: /home/jet/IRC/IRC-STEP/IRC_vision_latest/install/irc_step_motion_executor/share/irc_step_motion_executor/environment/ament_prefix_path.dsv
[8.235s] -- Up-to-date: /home/jet/IRC/IRC-STEP/IRC_vision_latest/install/irc_step_motion_executor/share/irc_step_motion_executor/environment/path.sh
[8.235s] -- Installing: /home/jet/IRC/IRC-STEP/IRC_vision_latest/install/irc_step_motion_executor/share/irc_step_motion_executor/environment/path.dsv
[8.235s] -- Up-to-date: /home/jet/IRC/IRC-STEP/IRC_vision_latest/install/irc_step_motion_executor/share/irc_step_motion_executor/local_setup.bash
[8.235s] -- Up-to-date: /home/jet/IRC/IRC-STEP/IRC_vision_latest/install/irc_step_motion_executor/share/irc_step_motion_executor/local_setup.sh
[8.235s] -- Up-to-date: /home/jet/IRC/IRC-STEP/IRC_vision_latest/install/irc_step_motion_executor/share/irc_step_motion_executor/local_setup.zsh
[8.236s] -- Installing: /home/jet/IRC/IRC-STEP/IRC_vision_latest/install/irc_step_motion_executor/share/irc_step_motion_executor/local_setup.dsv
[8.236s] -- Installing: /home/jet/IRC/IRC-STEP/IRC_vision_latest/install/irc_step_motion_executor/share/irc_step_motion_executor/package.dsv
[8.236s] -- Up-to-date: /home/jet/IRC/IRC-STEP/IRC_vision_latest/install/irc_step_motion_executor/share/ament_index/resource_index/packages/irc_step_motion_executor
[8.236s] -- Up-to-date: /home/jet/IRC/IRC-STEP/IRC_vision_latest/install/irc_step_motion_executor/share/irc_step_motion_executor/cmake/ament_cmake_export_include_directories-extras.cmake
[8.237s] -- Up-to-date: /home/jet/IRC/IRC-STEP/IRC_vision_latest/install/irc_step_motion_executor/share/irc_step_motion_executor/cmake/ament_cmake_export_libraries-extras.cmake
[8.237s] -- Up-to-date: /home/jet/IRC/IRC-STEP/IRC_vision_latest/install/irc_step_motion_executor/share/irc_step_motion_executor/cmake/irc_step_motion_executorConfig.cmake
[8.237s] -- Up-to-date: /home/jet/IRC/IRC-STEP/IRC_vision_latest/install/irc_step_motion_executor/share/irc_step_motion_executor/cmake/irc_step_motion_executorConfig-version.cmake
[8.237s] -- Installing: /home/jet/IRC/IRC-STEP/IRC_vision_latest/install/irc_step_motion_executor/share/irc_step_motion_executor/package.xml
[8.241s] Invoked command in '/home/jet/IRC/IRC-STEP/IRC_vision_latest/build/irc_step_motion_executor' returned '0': CMAKE_PREFIX_PATH=/opt/ros/humble /usr/bin/cmake --install /home/jet/IRC/IRC-STEP/IRC_vision_latest/build/irc_step_motion_executor
